{"synthetic": false,
 "schemaVersion": "2025-09-10",
 "outputs":
 {"o": ["9e72d8fda70afad9.olean"],
  "m": false,
  "i": "32831368cef57ceb.ilean",
  "c": "672487c63b753bfc.c"},
 "log":
 [{"message":
   ".> LEAN_PATH=/home/n/Documents/github/verified_mul_dcv/.lake/packages/Cli/.lake/build/lib/lean:/home/n/Documents/github/verified_mul_dcv/.lake/packages/batteries/.lake/build/lib/lean:/home/n/Documents/github/verified_mul_dcv/.lake/packages/Qq/.lake/build/lib/lean:/home/n/Documents/github/verified_mul_dcv/.lake/packages/aesop/.lake/build/lib/lean:/home/n/Documents/github/verified_mul_dcv/.lake/packages/proofwidgets/.lake/build/lib/lean:/home/n/Documents/github/verified_mul_dcv/.lake/packages/importGraph/.lake/build/lib/lean:/home/n/Documents/github/verified_mul_dcv/.lake/packages/LeanSearchClient/.lake/build/lib/lean:/home/n/Documents/github/verified_mul_dcv/.lake/packages/plausible/.lake/build/lib/lean:/home/n/Documents/github/verified_mul_dcv/.lake/packages/mathlib/.lake/build/lib/lean:/home/n/Documents/github/verified_mul_dcv/.lake/packages/cslib/.lake/build/lib/lean:/home/n/Documents/github/verified_mul_dcv/.lake/build/lib/lean /home/n/.elan/toolchains/leanprover--lean4---v4.30.0-rc2/bin/lean /home/n/Documents/github/verified_mul_dcv/fast_verified_mul/goldschmidt.lean -o /home/n/Documents/github/verified_mul_dcv/.lake/build/lib/lean/fast_verified_mul/goldschmidt.olean -i /home/n/Documents/github/verified_mul_dcv/.lake/build/lib/lean/fast_verified_mul/goldschmidt.ilean -c /home/n/Documents/github/verified_mul_dcv/.lake/build/ir/fast_verified_mul/goldschmidt.c --setup /home/n/Documents/github/verified_mul_dcv/.lake/build/ir/fast_verified_mul/goldschmidt.setup.json --json",
   "level": "trace"},
  {"message":
   "fast_verified_mul/goldschmidt.lean:4:0: Unscoped option maxHeartbeats is not allowed:\nPlease scope this to individual declarations, as in\n```\nset_option maxHeartbeats in\n-- comment explaining why this is necessary\nexample : ... := ...\n```\n\nNote: This linter can be disabled with `set_option linter.style.setOption false`",
   "level": "warning"},
  {"message":
   "fast_verified_mul/goldschmidt.lean:57:2: Try this:\n  [apply] exact List.range_eq_range'",
   "level": "info"},
  {"message":
   "fast_verified_mul/goldschmidt.lean:51:2: The `induction'` tactic is discouraged: please strongly consider using `induction` instead.\n\nNote: This linter can be disabled with `set_option linter.style.induction false`",
   "level": "warning"},
  {"message":
   "fast_verified_mul/goldschmidt.lean:51:47: 'simp_all +decide [ List.range_succ ]' is a flexible tactic modifying '⊢'. Try 'simp_all?' and use the suggested 'simp_all only [...]'. Alternatively, use `suffices` to explicitly state the simplified form.\n\nNote: This linter can be disabled with `set_option linter.flexible false`",
   "level": "warning"},
  {"message":
   "fast_verified_mul/goldschmidt.lean:51:47: Try this:\n  [apply] simp_all +decide only [Std.Legacy.Range.forIn_eq_forIn_range', Std.Legacy.Range.size, tsub_zero,\n    add_tsub_cancel_right, Nat.div_one]",
   "level": "info"},
  {"message":
   "fast_verified_mul/goldschmidt.lean:55:2: 'convert congr_arg (fun l => forIn l init f) h_range' using 1' uses '⊢'!",
   "level": "info"},
  {"message":
   "fast_verified_mul/goldschmidt.lean:51:47: 'simp_all +decide [ List.range_succ ]' is a flexible tactic modifying '⊢'. Try 'simp_all?' and use the suggested 'simp_all only [...]'. Alternatively, use `suffices` to explicitly state the simplified form.\n\nNote: This linter can be disabled with `set_option linter.flexible false`",
   "level": "warning"},
  {"message":
   "fast_verified_mul/goldschmidt.lean:51:47: Try this:\n  [apply] simp_all +decide only [Std.Legacy.Range.forIn_eq_forIn_range', Std.Legacy.Range.size, tsub_zero,\n    add_tsub_cancel_right, Nat.div_one]",
   "level": "info"},
  {"message": "fast_verified_mul/goldschmidt.lean:56:2: 'congr! 2' uses '⊢'!",
   "level": "info"},
  {"message":
   "fast_verified_mul/goldschmidt.lean:51:47: 'simp_all +decide [ List.range_succ ]' is a flexible tactic modifying '⊢'. Try 'simp_all?' and use the suggested 'simp_all only [...]'. Alternatively, use `suffices` to explicitly state the simplified form.\n\nNote: This linter can be disabled with `set_option linter.flexible false`",
   "level": "warning"},
  {"message":
   "fast_verified_mul/goldschmidt.lean:51:47: Try this:\n  [apply] simp_all +decide only [Std.Legacy.Range.forIn_eq_forIn_range', Std.Legacy.Range.size, tsub_zero,\n    add_tsub_cancel_right, Nat.div_one]",
   "level": "info"},
  {"message": "fast_verified_mul/goldschmidt.lean:57:2: 'exact?' uses '⊢'!",
   "level": "info"},
  {"message":
   "fast_verified_mul/goldschmidt.lean:64:37: This simp argument is unused:\n  List.range_succ\n\nHint: Omit it from the simp argument list.\n  simp_all +decide ̵[̵ ̵L̵i̵s̵t̵.̵r̵a̵n̵g̵e̵_̵s̵u̵c̵c̵ ̵]̵\n\nNote: This linter can be disabled with `set_option linter.unusedSimpArgs false`",
   "level": "warning"},
  {"message":
   "fast_verified_mul/goldschmidt.lean:64:18: 'simp_all +decide [ List.range_succ ]' is a flexible tactic modifying '⊢'. Try 'simp_all?' and use the suggested 'simp_all only [...]'. Alternatively, use `suffices` to explicitly state the simplified form.\n\nNote: This linter can be disabled with `set_option linter.flexible false`",
   "level": "warning"},
  {"message":
   "fast_verified_mul/goldschmidt.lean:64:18: Try this:\n  [apply] simp_all +decide only [bind_pure_comp, map_pure, Std.Legacy.Range.forIn_eq_forIn_range',\n    Std.Legacy.Range.size, tsub_zero, add_tsub_cancel_right, Nat.div_one, List.forIn_pure_yield_eq_foldl, Id.run_pure]",
   "level": "info"},
  {"message":
   "fast_verified_mul/goldschmidt.lean:68:4: 'rename_i k hk' uses '⊢'!",
   "level": "info"},
  {"message":
   "fast_verified_mul/goldschmidt.lean:64:18: 'simp_all +decide [ List.range_succ ]' is a flexible tactic modifying '⊢'. Try 'simp_all?' and use the suggested 'simp_all only [...]'. Alternatively, use `suffices` to explicitly state the simplified form.\n\nNote: This linter can be disabled with `set_option linter.flexible false`",
   "level": "warning"},
  {"message":
   "fast_verified_mul/goldschmidt.lean:64:18: Try this:\n  [apply] simp_all +decide only [bind_pure_comp, map_pure, Std.Legacy.Range.forIn_eq_forIn_range',\n    Std.Legacy.Range.size, tsub_zero, add_tsub_cancel_right, Nat.div_one, List.forIn_pure_yield_eq_foldl, Id.run_pure]",
   "level": "info"},
  {"message":
   "fast_verified_mul/goldschmidt.lean:70:4: 'exact Nat.recOn k rfl fun n ih => by rw [List.range'_concat]; simp +decide [ih, gsStep];' uses '⊢'!",
   "level": "info"},
  {"message":
   "fast_verified_mul/goldschmidt.lean:78:2: The `induction'` tactic is discouraged: please strongly consider using `induction` instead.\n\nNote: This linter can be disabled with `set_option linter.style.induction false`",
   "level": "warning"},
  {"message":
   "fast_verified_mul/goldschmidt.lean:78:48: 'simp +decide [ *, gsStep ]' is a flexible tactic modifying '⊢'. Try 'simp?' and use the suggested 'simp only [...]'. Alternatively, use `suffices` to explicitly state the simplified form.\n\nNote: This linter can be disabled with `set_option linter.flexible false`",
   "level": "warning"},
  {"message":
   "fast_verified_mul/goldschmidt.lean:79:2: 'rw [ih N₁ N₂]' uses '⊢'!",
   "level": "info"},
  {"message":
   "fast_verified_mul/goldschmidt.lean:86:8: Try this:\n  [apply] exact Real.ext_cauchy rfl",
   "level": "info"},
  {"message":
   "fast_verified_mul/goldschmidt.lean:92:2: The `induction'` tactic is discouraged: please strongly consider using `induction` instead.\n\nNote: This linter can be disabled with `set_option linter.style.induction false`",
   "level": "warning"},
  {"message":
   "fast_verified_mul/goldschmidt.lean:105:80: Try this:\n  [apply] exact Real.ext_cauchy rfl",
   "level": "info"},
  {"message":
   "fast_verified_mul/goldschmidt.lean:105:168: Try this:\n  [apply] exact Real.ext_cauchy rfl",
   "level": "info"},
  {"message":
   "fast_verified_mul/goldschmidt.lean:103:4: The `induction'` tactic is discouraged: please strongly consider using `induction` instead.\n\nNote: This linter can be disabled with `set_option linter.style.induction false`",
   "level": "warning"},
  {"message":
   "fast_verified_mul/goldschmidt.lean:104:100: This line exceeds the 100 character limit, please shorten it!\n\nNote: This linter can be disabled with `set_option linter.style.longLine false`",
   "level": "warning"},
  {"message":
   "fast_verified_mul/goldschmidt.lean:105:100: This line exceeds the 100 character limit, please shorten it!\n\nNote: This linter can be disabled with `set_option linter.style.longLine false`",
   "level": "warning"},
  {"message":
   "fast_verified_mul/goldschmidt.lean:113:4: Try this:\n  [apply] exact Eq.symm (div_mul_cancel₀ N hD)",
   "level": "info"},
  {"message":
   "fast_verified_mul/goldschmidt.lean:116:6: Try this:\n  [apply] exact Prod.mk_inj.mp rfl",
   "level": "info"},
  {"message":
   "fast_verified_mul/goldschmidt.lean:112:2: The `induction'` tactic is discouraged: please strongly consider using `induction` instead.\n\nNote: This linter can be disabled with `set_option linter.style.induction false`",
   "level": "warning"},
  {"message":
   "fast_verified_mul/goldschmidt.lean:115:100: This line exceeds the 100 character limit, please shorten it!\n\nNote: This linter can be disabled with `set_option linter.style.longLine false`",
   "level": "warning"},
  {"message":
   "fast_verified_mul/goldschmidt.lean:141:100: This line exceeds the 100 character limit, please shorten it!\n\nNote: This linter can be disabled with `set_option linter.style.longLine false`",
   "level": "warning"}],
 "inputs":
 [["fast_verified_mul.goldschmidt:deps",
   [["deps",
     [["fast_verified_mul/fast_verified_mul:extraDep",
       [["@fast_verified_mul:extraDep", "00000000000006bb"]]],
      ["imports",
       [["Mathlib transitive imports (legacy)", "abc115b3312ed7dd"],
        ["Mathlib:importAllArts", "ae402e6d874ae9a0"]]]]],
    ["libs",
     [["import dynlibs", "00000000000006bb"],
      ["package external libraries", "00000000000006bb"],
      ["module dynlibs", "00000000000006bb"],
      ["module plugins", "00000000000006bb"]]]]],
  ["Lean 4.30.0, commit 3dc1a088b6d2d8eafe25a7cd7ec7b58d731bd7cc",
   "2c8d2623007dfc36"],
  ["/home/n/Documents/github/verified_mul_dcv/fast_verified_mul/goldschmidt.lean",
   "9372436d35a62943"],
  ["options",
   [["-DmaxSynthPendingDepth=3", "c78e353d34de85d4"],
    ["-Dweak.linter.mathlibStandardSet=true", "8a155799906f2b42"],
    ["-DrelaxedAutoImplicit=false", "74a2b5546b55be80"],
    ["-Dpp.unicode.fun=true", "9b94070140457fab"]]],
  ["isModule: false", "feefd2a0d3a1847e"],
  ["Module.name: fast_verified_mul.goldschmidt", "5e7a96b2fd6db972"],
  ["Package.id?: (some fast_verified_mul)", "69bf6ad753670a8e"],
  ["Module.leanArgs: #[]", "00000000000006bb"]],
 "depHash": "46c63bb3725b98c9"}