{"synthetic": false,
 "schemaVersion": "2025-09-10",
 "outputs":
 {"o": ["52de86608ada7a96.olean"],
  "m": false,
  "i": "c9e36cd08ea1304c.ilean",
  "c": "1cbff1415b3cbf61.c"},
 "log":
 [{"message":
   ".> LEAN_PATH=/home/n/Documents/github/verified_mul_dcv/.lake/packages/Cli/.lake/build/lib/lean:/home/n/Documents/github/verified_mul_dcv/.lake/packages/batteries/.lake/build/lib/lean:/home/n/Documents/github/verified_mul_dcv/.lake/packages/Qq/.lake/build/lib/lean:/home/n/Documents/github/verified_mul_dcv/.lake/packages/aesop/.lake/build/lib/lean:/home/n/Documents/github/verified_mul_dcv/.lake/packages/proofwidgets/.lake/build/lib/lean:/home/n/Documents/github/verified_mul_dcv/.lake/packages/importGraph/.lake/build/lib/lean:/home/n/Documents/github/verified_mul_dcv/.lake/packages/LeanSearchClient/.lake/build/lib/lean:/home/n/Documents/github/verified_mul_dcv/.lake/packages/plausible/.lake/build/lib/lean:/home/n/Documents/github/verified_mul_dcv/.lake/packages/mathlib/.lake/build/lib/lean:/home/n/Documents/github/verified_mul_dcv/.lake/packages/cslib/.lake/build/lib/lean:/home/n/Documents/github/verified_mul_dcv/.lake/build/lib/lean /home/n/.elan/toolchains/leanprover--lean4---v4.30.0-rc2/bin/lean /home/n/Documents/github/verified_mul_dcv/fast_verified_mul/karatsuba_general.lean -o /home/n/Documents/github/verified_mul_dcv/.lake/build/lib/lean/fast_verified_mul/karatsuba_general.olean -i /home/n/Documents/github/verified_mul_dcv/.lake/build/lib/lean/fast_verified_mul/karatsuba_general.ilean -c /home/n/Documents/github/verified_mul_dcv/.lake/build/ir/fast_verified_mul/karatsuba_general.c --setup /home/n/Documents/github/verified_mul_dcv/.lake/build/ir/fast_verified_mul/karatsuba_general.setup.json --json",
   "level": "trace"},
  {"message":
   "fast_verified_mul/karatsuba_general.lean:4:0: Unscoped option maxHeartbeats is not allowed:\nPlease scope this to individual declarations, as in\n```\nset_option maxHeartbeats in\n-- comment explaining why this is necessary\nexample : ... := ...\n```\n\nNote: This linter can be disabled with `set_option linter.style.setOption false`",
   "level": "warning"},
  {"message":
   "fast_verified_mul/karatsuba_general.lean:14:11: `Nat.digits_len` has been deprecated: Use `Nat.length_digits` instead",
   "level": "warning"},
  {"message":
   "fast_verified_mul/karatsuba_general.lean:23:100: This line exceeds the 100 character limit, please shorten it!\n\nNote: This linter can be disabled with `set_option linter.style.longLine false`",
   "level": "warning"},
  {"message":
   "fast_verified_mul/karatsuba_general.lean:29:100: This line exceeds the 100 character limit, please shorten it!\n\nNote: This linter can be disabled with `set_option linter.style.longLine false`",
   "level": "warning"},
  {"message":
   "fast_verified_mul/karatsuba_general.lean:35:100: This line exceeds the 100 character limit, please shorten it!\n\nNote: This linter can be disabled with `set_option linter.style.longLine false`",
   "level": "warning"},
  {"message":
   "fast_verified_mul/karatsuba_general.lean:97:2: The `induction'` tactic is discouraged: please strongly consider using `induction` instead.\n\nNote: This linter can be disabled with `set_option linter.style.induction false`",
   "level": "warning"},
  {"message":
   "fast_verified_mul/karatsuba_general.lean:101:100: This line exceeds the 100 character limit, please shorten it!\n\nNote: This linter can be disabled with `set_option linter.style.longLine false`",
   "level": "warning"}],
 "inputs":
 [["fast_verified_mul.karatsuba_general:deps",
   [["deps",
     [["fast_verified_mul/fast_verified_mul:extraDep",
       [["@fast_verified_mul:extraDep", "00000000000006bb"]]],
      ["imports",
       [["Mathlib transitive imports (legacy)", "abc115b3312ed7dd"],
        ["Mathlib:importAllArts", "ae402e6d874ae9a0"]]]]],
    ["libs",
     [["import dynlibs", "00000000000006bb"],
      ["package external libraries", "00000000000006bb"],
      ["module dynlibs", "00000000000006bb"],
      ["module plugins", "00000000000006bb"]]]]],
  ["Lean 4.30.0, commit 3dc1a088b6d2d8eafe25a7cd7ec7b58d731bd7cc",
   "2c8d2623007dfc36"],
  ["/home/n/Documents/github/verified_mul_dcv/fast_verified_mul/karatsuba_general.lean",
   "4079dd83163df7f2"],
  ["options",
   [["-DmaxSynthPendingDepth=3", "c78e353d34de85d4"],
    ["-Dweak.linter.mathlibStandardSet=true", "8a155799906f2b42"],
    ["-DrelaxedAutoImplicit=false", "74a2b5546b55be80"],
    ["-Dpp.unicode.fun=true", "9b94070140457fab"]]],
  ["isModule: false", "feefd2a0d3a1847e"],
  ["Module.name: fast_verified_mul.karatsuba_general", "5ba116ded189496e"],
  ["Package.id?: (some fast_verified_mul)", "69bf6ad753670a8e"],
  ["Module.leanArgs: #[]", "00000000000006bb"]],
 "depHash": "20c1ea9c8aad7529"}