{"synthetic": false,
 "schemaVersion": "2025-09-10",
 "outputs":
 {"o": ["50e264ad13e22b85.olean"],
  "m": false,
  "i": "ca41d6623d0ca772.ilean",
  "c": "a8703ba2a4b8f592.c"},
 "log":
 [{"message":
   ".> LEAN_PATH=/home/n/Documents/github/verified_mul_dcv/.lake/packages/Cli/.lake/build/lib/lean:/home/n/Documents/github/verified_mul_dcv/.lake/packages/batteries/.lake/build/lib/lean:/home/n/Documents/github/verified_mul_dcv/.lake/packages/Qq/.lake/build/lib/lean:/home/n/Documents/github/verified_mul_dcv/.lake/packages/aesop/.lake/build/lib/lean:/home/n/Documents/github/verified_mul_dcv/.lake/packages/proofwidgets/.lake/build/lib/lean:/home/n/Documents/github/verified_mul_dcv/.lake/packages/importGraph/.lake/build/lib/lean:/home/n/Documents/github/verified_mul_dcv/.lake/packages/LeanSearchClient/.lake/build/lib/lean:/home/n/Documents/github/verified_mul_dcv/.lake/packages/plausible/.lake/build/lib/lean:/home/n/Documents/github/verified_mul_dcv/.lake/packages/mathlib/.lake/build/lib/lean:/home/n/Documents/github/verified_mul_dcv/.lake/packages/cslib/.lake/build/lib/lean:/home/n/Documents/github/verified_mul_dcv/.lake/build/lib/lean /home/n/.elan/toolchains/leanprover--lean4---v4.30.0-rc2/bin/lean /home/n/Documents/github/verified_mul_dcv/fast_verified_mul/karatsuba.lean -o /home/n/Documents/github/verified_mul_dcv/.lake/build/lib/lean/fast_verified_mul/karatsuba.olean -i /home/n/Documents/github/verified_mul_dcv/.lake/build/lib/lean/fast_verified_mul/karatsuba.ilean -c /home/n/Documents/github/verified_mul_dcv/.lake/build/ir/fast_verified_mul/karatsuba.c --setup /home/n/Documents/github/verified_mul_dcv/.lake/build/ir/fast_verified_mul/karatsuba.setup.json --json",
   "level": "trace"},
  {"message":
   "fast_verified_mul/karatsuba.lean:4:0: Unscoped option maxHeartbeats is not allowed:\nPlease scope this to individual declarations, as in\n```\nset_option maxHeartbeats in\n-- comment explaining why this is necessary\nexample : ... := ...\n```\n\nNote: This linter can be disabled with `set_option linter.style.setOption false`",
   "level": "warning"},
  {"message":
   "fast_verified_mul/karatsuba.lean:19:100: This line exceeds the 100 character limit, please shorten it!\n\nNote: This linter can be disabled with `set_option linter.style.longLine false`",
   "level": "warning"},
  {"message":
   "fast_verified_mul/karatsuba.lean:20:100: This line exceeds the 100 character limit, please shorten it!\n\nNote: This linter can be disabled with `set_option linter.style.longLine false`",
   "level": "warning"},
  {"message":
   "fast_verified_mul/karatsuba.lean:32:100: This line exceeds the 100 character limit, please shorten it!\n\nNote: This linter can be disabled with `set_option linter.style.longLine false`",
   "level": "warning"},
  {"message":
   "fast_verified_mul/karatsuba.lean:45:78: 'simp_all +decide [ Nat.div_eq_of_lt ]' is a flexible tactic modifying '⊢'. Try 'simp_all?' and use the suggested 'simp_all only [...]'. Alternatively, use `suffices` to explicitly state the simplified form.\n\nNote: This linter can be disabled with `set_option linter.flexible false`",
   "level": "warning"},
  {"message":
   "fast_verified_mul/karatsuba.lean:45:78: Try this:\n  [apply] simp_all +decide only [lt_sup_iff, sup_lt_iff]",
   "level": "info"},
  {"message":
   "fast_verified_mul/karatsuba.lean:47:4: 'exact\n  Or.inl\n    (by rw [Nat.mod_eq_of_lt hy];\n      exact lt_of_lt_of_le hy (Nat.le_of_not_lt fun h => by have := Nat.div_eq_of_lt h; aesop))' uses '⊢'!",
   "level": "info"},
  {"message":
   "fast_verified_mul/karatsuba.lean:45:78: 'simp_all +decide [ Nat.div_eq_of_lt ]' is a flexible tactic modifying '⊢'. Try 'simp_all?' and use the suggested 'simp_all only [...]'. Alternatively, use `suffices` to explicitly state the simplified form.\n\nNote: This linter can be disabled with `set_option linter.flexible false`",
   "level": "warning"},
  {"message":
   "fast_verified_mul/karatsuba.lean:45:78: Try this:\n  [apply] simp_all +decide only [lt_sup_iff, sup_lt_iff]",
   "level": "info"},
  {"message":
   "fast_verified_mul/karatsuba.lean:48:4: 'rw [Nat.mod_eq_of_lt hx]' uses '⊢'!",
   "level": "info"},
  {"message":
   "fast_verified_mul/karatsuba.lean:45:78: 'simp_all +decide [ Nat.div_eq_of_lt ]' is a flexible tactic modifying '⊢'. Try 'simp_all?' and use the suggested 'simp_all only [...]'. Alternatively, use `suffices` to explicitly state the simplified form.\n\nNote: This linter can be disabled with `set_option linter.flexible false`",
   "level": "warning"},
  {"message":
   "fast_verified_mul/karatsuba.lean:45:78: Try this:\n  [apply] simp_all +decide only [lt_sup_iff, sup_lt_iff]",
   "level": "info"},
  {"message":
   "fast_verified_mul/karatsuba.lean:49:4: 'contrapose! hy' uses '⊢'!",
   "level": "info"},
  {"message":
   "fast_verified_mul/karatsuba.lean:45:78: 'simp_all +decide [ Nat.div_eq_of_lt ]' is a flexible tactic modifying '⊢'. Try 'simp_all?' and use the suggested 'simp_all only [...]'. Alternatively, use `suffices` to explicitly state the simplified form.\n\nNote: This linter can be disabled with `set_option linter.flexible false`",
   "level": "warning"},
  {"message":
   "fast_verified_mul/karatsuba.lean:45:78: Try this:\n  [apply] simp_all +decide only [lt_sup_iff, sup_lt_iff]",
   "level": "info"},
  {"message":
   "fast_verified_mul/karatsuba.lean:50:4: 'rw [Nat.div_lt_iff_lt_mul <| by positivity]' uses '⊢'!",
   "level": "info"},
  {"message":
   "fast_verified_mul/karatsuba.lean:44:100: This line exceeds the 100 character limit, please shorten it!\n\nNote: This linter can be disabled with `set_option linter.style.longLine false`",
   "level": "warning"},
  {"message":
   "fast_verified_mul/karatsuba.lean:45:100: This line exceeds the 100 character limit, please shorten it!\n\nNote: This linter can be disabled with `set_option linter.style.longLine false`",
   "level": "warning"},
  {"message":
   "fast_verified_mul/karatsuba.lean:47:100: This line exceeds the 100 character limit, please shorten it!\n\nNote: This linter can be disabled with `set_option linter.style.longLine false`",
   "level": "warning"},
  {"message":
   "fast_verified_mul/karatsuba.lean:51:100: This line exceeds the 100 character limit, please shorten it!\n\nNote: This linter can be disabled with `set_option linter.style.longLine false`",
   "level": "warning"},
  {"message":
   "fast_verified_mul/karatsuba.lean:125:74: Try this:\n  [apply] ring_nf\n  \n  The `ring` tactic failed to close the goal. Use `ring_nf` to obtain a normal form.\n    \n  Note that `ring` works primarily in *commutative* rings. If you have a noncommutative ring, abelian group or module, consider using `noncomm_ring`, `abel` or `module` instead.",
   "level": "info"},
  {"message":
   "fast_verified_mul/karatsuba.lean:126:108: Try this:\n  [apply] ring_nf\n  \n  The `ring` tactic failed to close the goal. Use `ring_nf` to obtain a normal form.\n    \n  Note that `ring` works primarily in *commutative* rings. If you have a noncommutative ring, abelian group or module, consider using `noncomm_ring`, `abel` or `module` instead.",
   "level": "info"},
  {"message":
   "fast_verified_mul/karatsuba.lean:127:44: Try this:\n  [apply] ring_nf\n  \n  The `ring` tactic failed to close the goal. Use `ring_nf` to obtain a normal form.\n    \n  Note that `ring` works primarily in *commutative* rings. If you have a noncommutative ring, abelian group or module, consider using `noncomm_ring`, `abel` or `module` instead.",
   "level": "info"},
  {"message":
   "fast_verified_mul/karatsuba.lean:99:4: The `induction'` tactic is discouraged: please strongly consider using `induction` instead.\n\nNote: This linter can be disabled with `set_option linter.style.induction false`",
   "level": "warning"},
  {"message":
   "fast_verified_mul/karatsuba.lean:107:21: The `refine'` tactic is discouraged: please strongly consider using `refine` or `apply` instead.\n\nNote: This linter can be disabled with `set_option linter.style.refine false`",
   "level": "warning"},
  {"message":
   "fast_verified_mul/karatsuba.lean:124:6: 'simp_all +decide [ Nat.shiftRight_eq_div_pow, Nat.shiftLeft_eq_mul_pow ]' is a flexible tactic modifying '⊢'. Try 'simp_all?' and use the suggested 'simp_all only [...]'. Alternatively, use `suffices` to explicitly state the simplified form.\n\nNote: This linter can be disabled with `set_option linter.flexible false`",
   "level": "warning"},
  {"message":
   "fast_verified_mul/karatsuba.lean:124:6: Try this:\n  [apply] simp_all +decide only [Int.natCast_shiftRight, Nat.cast_natAbs, Int.cast_abs, Int.cast_eq]",
   "level": "info"},
  {"message":
   "fast_verified_mul/karatsuba.lean:125:6: 'rw [if_neg (not_le_of_gt hn)]' uses '⊢'!",
   "level": "info"},
  {"message":
   "fast_verified_mul/karatsuba.lean:124:6: 'simp_all +decide [ Nat.shiftRight_eq_div_pow, Nat.shiftLeft_eq_mul_pow ]' is a flexible tactic modifying '⊢'. Try 'simp_all?' and use the suggested 'simp_all only [...]'. Alternatively, use `suffices` to explicitly state the simplified form.\n\nNote: This linter can be disabled with `set_option linter.flexible false`",
   "level": "warning"},
  {"message":
   "fast_verified_mul/karatsuba.lean:124:6: Try this:\n  [apply] simp_all +decide only [Int.natCast_shiftRight, Nat.cast_natAbs, Int.cast_abs, Int.cast_eq]",
   "level": "info"},
  {"message":
   "fast_verified_mul/karatsuba.lean:126:6: 'rw [← Int.emod_add_mul_ediv |x| (2 ^ (_ / 2)), ← Int.emod_add_mul_ediv |y| (2 ^ (_ / 2))]' uses '⊢'!",
   "level": "info"},
  {"message":
   "fast_verified_mul/karatsuba.lean:124:6: 'simp_all +decide [ Nat.shiftRight_eq_div_pow, Nat.shiftLeft_eq_mul_pow ]' is a flexible tactic modifying '⊢'. Try 'simp_all?' and use the suggested 'simp_all only [...]'. Alternatively, use `suffices` to explicitly state the simplified form.\n\nNote: This linter can be disabled with `set_option linter.flexible false`",
   "level": "warning"},
  {"message":
   "fast_verified_mul/karatsuba.lean:124:6: Try this:\n  [apply] simp_all +decide only [Int.natCast_shiftRight, Nat.cast_natAbs, Int.cast_abs, Int.cast_eq]",
   "level": "info"},
  {"message":
   "fast_verified_mul/karatsuba.lean:128:6: 'rw [Int.ediv_eq_zero_of_lt, Int.ediv_eq_zero_of_lt]' uses '⊢'!",
   "level": "info"},
  {"message":
   "fast_verified_mul/karatsuba.lean:124:6: 'simp_all +decide [ Nat.shiftRight_eq_div_pow, Nat.shiftLeft_eq_mul_pow ]' is a flexible tactic modifying '⊢'. Try 'simp_all?' and use the suggested 'simp_all only [...]'. Alternatively, use `suffices` to explicitly state the simplified form.\n\nNote: This linter can be disabled with `set_option linter.flexible false`",
   "level": "warning"},
  {"message":
   "fast_verified_mul/karatsuba.lean:124:6: Try this:\n  [apply] simp_all +decide only [Int.natCast_shiftRight, Nat.cast_natAbs, Int.cast_abs, Int.cast_eq]",
   "level": "info"},
  {"message":
   "fast_verified_mul/karatsuba.lean:129:8: 'exact Int.emod_nonneg _ (by positivity)' uses '⊢'!",
   "level": "info"},
  {"message":
   "fast_verified_mul/karatsuba.lean:124:6: 'simp_all +decide [ Nat.shiftRight_eq_div_pow, Nat.shiftLeft_eq_mul_pow ]' is a flexible tactic modifying '⊢'. Try 'simp_all?' and use the suggested 'simp_all only [...]'. Alternatively, use `suffices` to explicitly state the simplified form.\n\nNote: This linter can be disabled with `set_option linter.flexible false`",
   "level": "warning"},
  {"message":
   "fast_verified_mul/karatsuba.lean:124:6: Try this:\n  [apply] simp_all +decide only [Int.natCast_shiftRight, Nat.cast_natAbs, Int.cast_abs, Int.cast_eq]",
   "level": "info"},
  {"message":
   "fast_verified_mul/karatsuba.lean:130:8: 'exact Int.emod_lt_of_pos _ (by positivity)' uses '⊢'!",
   "level": "info"},
  {"message":
   "fast_verified_mul/karatsuba.lean:124:6: 'simp_all +decide [ Nat.shiftRight_eq_div_pow, Nat.shiftLeft_eq_mul_pow ]' is a flexible tactic modifying '⊢'. Try 'simp_all?' and use the suggested 'simp_all only [...]'. Alternatively, use `suffices` to explicitly state the simplified form.\n\nNote: This linter can be disabled with `set_option linter.flexible false`",
   "level": "warning"},
  {"message":
   "fast_verified_mul/karatsuba.lean:124:6: Try this:\n  [apply] simp_all +decide only [Int.natCast_shiftRight, Nat.cast_natAbs, Int.cast_abs, Int.cast_eq]",
   "level": "info"},
  {"message":
   "fast_verified_mul/karatsuba.lean:131:8: 'exact Int.emod_nonneg _ (by positivity)' uses '⊢'!",
   "level": "info"},
  {"message":
   "fast_verified_mul/karatsuba.lean:124:6: 'simp_all +decide [ Nat.shiftRight_eq_div_pow, Nat.shiftLeft_eq_mul_pow ]' is a flexible tactic modifying '⊢'. Try 'simp_all?' and use the suggested 'simp_all only [...]'. Alternatively, use `suffices` to explicitly state the simplified form.\n\nNote: This linter can be disabled with `set_option linter.flexible false`",
   "level": "warning"},
  {"message":
   "fast_verified_mul/karatsuba.lean:124:6: Try this:\n  [apply] simp_all +decide only [Int.natCast_shiftRight, Nat.cast_natAbs, Int.cast_abs, Int.cast_eq]",
   "level": "info"},
  {"message":
   "fast_verified_mul/karatsuba.lean:132:8: 'exact Int.emod_lt_of_pos _ (by positivity)' uses '⊢'!",
   "level": "info"},
  {"message":
   "fast_verified_mul/karatsuba.lean:99:100: This line exceeds the 100 character limit, please shorten it!\n\nNote: This linter can be disabled with `set_option linter.style.longLine false`",
   "level": "warning"},
  {"message":
   "fast_verified_mul/karatsuba.lean:104:100: This line exceeds the 100 character limit, please shorten it!\n\nNote: This linter can be disabled with `set_option linter.style.longLine false`",
   "level": "warning"},
  {"message":
   "fast_verified_mul/karatsuba.lean:105:100: This line exceeds the 100 character limit, please shorten it!\n\nNote: This linter can be disabled with `set_option linter.style.longLine false`",
   "level": "warning"},
  {"message":
   "fast_verified_mul/karatsuba.lean:106:100: This line exceeds the 100 character limit, please shorten it!\n\nNote: This linter can be disabled with `set_option linter.style.longLine false`",
   "level": "warning"},
  {"message":
   "fast_verified_mul/karatsuba.lean:126:100: This line exceeds the 100 character limit, please shorten it!\n\nNote: This linter can be disabled with `set_option linter.style.longLine false`",
   "level": "warning"}],
 "inputs":
 [["fast_verified_mul.karatsuba:deps",
   [["deps",
     [["fast_verified_mul/fast_verified_mul:extraDep",
       [["@fast_verified_mul:extraDep", "00000000000006bb"]]],
      ["imports",
       [["Mathlib transitive imports (legacy)", "abc115b3312ed7dd"],
        ["Mathlib:importAllArts", "ae402e6d874ae9a0"]]]]],
    ["libs",
     [["import dynlibs", "00000000000006bb"],
      ["package external libraries", "00000000000006bb"],
      ["module dynlibs", "00000000000006bb"],
      ["module plugins", "00000000000006bb"]]]]],
  ["Lean 4.30.0, commit 3dc1a088b6d2d8eafe25a7cd7ec7b58d731bd7cc",
   "2c8d2623007dfc36"],
  ["/home/n/Documents/github/verified_mul_dcv/fast_verified_mul/karatsuba.lean",
   "c8bd0ea9b1f33a30"],
  ["options",
   [["-DmaxSynthPendingDepth=3", "c78e353d34de85d4"],
    ["-Dweak.linter.mathlibStandardSet=true", "8a155799906f2b42"],
    ["-DrelaxedAutoImplicit=false", "74a2b5546b55be80"],
    ["-Dpp.unicode.fun=true", "9b94070140457fab"]]],
  ["isModule: false", "feefd2a0d3a1847e"],
  ["Module.name: fast_verified_mul.karatsuba", "2b45d7d59f5f266c"],
  ["Package.id?: (some fast_verified_mul)", "69bf6ad753670a8e"],
  ["Module.leanArgs: #[]", "00000000000006bb"]],
 "depHash": "97151c54565e7af0"}