{"synthetic": false,
 "schemaVersion": "2025-09-10",
 "outputs":
 {"o": ["34946dca3a0f6cae.olean"],
  "m": false,
  "i": "e3725a69ceebec36.ilean",
  "c": "4e5a710076e917f2.c"},
 "log":
 [{"message":
   ".> LEAN_PATH=/home/n/Documents/github/verified_mul_dcv/.lake/packages/Cli/.lake/build/lib/lean:/home/n/Documents/github/verified_mul_dcv/.lake/packages/batteries/.lake/build/lib/lean:/home/n/Documents/github/verified_mul_dcv/.lake/packages/Qq/.lake/build/lib/lean:/home/n/Documents/github/verified_mul_dcv/.lake/packages/aesop/.lake/build/lib/lean:/home/n/Documents/github/verified_mul_dcv/.lake/packages/proofwidgets/.lake/build/lib/lean:/home/n/Documents/github/verified_mul_dcv/.lake/packages/importGraph/.lake/build/lib/lean:/home/n/Documents/github/verified_mul_dcv/.lake/packages/LeanSearchClient/.lake/build/lib/lean:/home/n/Documents/github/verified_mul_dcv/.lake/packages/plausible/.lake/build/lib/lean:/home/n/Documents/github/verified_mul_dcv/.lake/packages/mathlib/.lake/build/lib/lean:/home/n/Documents/github/verified_mul_dcv/.lake/packages/cslib/.lake/build/lib/lean:/home/n/Documents/github/verified_mul_dcv/.lake/build/lib/lean /home/n/.elan/toolchains/leanprover--lean4---v4.30.0-rc2/bin/lean /home/n/Documents/github/verified_mul_dcv/fast_verified_mul/toom3.lean -o /home/n/Documents/github/verified_mul_dcv/.lake/build/lib/lean/fast_verified_mul/toom3.olean -i /home/n/Documents/github/verified_mul_dcv/.lake/build/lib/lean/fast_verified_mul/toom3.ilean -c /home/n/Documents/github/verified_mul_dcv/.lake/build/ir/fast_verified_mul/toom3.c --setup /home/n/Documents/github/verified_mul_dcv/.lake/build/ir/fast_verified_mul/toom3.setup.json --json",
   "level": "trace"},
  {"message":
   "fast_verified_mul/toom3.lean:27:100: This line exceeds the 100 character limit, please shorten it!\n\nNote: This linter can be disabled with `set_option linter.style.longLine false`",
   "level": "warning"},
  {"message":
   "fast_verified_mul/toom3.lean:35:100: This line exceeds the 100 character limit, please shorten it!\n\nNote: This linter can be disabled with `set_option linter.style.longLine false`",
   "level": "warning"},
  {"message":
   "fast_verified_mul/toom3.lean:49:163: `mul_le_mul_left'` has been deprecated: Use `_root_.mul_le_mul_right` instead",
   "level": "warning"},
  {"message":
   "fast_verified_mul/toom3.lean:49:100: This line exceeds the 100 character limit, please shorten it!\n\nNote: This linter can be disabled with `set_option linter.style.longLine false`",
   "level": "warning"},
  {"message":
   "fast_verified_mul/toom3.lean:61:127: This simp argument is unused:\n  Nat.pow_succ'\n\nHint: Omit it from the simp argument list.\n  simp_all +decide ̵[̵ ̵N̵a̵t̵.̵p̵o̵w̵_̵s̵u̵c̵c̵'̵ ̵]̵\n\nNote: This linter can be disabled with `set_option linter.unusedSimpArgs false`",
   "level": "warning"},
  {"message":
   "fast_verified_mul/toom3.lean:61:108: 'simp_all +decide [ Nat.pow_succ' ]' is a flexible tactic modifying '⊢'. Try 'simp_all?' and use the suggested 'simp_all only [...]'. Alternatively, use `suffices` to explicitly state the simplified form.\n\nNote: This linter can be disabled with `set_option linter.flexible false`",
   "level": "warning"},
  {"message":
   "fast_verified_mul/toom3.lean:61:108: Try this:\n  [apply] simp_all +decide only [zero_add, mul_one, mul_zero, add_zero, one_mul, zero_mul]",
   "level": "info"},
  {"message":
   "fast_verified_mul/toom3.lean:62:4: 'any_goals\n  nlinarith [Nat.pow_le_pow_right (by decide : 1 ≤ 2) hi,\n    Nat.pow_le_pow_right (by decide : 1 ≤ 2) (show 2 * i ≥ 2 by linarith)];' uses '⊢'!",
   "level": "info"},
  {"message":
   "fast_verified_mul/toom3.lean:61:108: 'simp_all +decide [ Nat.pow_succ' ]' is a flexible tactic modifying '⊢'. Try 'simp_all?' and use the suggested 'simp_all only [...]'. Alternatively, use `suffices` to explicitly state the simplified form.\n\nNote: This linter can be disabled with `set_option linter.flexible false`",
   "level": "warning"},
  {"message":
   "fast_verified_mul/toom3.lean:61:108: Try this:\n  [apply] simp_all +decide only [zero_add, mul_one, reduceAdd, one_mul]",
   "level": "info"},
  {"message":
   "fast_verified_mul/toom3.lean:62:4: 'any_goals\n  nlinarith [Nat.pow_le_pow_right (by decide : 1 ≤ 2) hi,\n    Nat.pow_le_pow_right (by decide : 1 ≤ 2) (show 2 * i ≥ 2 by linarith)];' uses '⊢'!",
   "level": "info"},
  {"message":
   "fast_verified_mul/toom3.lean:61:108: 'simp_all +decide [ Nat.pow_succ' ]' is a flexible tactic modifying '⊢'. Try 'simp_all?' and use the suggested 'simp_all only [...]'. Alternatively, use `suffices` to explicitly state the simplified form.\n\nNote: This linter can be disabled with `set_option linter.flexible false`",
   "level": "warning"},
  {"message":
   "fast_verified_mul/toom3.lean:61:108: Try this:\n  [apply] simp_all +decide only [zero_add, mul_one, one_mul]",
   "level": "info"},
  {"message":
   "fast_verified_mul/toom3.lean:62:4: 'any_goals\n  nlinarith [Nat.pow_le_pow_right (by decide : 1 ≤ 2) hi,\n    Nat.pow_le_pow_right (by decide : 1 ≤ 2) (show 2 * i ≥ 2 by linarith)];' uses '⊢'!",
   "level": "info"},
  {"message":
   "fast_verified_mul/toom3.lean:61:108: 'simp_all +decide [ Nat.pow_succ' ]' is a flexible tactic modifying '⊢'. Try 'simp_all?' and use the suggested 'simp_all only [...]'. Alternatively, use `suffices` to explicitly state the simplified form.\n\nNote: This linter can be disabled with `set_option linter.flexible false`",
   "level": "warning"},
  {"message":
   "fast_verified_mul/toom3.lean:61:108: Try this:\n  [apply] simp_all +decide only [mul_zero, add_zero, zero_mul]",
   "level": "info"},
  {"message":
   "fast_verified_mul/toom3.lean:62:4: 'any_goals\n  nlinarith [Nat.pow_le_pow_right (by decide : 1 ≤ 2) hi,\n    Nat.pow_le_pow_right (by decide : 1 ≤ 2) (show 2 * i ≥ 2 by linarith)];' uses '⊢'!",
   "level": "info"},
  {"message":
   "fast_verified_mul/toom3.lean:61:108: 'simp_all +decide [ Nat.pow_succ' ]' is a flexible tactic modifying '⊢'. Try 'simp_all?' and use the suggested 'simp_all only [...]'. Alternatively, use `suffices` to explicitly state the simplified form.\n\nNote: This linter can be disabled with `set_option linter.flexible false`",
   "level": "warning"},
  {"message":
   "fast_verified_mul/toom3.lean:61:108: Try this:\n  [apply] simp_all +decide only [zero_add, mul_one, one_mul]",
   "level": "info"},
  {"message":
   "fast_verified_mul/toom3.lean:62:4: 'any_goals\n  nlinarith [Nat.pow_le_pow_right (by decide : 1 ≤ 2) hi,\n    Nat.pow_le_pow_right (by decide : 1 ≤ 2) (show 2 * i ≥ 2 by linarith)];' uses '⊢'!",
   "level": "info"},
  {"message":
   "fast_verified_mul/toom3.lean:61:108: 'simp_all +decide [ Nat.pow_succ' ]' is a flexible tactic modifying '⊢'. Try 'simp_all?' and use the suggested 'simp_all only [...]'. Alternatively, use `suffices` to explicitly state the simplified form.\n\nNote: This linter can be disabled with `set_option linter.flexible false`",
   "level": "warning"},
  {"message":
   "fast_verified_mul/toom3.lean:62:4: 'any_goals\n  nlinarith [Nat.pow_le_pow_right (by decide : 1 ≤ 2) hi,\n    Nat.pow_le_pow_right (by decide : 1 ≤ 2) (show 2 * i ≥ 2 by linarith)];' uses '⊢'!",
   "level": "info"},
  {"message":
   "fast_verified_mul/toom3.lean:61:108: 'simp_all +decide [ Nat.pow_succ' ]' is a flexible tactic modifying '⊢'. Try 'simp_all?' and use the suggested 'simp_all only [...]'. Alternatively, use `suffices` to explicitly state the simplified form.\n\nNote: This linter can be disabled with `set_option linter.flexible false`",
   "level": "warning"},
  {"message":
   "fast_verified_mul/toom3.lean:61:108: Try this:\n  [apply] simp_all +decide only [mul_zero, zero_add, mul_one, zero_mul, one_mul]",
   "level": "info"},
  {"message":
   "fast_verified_mul/toom3.lean:64:6: 'exact lt_of_lt_of_le (by decide) (Nat.pow_le_pow_right (by decide) (Nat.mul_le_mul_left 2 hi))' uses '⊢'!",
   "level": "info"},
  {"message":
   "fast_verified_mul/toom3.lean:59:100: This line exceeds the 100 character limit, please shorten it!\n\nNote: This linter can be disabled with `set_option linter.style.longLine false`",
   "level": "warning"},
  {"message":
   "fast_verified_mul/toom3.lean:60:100: This line exceeds the 100 character limit, please shorten it!\n\nNote: This linter can be disabled with `set_option linter.style.longLine false`",
   "level": "warning"},
  {"message":
   "fast_verified_mul/toom3.lean:61:100: This line exceeds the 100 character limit, please shorten it!\n\nNote: This linter can be disabled with `set_option linter.style.longLine false`",
   "level": "warning"},
  {"message":
   "fast_verified_mul/toom3.lean:62:100: This line exceeds the 100 character limit, please shorten it!\n\nNote: This linter can be disabled with `set_option linter.style.longLine false`",
   "level": "warning"},
  {"message":
   "fast_verified_mul/toom3.lean:64:100: This line exceeds the 100 character limit, please shorten it!\n\nNote: This linter can be disabled with `set_option linter.style.longLine false`",
   "level": "warning"},
  {"message":
   "fast_verified_mul/toom3.lean:74:100: This line exceeds the 100 character limit, please shorten it!\n\nNote: This linter can be disabled with `set_option linter.style.longLine false`",
   "level": "warning"},
  {"message":
   "fast_verified_mul/toom3.lean:75:100: This line exceeds the 100 character limit, please shorten it!\n\nNote: This linter can be disabled with `set_option linter.style.longLine false`",
   "level": "warning"},
  {"message":
   "fast_verified_mul/toom3.lean:88:2: Try this:\n  [apply] ring_nf\n  \n  The `ring` tactic failed to close the goal. Use `ring_nf` to obtain a normal form.\n    \n  Note that `ring` works primarily in *commutative* rings. If you have a noncommutative ring, abelian group or module, consider using `noncomm_ring`, `abel` or `module` instead.",
   "level": "info"},
  {"message":
   "fast_verified_mul/toom3.lean:86:2: 'simp +decide [ Nat.shiftLeft_eq, Nat.shiftRight_eq_div_pow ]' is a flexible tactic modifying '⊢'. Try 'simp?' and use the suggested 'simp only [...]'. Alternatively, use `suffices` to explicitly state the simplified form.\n\nNote: This linter can be disabled with `set_option linter.flexible false`",
   "level": "warning"},
  {"message":
   "fast_verified_mul/toom3.lean:87:2: 'rw [Nat.div_div_eq_div_mul, pow_mul]' uses '⊢'!",
   "level": "info"},
  {"message":
   "fast_verified_mul/toom3.lean:104:4: Try this:\n  [apply] exact Nat.max_ge_two_pow_i a b hn",
   "level": "info"},
  {"message":
   "fast_verified_mul/toom3.lean:108:6: The `refine'` tactic is discouraged: please strongly consider using `refine` or `apply` instead.\n\nNote: This linter can be disabled with `set_option linter.style.refine false`",
   "level": "warning"},
  {"message":
   "fast_verified_mul/toom3.lean:107:28: 'simp_all +decide [ Nat.shiftLeft_eq ]' is a flexible tactic modifying '⊢'. Try 'simp_all?' and use the suggested 'simp_all only [...]'. Alternatively, use `suffices` to explicitly state the simplified form.\n\nNote: This linter can be disabled with `set_option linter.flexible false`",
   "level": "warning"},
  {"message":
   "fast_verified_mul/toom3.lean:108:6: 'refine' add_lt_add_of_lt_of_le _ _' uses '⊢'!",
   "level": "info"},
  {"message":
   "fast_verified_mul/toom3.lean:107:28: 'simp_all +decide [ Nat.shiftLeft_eq ]' is a flexible tactic modifying '⊢'. Try 'simp_all?' and use the suggested 'simp_all only [...]'. Alternatively, use `suffices` to explicitly state the simplified form.\n\nNote: This linter can be disabled with `set_option linter.flexible false`",
   "level": "warning"},
  {"message":
   "fast_verified_mul/toom3.lean:109:8: 'exact lt_of_lt_of_le (Nat.mod_lt _ (by positivity)) h_max_ge_two_pow_i' uses '⊢'!",
   "level": "info"},
  {"message":
   "fast_verified_mul/toom3.lean:107:28: 'simp_all +decide [ Nat.shiftLeft_eq ]' is a flexible tactic modifying '⊢'. Try 'simp_all?' and use the suggested 'simp_all only [...]'. Alternatively, use `suffices` to explicitly state the simplified form.\n\nNote: This linter can be disabled with `set_option linter.flexible false`",
   "level": "warning"},
  {"message":
   "fast_verified_mul/toom3.lean:110:8: 'exact Nat.mod_le _ _' uses '⊢'!",
   "level": "info"},
  {"message":
   "fast_verified_mul/toom3.lean:107:28: 'simp_all +decide [ Nat.shiftLeft_eq ]' is a flexible tactic modifying '⊢'. Try 'simp_all?' and use the suggested 'simp_all only [...]'. Alternatively, use `suffices` to explicitly state the simplified form.\n\nNote: This linter can be disabled with `set_option linter.flexible false`",
   "level": "warning"},
  {"message":
   "fast_verified_mul/toom3.lean:111:6: 'exact\n  add_lt_add_of_le_of_lt (Nat.mod_le _ _) (Nat.mod_lt _ (by positivity) |> LT.lt.trans_le <| by linarith)' uses '⊢'!",
   "level": "info"},
  {"message":
   "fast_verified_mul/toom3.lean:106:100: This line exceeds the 100 character limit, please shorten it!\n\nNote: This linter can be disabled with `set_option linter.style.longLine false`",
   "level": "warning"},
  {"message":
   "fast_verified_mul/toom3.lean:111:100: This line exceeds the 100 character limit, please shorten it!\n\nNote: This linter can be disabled with `set_option linter.style.longLine false`",
   "level": "warning"},
  {"message":
   "fast_verified_mul/toom3.lean:128:4: Try this:\n  [apply] exact Nat.three_part_sum_le a (((max a b).size + 2) / 3)",
   "level": "info"},
  {"message":
   "fast_verified_mul/toom3.lean:130:4: Try this:\n  [apply] exact Nat.three_part_sum_le b (((max a b).size + 2) / 3)",
   "level": "info"},
  {"message":
   "fast_verified_mul/toom3.lean:135:78: Try this:\n  [apply] ring_nf\n  \n  The `ring` tactic failed to close the goal. Use `ring_nf` to obtain a normal form.\n    \n  Note that `ring` works primarily in *commutative* rings. If you have a noncommutative ring, abelian group or module, consider using `noncomm_ring`, `abel` or `module` instead.",
   "level": "info"},
  {"message":
   "fast_verified_mul/toom3.lean:136:55: Try this:\n  [apply] ring_nf\n  \n  The `ring` tactic failed to close the goal. Use `ring_nf` to obtain a normal form.\n    \n  Note that `ring` works primarily in *commutative* rings. If you have a noncommutative ring, abelian group or module, consider using `noncomm_ring`, `abel` or `module` instead.",
   "level": "info"},
  {"message":
   "fast_verified_mul/toom3.lean:133:27: 'simp_all +decide [ Nat.shiftLeft_eq, Nat.shiftRight_eq_div_pow ]' is a flexible tactic modifying '⊢'. Try 'simp_all?' and use the suggested 'simp_all only [...]'. Alternatively, use `suffices` to explicitly state the simplified form.\n\nNote: This linter can be disabled with `set_option linter.flexible false`",
   "level": "warning"},
  {"message":
   "fast_verified_mul/toom3.lean:133:27: Try this:\n  [apply] simp_all +decide only [Nat.cast_add, Int.natCast_shiftRight, gt_iff_lt]",
   "level": "info"},
  {"message":
   "fast_verified_mul/toom3.lean:135:4: 'convert add_lt_add_of_lt_of_le (h_ineq a h_ineq_max) h_ineq_b using 1' uses '⊢'!",
   "level": "info"},
  {"message":
   "fast_verified_mul/toom3.lean:133:27: 'simp_all +decide [ Nat.shiftLeft_eq, Nat.shiftRight_eq_div_pow ]' is a flexible tactic modifying '⊢'. Try 'simp_all?' and use the suggested 'simp_all only [...]'. Alternatively, use `suffices` to explicitly state the simplified form.\n\nNote: This linter can be disabled with `set_option linter.flexible false`",
   "level": "warning"},
  {"message":
   "fast_verified_mul/toom3.lean:133:27: Try this:\n  [apply] simp_all +decide only [Nat.cast_add, Int.natCast_shiftRight, gt_iff_lt]",
   "level": "info"},
  {"message":
   "fast_verified_mul/toom3.lean:138:4: 'rw [show (b.size + 2) / 3 * 2 = (b.size + 2) / 3 + (b.size + 2) / 3 by ring]' uses '⊢'!",
   "level": "info"},
  {"message":
   "fast_verified_mul/toom3.lean:121:100: This line exceeds the 100 character limit, please shorten it!\n\nNote: This linter can be disabled with `set_option linter.style.longLine false`",
   "level": "warning"},
  {"message":
   "fast_verified_mul/toom3.lean:122:100: This line exceeds the 100 character limit, please shorten it!\n\nNote: This linter can be disabled with `set_option linter.style.longLine false`",
   "level": "warning"},
  {"message":
   "fast_verified_mul/toom3.lean:127:100: This line exceeds the 100 character limit, please shorten it!\n\nNote: This linter can be disabled with `set_option linter.style.longLine false`",
   "level": "warning"},
  {"message":
   "fast_verified_mul/toom3.lean:129:100: This line exceeds the 100 character limit, please shorten it!\n\nNote: This linter can be disabled with `set_option linter.style.longLine false`",
   "level": "warning"},
  {"message":
   "fast_verified_mul/toom3.lean:138:100: This line exceeds the 100 character limit, please shorten it!\n\nNote: This linter can be disabled with `set_option linter.style.longLine false`",
   "level": "warning"},
  {"message":
   "fast_verified_mul/toom3.lean:157:6: Try this:\n  [apply] exact Nat.max_ge_two_pow_i a b hn",
   "level": "info"},
  {"message":
   "fast_verified_mul/toom3.lean:164:92: This simp argument is unused:\n  add_left_comm\n\nHint: Omit it from the simp argument list.\n  simp_all +decide [̵ ̵a̵d̵d̵_̵c̵o̵m̵m̵,̵ ̵a̵d̵d̵_̵l̵e̵f̵t̵_̵c̵o̵m̵m̵,̵ ̵a̵d̵d̵_̵a̵s̵s̵o̵c̵ ̵]̵[̲a̲d̲d̲_̲c̲o̲m̲m̲,̲\n  ̲ ̲ ̲ ̲ ̲ ̲ ̲ ̲ ̲a̲d̲d̲_̲a̲s̲s̲o̲c̲]̲\n\nNote: This linter can be disabled with `set_option linter.unusedSimpArgs false`",
   "level": "warning"},
  {"message":
   "fast_verified_mul/toom3.lean:164:107: This simp argument is unused:\n  add_assoc\n\nHint: Omit it from the simp argument list.\n  simp_all +decide [̵ ̵a̵d̵d̵_̵c̵o̵m̵m̵,̵ ̵a̵d̵d̵_̵l̵e̵f̵t̵_̵c̵o̵m̵m̵,̵ ̵a̵d̵d̵_̵a̵s̵s̵o̵c̵ ̵]̵[̲a̲d̲d̲_̲c̲o̲m̲m̲,̲\n  ̲ ̲ ̲ ̲ ̲ ̲ ̲ ̲ ̲a̲d̲d̲_̲l̲e̲f̲t̲_̲c̲o̲m̲m̲]̲\n\nNote: This linter can be disabled with `set_option linter.unusedSimpArgs false`",
   "level": "warning"},
  {"message":
   "fast_verified_mul/toom3.lean:148:2: The `refine'` tactic is discouraged: please strongly consider using `refine` or `apply` instead.\n\nNote: This linter can be disabled with `set_option linter.style.refine false`",
   "level": "warning"},
  {"message":
   "fast_verified_mul/toom3.lean:151:4: The `refine'` tactic is discouraged: please strongly consider using `refine` or `apply` instead.\n\nNote: This linter can be disabled with `set_option linter.style.refine false`",
   "level": "warning"},
  {"message":
   "fast_verified_mul/toom3.lean:154:4: The `refine'` tactic is discouraged: please strongly consider using `refine` or `apply` instead.\n\nNote: This linter can be disabled with `set_option linter.style.refine false`",
   "level": "warning"},
  {"message":
   "fast_verified_mul/toom3.lean:152:4: 'simp +decide [ Nat.and_mask_eq_mod, Nat.shiftRight_eq_div_pow ]' is a flexible tactic modifying '⊢'. Try 'simp?' and use the suggested 'simp only [...]'. Alternatively, use `suffices` to explicitly state the simplified form.\n\nNote: This linter can be disabled with `set_option linter.flexible false`",
   "level": "warning"},
  {"message":
   "fast_verified_mul/toom3.lean:153:4: 'rw [Nat.div_div_eq_div_mul]' uses '⊢'!",
   "level": "info"},
  {"message":
   "fast_verified_mul/toom3.lean:154:63: 'simp +arith +decide [ Nat.shiftRight_eq_div_pow, Nat.shiftLeft_eq_mul_pow ]' is a flexible tactic modifying '⊢'. Try 'simp?' and use the suggested 'simp only [...]'. Alternatively, use `suffices` to explicitly state the simplified form.\n\nNote: This linter can be disabled with `set_option linter.flexible false`",
   "level": "warning"},
  {"message":
   "fast_verified_mul/toom3.lean:155:4: 'rw [Nat.div_div_eq_div_mul]' uses '⊢'!",
   "level": "info"},
  {"message":
   "fast_verified_mul/toom3.lean:149:2: The following tactic starts with 5 goals and ends with 4 goals, 4 of which are not operated on.\n  exact\n    (a % 2 ^ (((max a b).size + 2) / 3) + a / 2 ^ (((max a b).size + 2) / 3) / 2 ^ (((max a b).size + 2) / 3)) +\n      (a / 2 ^ (((max a b).size + 2) / 3) % 2 ^ (((max a b).size + 2) / 3))\nPlease focus on the current goal, for instance using `·` (typed as \"\\.\").\n\nNote: This linter can be disabled with `set_option linter.style.multiGoal false`",
   "level": "warning"},
  {"message":
   "fast_verified_mul/toom3.lean:150:2: The following tactic starts with 4 goals and ends with 3 goals, 3 of which are not operated on.\n  exact\n    b % 2 ^ (((max a b).size + 2) / 3) + b / 2 ^ (((max a b).size + 2) / 3) / 2 ^ (((max a b).size + 2) / 3) +\n      b / 2 ^ (((max a b).size + 2) / 3) % 2 ^ (((max a b).size + 2) / 3)\nPlease focus on the current goal, for instance using `·` (typed as \"\\.\").\n\nNote: This linter can be disabled with `set_option linter.style.multiGoal false`",
   "level": "warning"},
  {"message":
   "fast_verified_mul/toom3.lean:149:100: This line exceeds the 100 character limit, please shorten it!\n\nNote: This linter can be disabled with `set_option linter.style.longLine false`",
   "level": "warning"},
  {"message":
   "fast_verified_mul/toom3.lean:150:100: This line exceeds the 100 character limit, please shorten it!\n\nNote: This linter can be disabled with `set_option linter.style.longLine false`",
   "level": "warning"},
  {"message":
   "fast_verified_mul/toom3.lean:154:100: This line exceeds the 100 character limit, please shorten it!\n\nNote: This linter can be disabled with `set_option linter.style.longLine false`",
   "level": "warning"},
  {"message":
   "fast_verified_mul/toom3.lean:158:100: This line exceeds the 100 character limit, please shorten it!\n\nNote: This linter can be disabled with `set_option linter.style.longLine false`",
   "level": "warning"},
  {"message":
   "fast_verified_mul/toom3.lean:164:100: This line exceeds the 100 character limit, please shorten it!\n\nNote: This linter can be disabled with `set_option linter.style.longLine false`",
   "level": "warning"},
  {"message":
   "fast_verified_mul/toom3.lean:166:100: This line exceeds the 100 character limit, please shorten it!\n\nNote: This linter can be disabled with `set_option linter.style.longLine false`",
   "level": "warning"},
  {"message":
   "fast_verified_mul/toom3.lean:183:177: Try this:\n  [apply] ring_nf\n  \n  The `ring` tactic failed to close the goal. Use `ring_nf` to obtain a normal form.\n    \n  Note that `ring` works primarily in *commutative* rings. If you have a noncommutative ring, abelian group or module, consider using `noncomm_ring`, `abel` or `module` instead.",
   "level": "info"},
  {"message":
   "fast_verified_mul/toom3.lean:184:55: Try this:\n  [apply] ring_nf\n  \n  The `ring` tactic failed to close the goal. Use `ring_nf` to obtain a normal form.\n    \n  Note that `ring` works primarily in *commutative* rings. If you have a noncommutative ring, abelian group or module, consider using `noncomm_ring`, `abel` or `module` instead.",
   "level": "info"},
  {"message":
   "fast_verified_mul/toom3.lean:188:249: Try this:\n  [apply] ring_nf\n  \n  The `ring` tactic failed to close the goal. Use `ring_nf` to obtain a normal form.\n    \n  Note that `ring` works primarily in *commutative* rings. If you have a noncommutative ring, abelian group or module, consider using `noncomm_ring`, `abel` or `module` instead.",
   "level": "info"},
  {"message":
   "fast_verified_mul/toom3.lean:189:36: Try this:\n  [apply] ring_nf\n  \n  The `ring` tactic failed to close the goal. Use `ring_nf` to obtain a normal form.\n    \n  Note that `ring` works primarily in *commutative* rings. If you have a noncommutative ring, abelian group or module, consider using `noncomm_ring`, `abel` or `module` instead.",
   "level": "info"},
  {"message":
   "fast_verified_mul/toom3.lean:193:28: Try this:\n  [apply] ring_nf\n  \n  The `ring` tactic failed to close the goal. Use `ring_nf` to obtain a normal form.\n    \n  Note that `ring` works primarily in *commutative* rings. If you have a noncommutative ring, abelian group or module, consider using `noncomm_ring`, `abel` or `module` instead.",
   "level": "info"},
  {"message":
   "fast_verified_mul/toom3.lean:194:38: Try this:\n  [apply] ring_nf\n  \n  The `ring` tactic failed to close the goal. Use `ring_nf` to obtain a normal form.\n    \n  Note that `ring` works primarily in *commutative* rings. If you have a noncommutative ring, abelian group or module, consider using `noncomm_ring`, `abel` or `module` instead.",
   "level": "info"},
  {"message":
   "fast_verified_mul/toom3.lean:179:89: This simp argument is unused:\n  Nat.shiftRight_eq_div_pow\n\nHint: Omit it from the simp argument list.\n  simp_all +decide ̵[̵ ̵N̵a̵t̵.̵s̵h̵i̵f̵t̵R̵i̵g̵h̵t̵_̵e̵q̵_̵d̵i̵v̵_̵p̵o̵w̵ ̵]̵\n\nNote: This linter can be disabled with `set_option linter.unusedSimpArgs false`",
   "level": "warning"},
  {"message":
   "fast_verified_mul/toom3.lean:187:286: This simp argument is unused:\n  Nat.div_div_eq_div_mul\n\nHint: Omit it from the simp argument list.\n  simp +arith +decide [̵ ̵*̵,̵ ̵N̵a̵t̵.̵d̵i̵v̵_̵d̵i̵v̵_̵e̵q̵_̵d̵i̵v̵_̵m̵u̵l̵ ̵]̵[̲*̲]̲\n\nNote: This linter can be disabled with `set_option linter.unusedSimpArgs false`",
   "level": "warning"},
  {"message":
   "fast_verified_mul/toom3.lean:196:47: This simp argument is unused:\n  Nat.div_eq_of_lt\n\nHint: Omit it from the simp argument list.\n  simp_all +decide ̵[̵ ̵N̵a̵t̵.̵d̵i̵v̵_̵e̵q̵_̵o̵f̵_̵l̵t̵ ̵]̵\n\nNote: This linter can be disabled with `set_option linter.unusedSimpArgs false`",
   "level": "warning"},
  {"message":
   "fast_verified_mul/toom3.lean:200:61: This simp argument is unused:\n  Nat.pow_succ'\n\nHint: Omit it from the simp argument list.\n  simp_all +decide ̵[̵ ̵N̵a̵t̵.̵p̵o̵w̵_̵s̵u̵c̵c̵'̵ ̵]̵\n\nNote: This linter can be disabled with `set_option linter.unusedSimpArgs false`",
   "level": "warning"},
  {"message":
   "fast_verified_mul/toom3.lean:179:70: 'simp_all +decide [ Nat.shiftRight_eq_div_pow ]' is a flexible tactic modifying '⊢'. Try 'simp_all?' and use the suggested 'simp_all only [...]'. Alternatively, use `suffices` to explicitly state the simplified form.\n\nNote: This linter can be disabled with `set_option linter.flexible false`",
   "level": "warning"},
  {"message":
   "fast_verified_mul/toom3.lean:180:4: 'exact Or.inl (Nat.weighted_sum_lt _ _ (by omega) hx)' uses '⊢'!",
   "level": "info"},
  {"message":
   "fast_verified_mul/toom3.lean:181:36: 'simp_all +decide [ Nat.shiftLeft_eq, Nat.shiftRight_eq_div_pow ]' is a flexible tactic modifying '⊢'. Try 'simp_all?' and use the suggested 'simp_all only [...]'. Alternatively, use `suffices` to explicitly state the simplified form.\n\nNote: This linter can be disabled with `set_option linter.flexible false`",
   "level": "warning"},
  {"message":
   "fast_verified_mul/toom3.lean:181:36: Try this:\n  [apply] simp_all +decide only [Int.natCast_shiftLeft, Int.natCast_shiftRight, gt_iff_lt]",
   "level": "info"},
  {"message":
   "fast_verified_mul/toom3.lean:183:4: 'convert\n  add_lt_add ‹a % 2 ^ _ + 2 * (a / 2 ^ _ % 2 ^ _) + 4 * (a / 2 ^ _ / 2 ^ _) < a›\n    ‹b % 2 ^ _ + 2 * (b / 2 ^ _ % 2 ^ _) + 4 * (b / 2 ^ _ / 2 ^ _) < b› using\n  1' uses '⊢'!",
   "level": "info"},
  {"message":
   "fast_verified_mul/toom3.lean:181:36: 'simp_all +decide [ Nat.shiftLeft_eq, Nat.shiftRight_eq_div_pow ]' is a flexible tactic modifying '⊢'. Try 'simp_all?' and use the suggested 'simp_all only [...]'. Alternatively, use `suffices` to explicitly state the simplified form.\n\nNote: This linter can be disabled with `set_option linter.flexible false`",
   "level": "warning"},
  {"message":
   "fast_verified_mul/toom3.lean:181:36: Try this:\n  [apply] simp_all +decide only [Int.natCast_shiftLeft, Int.natCast_shiftRight, gt_iff_lt]",
   "level": "info"},
  {"message":
   "fast_verified_mul/toom3.lean:187:4: 'rw [Nat.div_eq_of_lt\n    (show b < 2 ^ (((max a b).size + 2) / 3 * 2) from\n      lt_of_lt_of_le ‹_›\n        (Nat.pow_le_pow_right (by decide)\n          (by\n            linarith [Nat.div_add_mod ((max a b).size + 2) 3,\n              Nat.mod_lt ((max a b).size + 2) zero_lt_three])))]' uses '⊢'!",
   "level": "info"},
  {"message":
   "fast_verified_mul/toom3.lean:181:36: 'simp_all +decide [ Nat.shiftLeft_eq, Nat.shiftRight_eq_div_pow ]' is a flexible tactic modifying '⊢'. Try 'simp_all?' and use the suggested 'simp_all only [...]'. Alternatively, use `suffices` to explicitly state the simplified form.\n\nNote: This linter can be disabled with `set_option linter.flexible false`",
   "level": "warning"},
  {"message":
   "fast_verified_mul/toom3.lean:181:36: Try this:\n  [apply] simp_all +decide only [Int.natCast_shiftLeft, Int.natCast_shiftRight, gt_iff_lt]",
   "level": "info"},
  {"message":
   "fast_verified_mul/toom3.lean:188:4: 'convert\n  ‹a % 2 ^ (((max a b).size + 2) / 3) + 2 * (a / 2 ^ (((max a b).size + 2) / 3) % 2 ^ (((max a b).size + 2) / 3)) +\n        4 * (a / 2 ^ (((max a b).size + 2) / 3) / 2 ^ (((max a b).size + 2) / 3)) <\n      a› using\n  1' uses '⊢'!",
   "level": "info"},
  {"message":
   "fast_verified_mul/toom3.lean:181:36: 'simp_all +decide [ Nat.shiftLeft_eq, Nat.shiftRight_eq_div_pow ]' is a flexible tactic modifying '⊢'. Try 'simp_all?' and use the suggested 'simp_all only [...]'. Alternatively, use `suffices` to explicitly state the simplified form.\n\nNote: This linter can be disabled with `set_option linter.flexible false`",
   "level": "warning"},
  {"message":
   "fast_verified_mul/toom3.lean:181:36: Try this:\n  [apply] simp_all +decide only [Int.natCast_shiftLeft, Int.natCast_shiftRight, gt_iff_lt]",
   "level": "info"},
  {"message":
   "fast_verified_mul/toom3.lean:189:4: 'rw [Nat.div_div_eq_div_mul]' uses '⊢'!",
   "level": "info"},
  {"message":
   "fast_verified_mul/toom3.lean:181:36: 'simp_all +decide [ Nat.shiftLeft_eq, Nat.shiftRight_eq_div_pow ]' is a flexible tactic modifying '⊢'. Try 'simp_all?' and use the suggested 'simp_all only [...]'. Alternatively, use `suffices` to explicitly state the simplified form.\n\nNote: This linter can be disabled with `set_option linter.flexible false`",
   "level": "warning"},
  {"message":
   "fast_verified_mul/toom3.lean:181:36: Try this:\n  [apply] simp_all +decide only [Int.natCast_shiftLeft, Int.natCast_shiftRight, gt_iff_lt]",
   "level": "info"},
  {"message":
   "fast_verified_mul/toom3.lean:192:4: 'rw [Nat.div_eq_of_lt]' uses '⊢'!",
   "level": "info"},
  {"message":
   "fast_verified_mul/toom3.lean:181:36: 'simp_all +decide [ Nat.shiftLeft_eq, Nat.shiftRight_eq_div_pow ]' is a flexible tactic modifying '⊢'. Try 'simp_all?' and use the suggested 'simp_all only [...]'. Alternatively, use `suffices` to explicitly state the simplified form.\n\nNote: This linter can be disabled with `set_option linter.flexible false`",
   "level": "warning"},
  {"message":
   "fast_verified_mul/toom3.lean:181:36: Try this:\n  [apply] simp_all +decide only [Int.natCast_shiftLeft, Int.natCast_shiftRight, gt_iff_lt]",
   "level": "info"},
  {"message":
   "fast_verified_mul/toom3.lean:193:6: 'convert ‹_› using 1' uses '⊢'!",
   "level": "info"},
  {"message":
   "fast_verified_mul/toom3.lean:181:36: 'simp_all +decide [ Nat.shiftLeft_eq, Nat.shiftRight_eq_div_pow ]' is a flexible tactic modifying '⊢'. Try 'simp_all?' and use the suggested 'simp_all only [...]'. Alternatively, use `suffices` to explicitly state the simplified form.\n\nNote: This linter can be disabled with `set_option linter.flexible false`",
   "level": "warning"},
  {"message":
   "fast_verified_mul/toom3.lean:181:36: Try this:\n  [apply] simp_all +decide only [Int.natCast_shiftLeft, Int.natCast_shiftRight, gt_iff_lt]",
   "level": "info"},
  {"message":
   "fast_verified_mul/toom3.lean:194:6: 'rw [Nat.div_div_eq_div_mul]' uses '⊢'!",
   "level": "info"},
  {"message":
   "fast_verified_mul/toom3.lean:181:36: 'simp_all +decide [ Nat.shiftLeft_eq, Nat.shiftRight_eq_div_pow ]' is a flexible tactic modifying '⊢'. Try 'simp_all?' and use the suggested 'simp_all only [...]'. Alternatively, use `suffices` to explicitly state the simplified form.\n\nNote: This linter can be disabled with `set_option linter.flexible false`",
   "level": "warning"},
  {"message":
   "fast_verified_mul/toom3.lean:181:36: Try this:\n  [apply] simp_all +decide only [Int.natCast_shiftLeft, Int.natCast_shiftRight, gt_iff_lt]",
   "level": "info"},
  {"message":
   "fast_verified_mul/toom3.lean:195:6: 'exact lt_of_lt_of_le ‹_› (Nat.pow_le_pow_right (by decide) (by omega))' uses '⊢'!",
   "level": "info"},
  {"message":
   "fast_verified_mul/toom3.lean:176:100: This line exceeds the 100 character limit, please shorten it!\n\nNote: This linter can be disabled with `set_option linter.style.longLine false`",
   "level": "warning"},
  {"message":
   "fast_verified_mul/toom3.lean:177:100: This line exceeds the 100 character limit, please shorten it!\n\nNote: This linter can be disabled with `set_option linter.style.longLine false`",
   "level": "warning"},
  {"message":
   "fast_verified_mul/toom3.lean:178:100: This line exceeds the 100 character limit, please shorten it!\n\nNote: This linter can be disabled with `set_option linter.style.longLine false`",
   "level": "warning"},
  {"message":
   "fast_verified_mul/toom3.lean:179:100: This line exceeds the 100 character limit, please shorten it!\n\nNote: This linter can be disabled with `set_option linter.style.longLine false`",
   "level": "warning"},
  {"message":
   "fast_verified_mul/toom3.lean:181:100: This line exceeds the 100 character limit, please shorten it!\n\nNote: This linter can be disabled with `set_option linter.style.longLine false`",
   "level": "warning"},
  {"message":
   "fast_verified_mul/toom3.lean:183:100: This line exceeds the 100 character limit, please shorten it!\n\nNote: This linter can be disabled with `set_option linter.style.longLine false`",
   "level": "warning"},
  {"message":
   "fast_verified_mul/toom3.lean:187:100: This line exceeds the 100 character limit, please shorten it!\n\nNote: This linter can be disabled with `set_option linter.style.longLine false`",
   "level": "warning"},
  {"message":
   "fast_verified_mul/toom3.lean:188:100: This line exceeds the 100 character limit, please shorten it!\n\nNote: This linter can be disabled with `set_option linter.style.longLine false`",
   "level": "warning"},
  {"message":
   "fast_verified_mul/toom3.lean:211:4: The `refine'` tactic is discouraged: please strongly consider using `refine` or `apply` instead.\n\nNote: This linter can be disabled with `set_option linter.style.refine false`",
   "level": "warning"},
  {"message":
   "fast_verified_mul/toom3.lean:212:4: The `refine'` tactic is discouraged: please strongly consider using `refine` or `apply` instead.\n\nNote: This linter can be disabled with `set_option linter.style.refine false`",
   "level": "warning"},
  {"message":
   "fast_verified_mul/toom3.lean:210:26: 'simp_all +decide [ Nat.shiftRight_eq_div_pow ]' is a flexible tactic modifying '⊢'. Try 'simp_all?' and use the suggested 'simp_all only [...]'. Alternatively, use `suffices` to explicitly state the simplified form.\n\nNote: This linter can be disabled with `set_option linter.flexible false`",
   "level": "warning"},
  {"message":
   "fast_verified_mul/toom3.lean:210:26: Try this:\n  [apply] simp_all +decide only [Int.natCast_shiftRight, gt_iff_lt]",
   "level": "info"},
  {"message":
   "fast_verified_mul/toom3.lean:211:4: 'refine'\n  add_lt_add_of_lt_of_le (Nat.div_lt_self (by linarith) (one_lt_pow₀ (by decide) (by omega)))\n    (Nat.div_le_self _ _)' uses '⊢'!",
   "level": "info"},
  {"message":
   "fast_verified_mul/toom3.lean:210:26: 'simp_all +decide [ Nat.shiftRight_eq_div_pow ]' is a flexible tactic modifying '⊢'. Try 'simp_all?' and use the suggested 'simp_all only [...]'. Alternatively, use `suffices` to explicitly state the simplified form.\n\nNote: This linter can be disabled with `set_option linter.flexible false`",
   "level": "warning"},
  {"message":
   "fast_verified_mul/toom3.lean:210:26: Try this:\n  [apply] simp_all +decide only [Int.natCast_shiftRight, gt_iff_lt]",
   "level": "info"},
  {"message":
   "fast_verified_mul/toom3.lean:212:4: 'refine' add_lt_add_of_le_of_lt _ _' uses '⊢'!",
   "level": "info"},
  {"message":
   "fast_verified_mul/toom3.lean:210:26: 'simp_all +decide [ Nat.shiftRight_eq_div_pow ]' is a flexible tactic modifying '⊢'. Try 'simp_all?' and use the suggested 'simp_all only [...]'. Alternatively, use `suffices` to explicitly state the simplified form.\n\nNote: This linter can be disabled with `set_option linter.flexible false`",
   "level": "warning"},
  {"message":
   "fast_verified_mul/toom3.lean:210:26: Try this:\n  [apply] simp_all +decide only [Int.natCast_shiftRight, gt_iff_lt]",
   "level": "info"},
  {"message":
   "fast_verified_mul/toom3.lean:213:6: 'exact Nat.div_le_self _ _' uses '⊢'!",
   "level": "info"},
  {"message":
   "fast_verified_mul/toom3.lean:210:26: 'simp_all +decide [ Nat.shiftRight_eq_div_pow ]' is a flexible tactic modifying '⊢'. Try 'simp_all?' and use the suggested 'simp_all only [...]'. Alternatively, use `suffices` to explicitly state the simplified form.\n\nNote: This linter can be disabled with `set_option linter.flexible false`",
   "level": "warning"},
  {"message":
   "fast_verified_mul/toom3.lean:210:26: Try this:\n  [apply] simp_all +decide only [Int.natCast_shiftRight, gt_iff_lt]",
   "level": "info"},
  {"message":
   "fast_verified_mul/toom3.lean:214:6: 'exact Nat.div_lt_self (by linarith) (one_lt_pow₀ (by decide) (by norm_num; omega))' uses '⊢'!",
   "level": "info"},
  {"message":
   "fast_verified_mul/toom3.lean:211:100: This line exceeds the 100 character limit, please shorten it!\n\nNote: This linter can be disabled with `set_option linter.style.longLine false`",
   "level": "warning"},
  {"message":
   "fast_verified_mul/toom3.lean:325:40: 'simp at this' is a flexible tactic modifying 'this'. Try 'simp?' and use the suggested 'simp only [...]'. Alternatively, use `suffices` to explicitly state the simplified form.\n\nNote: This linter can be disabled with `set_option linter.flexible false`",
   "level": "warning"},
  {"message": "fast_verified_mul/toom3.lean:325:54: 'exact this' uses 'this'!",
   "level": "info"},
  {"message":
   "fast_verified_mul/toom3.lean:367:69: Try this:\n  [apply] ring_nf\n  \n  The `ring` tactic failed to close the goal. Use `ring_nf` to obtain a normal form.\n    \n  Note that `ring` works primarily in *commutative* rings. If you have a noncommutative ring, abelian group or module, consider using `noncomm_ring`, `abel` or `module` instead.",
   "level": "info"},
  {"message":
   "fast_verified_mul/toom3.lean:379:47: Try this:\n  [apply] ring_nf\n  \n  The `ring` tactic failed to close the goal. Use `ring_nf` to obtain a normal form.\n    \n  Note that `ring` works primarily in *commutative* rings. If you have a noncommutative ring, abelian group or module, consider using `noncomm_ring`, `abel` or `module` instead.",
   "level": "info"},
  {"message":
   "fast_verified_mul/toom3.lean:380:35: Try this:\n  [apply] ring_nf\n  \n  The `ring` tactic failed to close the goal. Use `ring_nf` to obtain a normal form.\n    \n  Note that `ring` works primarily in *commutative* rings. If you have a noncommutative ring, abelian group or module, consider using `noncomm_ring`, `abel` or `module` instead.",
   "level": "info"},
  {"message":
   "fast_verified_mul/toom3.lean:391:47: Try this:\n  [apply] ring_nf\n  \n  The `ring` tactic failed to close the goal. Use `ring_nf` to obtain a normal form.\n    \n  Note that `ring` works primarily in *commutative* rings. If you have a noncommutative ring, abelian group or module, consider using `noncomm_ring`, `abel` or `module` instead.",
   "level": "info"},
  {"message":
   "fast_verified_mul/toom3.lean:392:35: Try this:\n  [apply] ring_nf\n  \n  The `ring` tactic failed to close the goal. Use `ring_nf` to obtain a normal form.\n    \n  Note that `ring` works primarily in *commutative* rings. If you have a noncommutative ring, abelian group or module, consider using `noncomm_ring`, `abel` or `module` instead.",
   "level": "info"},
  {"message":
   "fast_verified_mul/toom3.lean:335:30: This simp argument is unused:\n  hn\n\nHint: Omit it from the simp argument list.\n  simp ̵[̵h̵n̵]̵\n\nNote: This linter can be disabled with `set_option linter.unusedSimpArgs false`",
   "level": "warning"},
  {"message":
   "fast_verified_mul/toom3.lean:362:6: This simp argument is unused:\n  Int.shiftLeft_eq_mul_pow\n\nHint: Omit it from the simp argument list.\n  simp only [̵\n  ̵ ̵ ̵ ̵ ̵ ̵ ̵N̵a̵t̵.̵s̵h̵i̵f̵t̵L̵e̵f̵t̵_̵o̵n̵e̵_̵e̵q̵_̵m̵u̵l̵_̵t̵w̵o̵,̵[̲N̲a̲t̲.̲s̲h̲i̲f̲t̲L̲e̲f̲t̲_̲o̲n̲e̲_̲e̲q̲_̲m̲u̲l̲_̲t̲w̲o̲,̲ Nat.shiftLeft_two_eq_mul_four, Int.shiftLeft_one',\n  ̲       ̵ ̵-̵-̵ ̵x̵ ̵<̵<̵<̵ ̵(̵1̵:̵ℤ̵)̵ ̵=̵ ̵x̵ ̵*̵ ̵2̵\n  ̵ ̵ ̵ ̵ ̵ ̵ ̵I̵n̵t̵.̵s̵h̵i̵f̵t̵L̵e̵f̵t̵_̵e̵q̵_̵m̵u̵l̵_̵p̵o̵w̵,̵ ̵ ̵ ̵-̵-̵ ̵x̵ ̵<̵<̵<̵ ̵↑̵n̵ ̵=̵ ̵x̵ ̵*̵ ̵↑̵(̵2̵^̵n̵)̵Int.shiftRight_eq_div_pow, -̵-̵ ̵ ̵x̵ ̵>̵>̵>̵ ̵n̵ ̵=̵ ̵x̵ ̵/̵ ̵↑̵(̵2̵^̵n̵)̵ ̵Nat.cast_pow, Nat.cast_ofNat, p̵o̵w̵_̵o̵n̵e̵ ̵]̵p̲o̲w̲_̲o̲n̲e̲]̲\n\nNote: This linter can be disabled with `set_option linter.unusedSimpArgs false`",
   "level": "warning"},
  {"message":
   "fast_verified_mul/toom3.lean:363:6: This simp argument is unused:\n  Int.shiftRight_eq_div_pow\n\nHint: Omit it from the simp argument list.\n  simp only [̵\n  ̵ ̵ ̵ ̵ ̵ ̵ ̵N̵a̵t̵.̵s̵h̵i̵f̵t̵L̵e̵f̵t̵_̵o̵n̵e̵_̵e̵q̵_̵m̵u̵l̵_̵t̵w̵o̵,̵[̲N̲a̲t̲.̲s̲h̲i̲f̲t̲L̲e̲f̲t̲_̲o̲n̲e̲_̲e̲q̲_̲m̲u̲l̲_̲t̲w̲o̲,̲ Nat.shiftLeft_two_eq_mul_four, Int.shiftLeft_one',\n  ̲       ̵ ̵-̵-̵ ̵x̵ ̵<̵<̵<̵ ̵(̵1̵:̵ℤ̵)̵ ̵=̵ ̵x̵ ̵*̵ ̵2̵Int.shiftLeft_eq_mul_pow, -̵-̵ ̵ ̵ ̵x̵ ̵<̵<̵<̵ ̵↑̵n̵ ̵=̵ ̵x̵ ̵*̵ ̵↑̵(̵2̵^̵n̵)̵ ̵I̵n̵t̵.̵s̵h̵i̵f̵t̵R̵i̵g̵h̵t̵_̵e̵q̵_̵d̵i̵v̵_̵p̵o̵w̵,̵\n  ̵ ̵ ̵ ̵ ̵ ̵ ̵-̵-̵ ̵ ̵x̵ ̵>̵>̵>̵ ̵n̵ ̵=̵ ̵x̵ ̵/̵ ̵↑̵(̵2̵^̵n̵)̵ ̵Nat.cast_pow, Nat.cast_ofNat, p̵o̵w̵_̵o̵n̵e̵ ̵]̵p̲o̲w̲_̲o̲n̲e̲]̲\n\nNote: This linter can be disabled with `set_option linter.unusedSimpArgs false`",
   "level": "warning"},
  {"message":
   "fast_verified_mul/toom3.lean:364:6: This simp argument is unused:\n  Nat.cast_pow\n\nHint: Omit it from the simp argument list.\n  simp only [̵\n  ̵ ̵ ̵ ̵ ̵ ̵ ̵N̵a̵t̵.̵s̵h̵i̵f̵t̵L̵e̵f̵t̵_̵o̵n̵e̵_̵e̵q̵_̵m̵u̵l̵_̵t̵w̵o̵,̵[̲N̲a̲t̲.̲s̲h̲i̲f̲t̲L̲e̲f̲t̲_̲o̲n̲e̲_̲e̲q̲_̲m̲u̲l̲_̲t̲w̲o̲,̲ Nat.shiftLeft_two_eq_mul_four, Int.shiftLeft_one',\n  ̲       ̵ ̵-̵-̵ ̵x̵ ̵<̵<̵<̵ ̵(̵1̵:̵ℤ̵)̵ ̵=̵ ̵x̵ ̵*̵ ̵2̵Int.shiftLeft_eq_mul_pow, -̵-̵ ̵ ̵ ̵x̵ ̵<̵<̵<̵ ̵↑̵n̵ ̵=̵ ̵x̵ ̵*̵ ̵↑̵(̵2̵^̵n̵)̵ ̵Int.shiftRight_eq_div_pow, -̵-̵ ̵ ̵x̵ ̵>̵>̵>̵ ̵n̵ ̵=̵ ̵x̵ ̵/̵ ̵↑̵(̵2̵^̵n̵)̵ ̵N̵a̵t̵.̵c̵a̵s̵t̵_̵p̵o̵w̵,̵Nat.cast_ofNat, p̵o̵w̵_̵o̵n̵e̵ ̵]̵p̲o̲w̲_̲o̲n̲e̲]̲\n\nNote: This linter can be disabled with `set_option linter.unusedSimpArgs false`",
   "level": "warning"},
  {"message":
   "fast_verified_mul/toom3.lean:364:36: This simp argument is unused:\n  pow_one\n\nHint: Omit it from the simp argument list.\n  simp only [̵\n  ̵ ̵ ̵ ̵ ̵ ̵ ̵N̵a̵t̵.̵s̵h̵i̵f̵t̵L̵e̵f̵t̵_̵o̵n̵e̵_̵e̵q̵_̵m̵u̵l̵_̵t̵w̵o̵,̵[̲N̲a̲t̲.̲s̲h̲i̲f̲t̲L̲e̲f̲t̲_̲o̲n̲e̲_̲e̲q̲_̲m̲u̲l̲_̲t̲w̲o̲,̲ Nat.shiftLeft_two_eq_mul_four, Int.shiftLeft_one',\n  ̲       ̵ ̵-̵-̵ ̵x̵ ̵<̵<̵<̵ ̵(̵1̵:̵ℤ̵)̵ ̵=̵ ̵x̵ ̵*̵ ̵2̵Int.shiftLeft_eq_mul_pow, -̵-̵ ̵ ̵ ̵x̵ ̵<̵<̵<̵ ̵↑̵n̵ ̵=̵ ̵x̵ ̵*̵ ̵↑̵(̵2̵^̵n̵)̵ ̵Int.shiftRight_eq_div_pow, -̵-̵ ̵ ̵x̵ ̵>̵>̵>̵ ̵n̵ ̵=̵ ̵x̵ ̵/̵ ̵↑̵(̵2̵^̵n̵)̵ ̵Nat.cast_pow, N̵a̵t̵.̵c̵a̵s̵t̵_̵o̵f̵N̵a̵t̵,̵ ̵p̵o̵w̵_̵o̵n̵e̵ ̵]̵N̲a̲t̲.̲c̲a̲s̲t̲_̲o̲f̲N̲a̲t̲]̲\n\nNote: This linter can be disabled with `set_option linter.unusedSimpArgs false`",
   "level": "warning"},
  {"message":
   "fast_verified_mul/toom3.lean:367:39: This simp argument is unused:\n  Int.shiftRight_eq_div_pow\n\nHint: Omit it from the simp argument list.\n  simp +decide [̵ ̵I̵n̵t̵.̵s̵h̵i̵f̵t̵L̵e̵f̵t̵_̵e̵q̵,̵ ̵I̵n̵t̵.̵s̵h̵i̵f̵t̵R̵i̵g̵h̵t̵_̵e̵q̵_̵d̵i̵v̵_̵p̵o̵w̵ ̵]̵[̲I̲n̲t̲.̲s̲h̲i̲f̲t̲L̲e̲f̲t̲_̲e̲q̲]̲\n\nNote: This linter can be disabled with `set_option linter.unusedSimpArgs false`",
   "level": "warning"},
  {"message":
   "fast_verified_mul/toom3.lean:330:0: Please, add a comment explaining the need for modifying the maxHeartbeat limit, as in\nset_option maxHeartbeats 128000000 in\n-- reason for change\n...\n\nNote: This linter can be disabled with `set_option linter.style.maxHeartbeats false`",
   "level": "warning"},
  {"message":
   "fast_verified_mul/toom3.lean:335:24: 'simp [hn]' is a flexible tactic modifying '⊢'. Try 'simp?' and use the suggested 'simp only [...]'. Alternatively, use `suffices` to explicitly state the simplified form.\n\nNote: This linter can be disabled with `set_option linter.flexible false`",
   "level": "warning"},
  {"message":
   "fast_verified_mul/toom3.lean:335:24: Try this:\n  [apply] simp only [Nat.add_one_sub_one, Nat.cast_add, Int.natCast_shiftRight, Nat.cast_natAbs, Int.cast_abs,\n    Int.cast_eq, Nat.cast_ofNat, Int.natCast_shiftLeft, ite_eq_left_iff, not_le]",
   "level": "info"},
  {"message": "fast_verified_mul/toom3.lean:335:35: 'intro h' uses '⊢'!",
   "level": "info"},
  {"message":
   "fast_verified_mul/toom3.lean:335:24: 'simp [hn]' is a flexible tactic modifying '⊢'. Try 'simp?' and use the suggested 'simp only [...]'. Alternatively, use `suffices` to explicitly state the simplified form.\n\nNote: This linter can be disabled with `set_option linter.flexible false`",
   "level": "warning"},
  {"message":
   "fast_verified_mul/toom3.lean:335:24: Try this:\n  [apply] simp only [Nat.add_one_sub_one, Nat.cast_add, Int.natCast_shiftRight, Nat.cast_natAbs, Int.cast_abs,\n    Int.cast_eq, Nat.cast_ofNat, Int.natCast_shiftLeft, ite_eq_left_iff, not_le]",
   "level": "info"},
  {"message":
   "fast_verified_mul/toom3.lean:335:44: 'exact absurd (show n > 3 from h) (by omega)' uses '⊢'!",
   "level": "info"},
  {"message":
   "fast_verified_mul/toom3.lean:377:12: 'simp +zetaDelta at *' is a flexible tactic modifying '*'. Try 'simp?' and use the suggested 'simp only [...]'. Alternatively, use `suffices` to explicitly state the simplified form.\n\nNote: This linter can be disabled with `set_option linter.flexible false`",
   "level": "warning"},
  {"message":
   "fast_verified_mul/toom3.lean:377:12: Try this:\n  [apply] simp +zetaDelta only [Int.natCast_ediv, Nat.cast_pow, Nat.cast_ofNat, mul_eq_mul_right_iff, pow_eq_zero_iff',\n    OfNat.ofNat_ne_zero, ne_eq, mul_eq_zero, or_false, false_and] at *",
   "level": "info"},
  {"message":
   "fast_verified_mul/toom3.lean:379:12: 'rw [Int.shiftRight_eq_div_pow]' uses '*'!",
   "level": "info"},
  {"message":
   "fast_verified_mul/toom3.lean:377:12: 'simp +zetaDelta at *' is a flexible tactic modifying '*'. Try 'simp?' and use the suggested 'simp only [...]'. Alternatively, use `suffices` to explicitly state the simplified form.\n\nNote: This linter can be disabled with `set_option linter.flexible false`",
   "level": "warning"},
  {"message":
   "fast_verified_mul/toom3.lean:377:12: Try this:\n  [apply] simp +zetaDelta only [Int.natCast_ediv, Nat.cast_pow, Nat.cast_ofNat, mul_eq_mul_right_iff, pow_eq_zero_iff',\n    OfNat.ofNat_ne_zero, ne_eq, mul_eq_zero, or_false, false_and] at *",
   "level": "info"},
  {"message":
   "fast_verified_mul/toom3.lean:380:12: 'rw [Int.ediv_ediv]' uses '*'!",
   "level": "info"},
  {"message":
   "fast_verified_mul/toom3.lean:383:10: 'simp +zetaDelta at *' is a flexible tactic modifying '*'. Try 'simp?' and use the suggested 'simp only [...]'. Alternatively, use `suffices` to explicitly state the simplified form.\n\nNote: This linter can be disabled with `set_option linter.flexible false`",
   "level": "warning"},
  {"message":
   "fast_verified_mul/toom3.lean:383:10: Try this:\n  [apply] simp +zetaDelta only [Int.natCast_emod, Nat.cast_pow, Nat.cast_ofNat, Int.natCast_ediv] at *",
   "level": "info"},
  {"message": "fast_verified_mul/toom3.lean:384:10: 'congr! 1' uses '*'!",
   "level": "info"},
  {"message":
   "fast_verified_mul/toom3.lean:383:10: 'simp +zetaDelta at *' is a flexible tactic modifying '*'. Try 'simp?' and use the suggested 'simp only [...]'. Alternatively, use `suffices` to explicitly state the simplified form.\n\nNote: This linter can be disabled with `set_option linter.flexible false`",
   "level": "warning"},
  {"message":
   "fast_verified_mul/toom3.lean:383:10: Try this:\n  [apply] simp +zetaDelta only [Int.natCast_emod, Nat.cast_pow, Nat.cast_ofNat, Int.natCast_ediv] at *",
   "level": "info"},
  {"message": "fast_verified_mul/toom3.lean:385:12: 'congr! 1' uses '*'!",
   "level": "info"},
  {"message":
   "fast_verified_mul/toom3.lean:383:10: 'simp +zetaDelta at *' is a flexible tactic modifying '*'. Try 'simp?' and use the suggested 'simp only [...]'. Alternatively, use `suffices` to explicitly state the simplified form.\n\nNote: This linter can be disabled with `set_option linter.flexible false`",
   "level": "warning"},
  {"message":
   "fast_verified_mul/toom3.lean:383:10: Try this:\n  [apply] simp +zetaDelta only [Int.natCast_emod, Nat.cast_pow, Nat.cast_ofNat, Int.natCast_ediv] at *",
   "level": "info"},
  {"message":
   "fast_verified_mul/toom3.lean:386:14: 'convert congr_arg Int.ofNat (Nat.and_mask_eq_mod _ _) using 1' uses '*'!",
   "level": "info"},
  {"message":
   "fast_verified_mul/toom3.lean:383:10: 'simp +zetaDelta at *' is a flexible tactic modifying '*'. Try 'simp?' and use the suggested 'simp only [...]'. Alternatively, use `suffices` to explicitly state the simplified form.\n\nNote: This linter can be disabled with `set_option linter.flexible false`",
   "level": "warning"},
  {"message":
   "fast_verified_mul/toom3.lean:383:10: Try this:\n  [apply] simp +zetaDelta only [Int.natCast_emod, Nat.cast_pow, Nat.cast_ofNat, Int.natCast_ediv] at *",
   "level": "info"},
  {"message":
   "fast_verified_mul/toom3.lean:391:12: 'rw [Int.shiftRight_eq_div_pow]' uses '*'!",
   "level": "info"},
  {"message":
   "fast_verified_mul/toom3.lean:383:10: 'simp +zetaDelta at *' is a flexible tactic modifying '*'. Try 'simp?' and use the suggested 'simp only [...]'. Alternatively, use `suffices` to explicitly state the simplified form.\n\nNote: This linter can be disabled with `set_option linter.flexible false`",
   "level": "warning"},
  {"message":
   "fast_verified_mul/toom3.lean:383:10: Try this:\n  [apply] simp +zetaDelta only [Int.natCast_emod, Nat.cast_pow, Nat.cast_ofNat, Int.natCast_ediv] at *",
   "level": "info"},
  {"message":
   "fast_verified_mul/toom3.lean:392:12: 'rw [Int.ediv_ediv]' uses '*'!",
   "level": "info"},
  {"message":
   "fast_verified_mul/toom3.lean:336:100: This line exceeds the 100 character limit, please shorten it!\n\nNote: This linter can be disabled with `set_option linter.style.longLine false`",
   "level": "warning"},
  {"message":
   "fast_verified_mul/toom3.lean:366:100: This line exceeds the 100 character limit, please shorten it!\n\nNote: This linter can be disabled with `set_option linter.style.longLine false`",
   "level": "warning"},
  {"message":
   "fast_verified_mul/toom3.lean:369:100: This line exceeds the 100 character limit, please shorten it!\n\nNote: This linter can be disabled with `set_option linter.style.longLine false`",
   "level": "warning"}],
 "inputs":
 [["fast_verified_mul.toom3:deps",
   [["deps",
     [["fast_verified_mul/fast_verified_mul:extraDep",
       [["@fast_verified_mul:extraDep", "00000000000006bb"]]],
      ["imports",
       [["Mathlib transitive imports (legacy)", "abc115b3312ed7dd"],
        ["Mathlib:importAllArts", "ae402e6d874ae9a0"]]]]],
    ["libs",
     [["import dynlibs", "00000000000006bb"],
      ["package external libraries", "00000000000006bb"],
      ["module dynlibs", "00000000000006bb"],
      ["module plugins", "00000000000006bb"]]]]],
  ["Lean 4.30.0, commit 3dc1a088b6d2d8eafe25a7cd7ec7b58d731bd7cc",
   "2c8d2623007dfc36"],
  ["/home/n/Documents/github/verified_mul_dcv/fast_verified_mul/toom3.lean",
   "c4512e89d4cfddec"],
  ["options",
   [["-DmaxSynthPendingDepth=3", "c78e353d34de85d4"],
    ["-Dweak.linter.mathlibStandardSet=true", "8a155799906f2b42"],
    ["-DrelaxedAutoImplicit=false", "74a2b5546b55be80"],
    ["-Dpp.unicode.fun=true", "9b94070140457fab"]]],
  ["isModule: false", "feefd2a0d3a1847e"],
  ["Module.name: fast_verified_mul.toom3", "2ae88542fa928566"],
  ["Package.id?: (some fast_verified_mul)", "69bf6ad753670a8e"],
  ["Module.leanArgs: #[]", "00000000000006bb"]],
 "depHash": "059a397219e470c8"}