{"synthetic": false,
 "schemaVersion": "2025-09-10",
 "outputs":
 {"o": ["e33f0015131d8e88.olean"],
  "m": false,
  "i": "0e50d1141b6674f6.ilean",
  "c": "acb2836f1ca17baa.c"},
 "log":
 [{"message":
   ".> LEAN_PATH=/home/n/Documents/github/verified_mul_dcv/.lake/packages/Cli/.lake/build/lib/lean:/home/n/Documents/github/verified_mul_dcv/.lake/packages/batteries/.lake/build/lib/lean:/home/n/Documents/github/verified_mul_dcv/.lake/packages/Qq/.lake/build/lib/lean:/home/n/Documents/github/verified_mul_dcv/.lake/packages/aesop/.lake/build/lib/lean:/home/n/Documents/github/verified_mul_dcv/.lake/packages/proofwidgets/.lake/build/lib/lean:/home/n/Documents/github/verified_mul_dcv/.lake/packages/importGraph/.lake/build/lib/lean:/home/n/Documents/github/verified_mul_dcv/.lake/packages/LeanSearchClient/.lake/build/lib/lean:/home/n/Documents/github/verified_mul_dcv/.lake/packages/plausible/.lake/build/lib/lean:/home/n/Documents/github/verified_mul_dcv/.lake/packages/mathlib/.lake/build/lib/lean:/home/n/Documents/github/verified_mul_dcv/.lake/packages/cslib/.lake/build/lib/lean:/home/n/Documents/github/verified_mul_dcv/.lake/build/lib/lean /home/n/.elan/toolchains/leanprover--lean4---v4.30.0-rc2/bin/lean /home/n/Documents/github/verified_mul_dcv/fast_verified_mul/toom3_bigO_draft.lean -o /home/n/Documents/github/verified_mul_dcv/.lake/build/lib/lean/fast_verified_mul/toom3_bigO_draft.olean -i /home/n/Documents/github/verified_mul_dcv/.lake/build/lib/lean/fast_verified_mul/toom3_bigO_draft.ilean -c /home/n/Documents/github/verified_mul_dcv/.lake/build/ir/fast_verified_mul/toom3_bigO_draft.c --setup /home/n/Documents/github/verified_mul_dcv/.lake/build/ir/fast_verified_mul/toom3_bigO_draft.setup.json --json",
   "level": "trace"},
  {"message":
   "fast_verified_mul/toom3_bigO_draft.lean:45:100: This line exceeds the 100 character limit, please shorten it!\n\nNote: This linter can be disabled with `set_option linter.style.longLine false`",
   "level": "warning"},
  {"message":
   "fast_verified_mul/toom3_bigO_draft.lean:54:163: `mul_le_mul_left'` has been deprecated: Use `mul_le_mul_right` instead",
   "level": "warning"},
  {"message":
   "fast_verified_mul/toom3_bigO_draft.lean:54:100: This line exceeds the 100 character limit, please shorten it!\n\nNote: This linter can be disabled with `set_option linter.style.longLine false`",
   "level": "warning"},
  {"message":
   "fast_verified_mul/toom3_bigO_draft.lean:62:127: This simp argument is unused:\n  Nat.pow_succ'\n\nHint: Omit it from the simp argument list.\n  simp_all +decide ̵[̵ ̵N̵a̵t̵.̵p̵o̵w̵_̵s̵u̵c̵c̵'̵ ̵]̵\n\nNote: This linter can be disabled with `set_option linter.unusedSimpArgs false`",
   "level": "warning"},
  {"message":
   "fast_verified_mul/toom3_bigO_draft.lean:62:108: 'simp_all +decide [ Nat.pow_succ' ]' is a flexible tactic modifying '⊢'. Try 'simp_all?' and use the suggested 'simp_all only [...]'. Alternatively, use `suffices` to explicitly state the simplified form.\n\nNote: This linter can be disabled with `set_option linter.flexible false`",
   "level": "warning"},
  {"message":
   "fast_verified_mul/toom3_bigO_draft.lean:62:108: Try this:\n  [apply] simp_all +decide only [zero_add, mul_one, mul_zero, add_zero, one_mul, zero_mul]",
   "level": "info"},
  {"message":
   "fast_verified_mul/toom3_bigO_draft.lean:63:4: 'any_goals\n  nlinarith [Nat.pow_le_pow_right (by decide : 1 ≤ 2) hi,\n    Nat.pow_le_pow_right (by decide : 1 ≤ 2) (show 2 * i ≥ 2 by linarith)];' uses '⊢'!",
   "level": "info"},
  {"message":
   "fast_verified_mul/toom3_bigO_draft.lean:62:108: 'simp_all +decide [ Nat.pow_succ' ]' is a flexible tactic modifying '⊢'. Try 'simp_all?' and use the suggested 'simp_all only [...]'. Alternatively, use `suffices` to explicitly state the simplified form.\n\nNote: This linter can be disabled with `set_option linter.flexible false`",
   "level": "warning"},
  {"message":
   "fast_verified_mul/toom3_bigO_draft.lean:62:108: Try this:\n  [apply] simp_all +decide only [zero_add, mul_one, Nat.reduceAdd, one_mul]",
   "level": "info"},
  {"message":
   "fast_verified_mul/toom3_bigO_draft.lean:63:4: 'any_goals\n  nlinarith [Nat.pow_le_pow_right (by decide : 1 ≤ 2) hi,\n    Nat.pow_le_pow_right (by decide : 1 ≤ 2) (show 2 * i ≥ 2 by linarith)];' uses '⊢'!",
   "level": "info"},
  {"message":
   "fast_verified_mul/toom3_bigO_draft.lean:62:108: 'simp_all +decide [ Nat.pow_succ' ]' is a flexible tactic modifying '⊢'. Try 'simp_all?' and use the suggested 'simp_all only [...]'. Alternatively, use `suffices` to explicitly state the simplified form.\n\nNote: This linter can be disabled with `set_option linter.flexible false`",
   "level": "warning"},
  {"message":
   "fast_verified_mul/toom3_bigO_draft.lean:62:108: Try this:\n  [apply] simp_all +decide only [zero_add, mul_one, one_mul]",
   "level": "info"},
  {"message":
   "fast_verified_mul/toom3_bigO_draft.lean:63:4: 'any_goals\n  nlinarith [Nat.pow_le_pow_right (by decide : 1 ≤ 2) hi,\n    Nat.pow_le_pow_right (by decide : 1 ≤ 2) (show 2 * i ≥ 2 by linarith)];' uses '⊢'!",
   "level": "info"},
  {"message":
   "fast_verified_mul/toom3_bigO_draft.lean:62:108: 'simp_all +decide [ Nat.pow_succ' ]' is a flexible tactic modifying '⊢'. Try 'simp_all?' and use the suggested 'simp_all only [...]'. Alternatively, use `suffices` to explicitly state the simplified form.\n\nNote: This linter can be disabled with `set_option linter.flexible false`",
   "level": "warning"},
  {"message":
   "fast_verified_mul/toom3_bigO_draft.lean:62:108: Try this:\n  [apply] simp_all +decide only [mul_zero, add_zero, zero_mul]",
   "level": "info"},
  {"message":
   "fast_verified_mul/toom3_bigO_draft.lean:63:4: 'any_goals\n  nlinarith [Nat.pow_le_pow_right (by decide : 1 ≤ 2) hi,\n    Nat.pow_le_pow_right (by decide : 1 ≤ 2) (show 2 * i ≥ 2 by linarith)];' uses '⊢'!",
   "level": "info"},
  {"message":
   "fast_verified_mul/toom3_bigO_draft.lean:62:108: 'simp_all +decide [ Nat.pow_succ' ]' is a flexible tactic modifying '⊢'. Try 'simp_all?' and use the suggested 'simp_all only [...]'. Alternatively, use `suffices` to explicitly state the simplified form.\n\nNote: This linter can be disabled with `set_option linter.flexible false`",
   "level": "warning"},
  {"message":
   "fast_verified_mul/toom3_bigO_draft.lean:62:108: Try this:\n  [apply] simp_all +decide only [zero_add, mul_one, one_mul]",
   "level": "info"},
  {"message":
   "fast_verified_mul/toom3_bigO_draft.lean:63:4: 'any_goals\n  nlinarith [Nat.pow_le_pow_right (by decide : 1 ≤ 2) hi,\n    Nat.pow_le_pow_right (by decide : 1 ≤ 2) (show 2 * i ≥ 2 by linarith)];' uses '⊢'!",
   "level": "info"},
  {"message":
   "fast_verified_mul/toom3_bigO_draft.lean:62:108: 'simp_all +decide [ Nat.pow_succ' ]' is a flexible tactic modifying '⊢'. Try 'simp_all?' and use the suggested 'simp_all only [...]'. Alternatively, use `suffices` to explicitly state the simplified form.\n\nNote: This linter can be disabled with `set_option linter.flexible false`",
   "level": "warning"},
  {"message":
   "fast_verified_mul/toom3_bigO_draft.lean:63:4: 'any_goals\n  nlinarith [Nat.pow_le_pow_right (by decide : 1 ≤ 2) hi,\n    Nat.pow_le_pow_right (by decide : 1 ≤ 2) (show 2 * i ≥ 2 by linarith)];' uses '⊢'!",
   "level": "info"},
  {"message":
   "fast_verified_mul/toom3_bigO_draft.lean:62:108: 'simp_all +decide [ Nat.pow_succ' ]' is a flexible tactic modifying '⊢'. Try 'simp_all?' and use the suggested 'simp_all only [...]'. Alternatively, use `suffices` to explicitly state the simplified form.\n\nNote: This linter can be disabled with `set_option linter.flexible false`",
   "level": "warning"},
  {"message":
   "fast_verified_mul/toom3_bigO_draft.lean:62:108: Try this:\n  [apply] simp_all +decide only [mul_zero, zero_add, mul_one, zero_mul, one_mul]",
   "level": "info"},
  {"message":
   "fast_verified_mul/toom3_bigO_draft.lean:65:6: 'exact lt_of_lt_of_le (by decide) (Nat.pow_le_pow_right (by decide) (Nat.mul_le_mul_left 2 hi))' uses '⊢'!",
   "level": "info"},
  {"message":
   "fast_verified_mul/toom3_bigO_draft.lean:60:100: This line exceeds the 100 character limit, please shorten it!\n\nNote: This linter can be disabled with `set_option linter.style.longLine false`",
   "level": "warning"},
  {"message":
   "fast_verified_mul/toom3_bigO_draft.lean:61:100: This line exceeds the 100 character limit, please shorten it!\n\nNote: This linter can be disabled with `set_option linter.style.longLine false`",
   "level": "warning"},
  {"message":
   "fast_verified_mul/toom3_bigO_draft.lean:62:100: This line exceeds the 100 character limit, please shorten it!\n\nNote: This linter can be disabled with `set_option linter.style.longLine false`",
   "level": "warning"},
  {"message":
   "fast_verified_mul/toom3_bigO_draft.lean:63:100: This line exceeds the 100 character limit, please shorten it!\n\nNote: This linter can be disabled with `set_option linter.style.longLine false`",
   "level": "warning"},
  {"message":
   "fast_verified_mul/toom3_bigO_draft.lean:65:100: This line exceeds the 100 character limit, please shorten it!\n\nNote: This linter can be disabled with `set_option linter.style.longLine false`",
   "level": "warning"},
  {"message":
   "fast_verified_mul/toom3_bigO_draft.lean:72:100: This line exceeds the 100 character limit, please shorten it!\n\nNote: This linter can be disabled with `set_option linter.style.longLine false`",
   "level": "warning"},
  {"message":
   "fast_verified_mul/toom3_bigO_draft.lean:73:100: This line exceeds the 100 character limit, please shorten it!\n\nNote: This linter can be disabled with `set_option linter.style.longLine false`",
   "level": "warning"},
  {"message":
   "fast_verified_mul/toom3_bigO_draft.lean:83:2: Try this:\n  [apply] ring_nf\n  \n  The `ring` tactic failed to close the goal. Use `ring_nf` to obtain a normal form.\n    \n  Note that `ring` works primarily in *commutative* rings. If you have a noncommutative ring, abelian group or module, consider using `noncomm_ring`, `abel` or `module` instead.",
   "level": "info"},
  {"message":
   "fast_verified_mul/toom3_bigO_draft.lean:81:2: 'simp +decide [ Nat.shiftLeft_eq, Nat.shiftRight_eq_div_pow ]' is a flexible tactic modifying '⊢'. Try 'simp?' and use the suggested 'simp only [...]'. Alternatively, use `suffices` to explicitly state the simplified form.\n\nNote: This linter can be disabled with `set_option linter.flexible false`",
   "level": "warning"},
  {"message":
   "fast_verified_mul/toom3_bigO_draft.lean:82:2: 'rw [Nat.div_div_eq_div_mul, pow_mul]' uses '⊢'!",
   "level": "info"},
  {"message":
   "fast_verified_mul/toom3_bigO_draft.lean:95:4: Try this:\n  [apply] exact Nat.max_ge_two_pow_i a b hn",
   "level": "info"},
  {"message":
   "fast_verified_mul/toom3_bigO_draft.lean:98:6: The `refine'` tactic is discouraged: please strongly consider using `refine` or `apply` instead.\n\nNote: This linter can be disabled with `set_option linter.style.refine false`",
   "level": "warning"},
  {"message":
   "fast_verified_mul/toom3_bigO_draft.lean:97:28: 'simp_all +decide [ Nat.shiftLeft_eq ]' is a flexible tactic modifying '⊢'. Try 'simp_all?' and use the suggested 'simp_all only [...]'. Alternatively, use `suffices` to explicitly state the simplified form.\n\nNote: This linter can be disabled with `set_option linter.flexible false`",
   "level": "warning"},
  {"message":
   "fast_verified_mul/toom3_bigO_draft.lean:98:6: 'refine' add_lt_add_of_lt_of_le _ _' uses '⊢'!",
   "level": "info"},
  {"message":
   "fast_verified_mul/toom3_bigO_draft.lean:97:28: 'simp_all +decide [ Nat.shiftLeft_eq ]' is a flexible tactic modifying '⊢'. Try 'simp_all?' and use the suggested 'simp_all only [...]'. Alternatively, use `suffices` to explicitly state the simplified form.\n\nNote: This linter can be disabled with `set_option linter.flexible false`",
   "level": "warning"},
  {"message":
   "fast_verified_mul/toom3_bigO_draft.lean:99:8: 'exact lt_of_lt_of_le (Nat.mod_lt _ (by positivity)) h_max_ge_two_pow_i' uses '⊢'!",
   "level": "info"},
  {"message":
   "fast_verified_mul/toom3_bigO_draft.lean:97:28: 'simp_all +decide [ Nat.shiftLeft_eq ]' is a flexible tactic modifying '⊢'. Try 'simp_all?' and use the suggested 'simp_all only [...]'. Alternatively, use `suffices` to explicitly state the simplified form.\n\nNote: This linter can be disabled with `set_option linter.flexible false`",
   "level": "warning"},
  {"message":
   "fast_verified_mul/toom3_bigO_draft.lean:100:8: 'exact Nat.mod_le _ _' uses '⊢'!",
   "level": "info"},
  {"message":
   "fast_verified_mul/toom3_bigO_draft.lean:97:28: 'simp_all +decide [ Nat.shiftLeft_eq ]' is a flexible tactic modifying '⊢'. Try 'simp_all?' and use the suggested 'simp_all only [...]'. Alternatively, use `suffices` to explicitly state the simplified form.\n\nNote: This linter can be disabled with `set_option linter.flexible false`",
   "level": "warning"},
  {"message":
   "fast_verified_mul/toom3_bigO_draft.lean:101:6: 'exact\n  add_lt_add_of_le_of_lt (Nat.mod_le _ _) (Nat.mod_lt _ (by positivity) |> LT.lt.trans_le <| by linarith)' uses '⊢'!",
   "level": "info"},
  {"message":
   "fast_verified_mul/toom3_bigO_draft.lean:96:100: This line exceeds the 100 character limit, please shorten it!\n\nNote: This linter can be disabled with `set_option linter.style.longLine false`",
   "level": "warning"},
  {"message":
   "fast_verified_mul/toom3_bigO_draft.lean:101:100: This line exceeds the 100 character limit, please shorten it!\n\nNote: This linter can be disabled with `set_option linter.style.longLine false`",
   "level": "warning"},
  {"message":
   "fast_verified_mul/toom3_bigO_draft.lean:113:4: Try this:\n  [apply] exact Nat.three_part_sum_le a (((max a b).size + 2) / 3)",
   "level": "info"},
  {"message":
   "fast_verified_mul/toom3_bigO_draft.lean:115:4: Try this:\n  [apply] exact Nat.three_part_sum_le b (((max a b).size + 2) / 3)",
   "level": "info"},
  {"message":
   "fast_verified_mul/toom3_bigO_draft.lean:120:78: Try this:\n  [apply] ring_nf\n  \n  The `ring` tactic failed to close the goal. Use `ring_nf` to obtain a normal form.\n    \n  Note that `ring` works primarily in *commutative* rings. If you have a noncommutative ring, abelian group or module, consider using `noncomm_ring`, `abel` or `module` instead.",
   "level": "info"},
  {"message":
   "fast_verified_mul/toom3_bigO_draft.lean:121:55: Try this:\n  [apply] ring_nf\n  \n  The `ring` tactic failed to close the goal. Use `ring_nf` to obtain a normal form.\n    \n  Note that `ring` works primarily in *commutative* rings. If you have a noncommutative ring, abelian group or module, consider using `noncomm_ring`, `abel` or `module` instead.",
   "level": "info"},
  {"message":
   "fast_verified_mul/toom3_bigO_draft.lean:118:27: 'simp_all +decide [ Nat.shiftLeft_eq, Nat.shiftRight_eq_div_pow ]' is a flexible tactic modifying '⊢'. Try 'simp_all?' and use the suggested 'simp_all only [...]'. Alternatively, use `suffices` to explicitly state the simplified form.\n\nNote: This linter can be disabled with `set_option linter.flexible false`",
   "level": "warning"},
  {"message":
   "fast_verified_mul/toom3_bigO_draft.lean:118:27: Try this:\n  [apply] simp_all +decide only [Nat.cast_add, Int.natCast_shiftRight, gt_iff_lt]",
   "level": "info"},
  {"message":
   "fast_verified_mul/toom3_bigO_draft.lean:120:4: 'convert add_lt_add_of_lt_of_le (h_ineq a h_ineq_max) h_ineq_b using 1' uses '⊢'!",
   "level": "info"},
  {"message":
   "fast_verified_mul/toom3_bigO_draft.lean:118:27: 'simp_all +decide [ Nat.shiftLeft_eq, Nat.shiftRight_eq_div_pow ]' is a flexible tactic modifying '⊢'. Try 'simp_all?' and use the suggested 'simp_all only [...]'. Alternatively, use `suffices` to explicitly state the simplified form.\n\nNote: This linter can be disabled with `set_option linter.flexible false`",
   "level": "warning"},
  {"message":
   "fast_verified_mul/toom3_bigO_draft.lean:118:27: Try this:\n  [apply] simp_all +decide only [Nat.cast_add, Int.natCast_shiftRight, gt_iff_lt]",
   "level": "info"},
  {"message":
   "fast_verified_mul/toom3_bigO_draft.lean:123:4: 'rw [show (b.size + 2) / 3 * 2 = (b.size + 2) / 3 + (b.size + 2) / 3 by ring]' uses '⊢'!",
   "level": "info"},
  {"message":
   "fast_verified_mul/toom3_bigO_draft.lean:108:100: This line exceeds the 100 character limit, please shorten it!\n\nNote: This linter can be disabled with `set_option linter.style.longLine false`",
   "level": "warning"},
  {"message":
   "fast_verified_mul/toom3_bigO_draft.lean:112:100: This line exceeds the 100 character limit, please shorten it!\n\nNote: This linter can be disabled with `set_option linter.style.longLine false`",
   "level": "warning"},
  {"message":
   "fast_verified_mul/toom3_bigO_draft.lean:114:100: This line exceeds the 100 character limit, please shorten it!\n\nNote: This linter can be disabled with `set_option linter.style.longLine false`",
   "level": "warning"},
  {"message":
   "fast_verified_mul/toom3_bigO_draft.lean:123:100: This line exceeds the 100 character limit, please shorten it!\n\nNote: This linter can be disabled with `set_option linter.style.longLine false`",
   "level": "warning"},
  {"message":
   "fast_verified_mul/toom3_bigO_draft.lean:139:6: Try this:\n  [apply] exact Nat.max_ge_two_pow_i a b hn",
   "level": "info"},
  {"message":
   "fast_verified_mul/toom3_bigO_draft.lean:146:92: This simp argument is unused:\n  add_left_comm\n\nHint: Omit it from the simp argument list.\n  simp_all +decide [̵ ̵a̵d̵d̵_̵c̵o̵m̵m̵,̵ ̵a̵d̵d̵_̵l̵e̵f̵t̵_̵c̵o̵m̵m̵,̵ ̵a̵d̵d̵_̵a̵s̵s̵o̵c̵ ̵]̵[̲a̲d̲d̲_̲c̲o̲m̲m̲,̲\n  ̲ ̲ ̲ ̲ ̲ ̲ ̲ ̲ ̲a̲d̲d̲_̲a̲s̲s̲o̲c̲]̲\n\nNote: This linter can be disabled with `set_option linter.unusedSimpArgs false`",
   "level": "warning"},
  {"message":
   "fast_verified_mul/toom3_bigO_draft.lean:146:107: This simp argument is unused:\n  add_assoc\n\nHint: Omit it from the simp argument list.\n  simp_all +decide [̵ ̵a̵d̵d̵_̵c̵o̵m̵m̵,̵ ̵a̵d̵d̵_̵l̵e̵f̵t̵_̵c̵o̵m̵m̵,̵ ̵a̵d̵d̵_̵a̵s̵s̵o̵c̵ ̵]̵[̲a̲d̲d̲_̲c̲o̲m̲m̲,̲\n  ̲ ̲ ̲ ̲ ̲ ̲ ̲ ̲ ̲a̲d̲d̲_̲l̲e̲f̲t̲_̲c̲o̲m̲m̲]̲\n\nNote: This linter can be disabled with `set_option linter.unusedSimpArgs false`",
   "level": "warning"},
  {"message":
   "fast_verified_mul/toom3_bigO_draft.lean:130:2: The `refine'` tactic is discouraged: please strongly consider using `refine` or `apply` instead.\n\nNote: This linter can be disabled with `set_option linter.style.refine false`",
   "level": "warning"},
  {"message":
   "fast_verified_mul/toom3_bigO_draft.lean:133:4: The `refine'` tactic is discouraged: please strongly consider using `refine` or `apply` instead.\n\nNote: This linter can be disabled with `set_option linter.style.refine false`",
   "level": "warning"},
  {"message":
   "fast_verified_mul/toom3_bigO_draft.lean:136:4: The `refine'` tactic is discouraged: please strongly consider using `refine` or `apply` instead.\n\nNote: This linter can be disabled with `set_option linter.style.refine false`",
   "level": "warning"},
  {"message":
   "fast_verified_mul/toom3_bigO_draft.lean:134:4: 'simp +decide [ Nat.and_mask_eq_mod, Nat.shiftRight_eq_div_pow ]' is a flexible tactic modifying '⊢'. Try 'simp?' and use the suggested 'simp only [...]'. Alternatively, use `suffices` to explicitly state the simplified form.\n\nNote: This linter can be disabled with `set_option linter.flexible false`",
   "level": "warning"},
  {"message":
   "fast_verified_mul/toom3_bigO_draft.lean:135:4: 'rw [Nat.div_div_eq_div_mul]' uses '⊢'!",
   "level": "info"},
  {"message":
   "fast_verified_mul/toom3_bigO_draft.lean:136:63: 'simp +arith +decide [ Nat.shiftRight_eq_div_pow, Nat.shiftLeft_eq_mul_pow ]' is a flexible tactic modifying '⊢'. Try 'simp?' and use the suggested 'simp only [...]'. Alternatively, use `suffices` to explicitly state the simplified form.\n\nNote: This linter can be disabled with `set_option linter.flexible false`",
   "level": "warning"},
  {"message":
   "fast_verified_mul/toom3_bigO_draft.lean:137:4: 'rw [Nat.div_div_eq_div_mul]' uses '⊢'!",
   "level": "info"},
  {"message":
   "fast_verified_mul/toom3_bigO_draft.lean:131:2: The following tactic starts with 5 goals and ends with 4 goals, 4 of which are not operated on.\n  exact\n    (a % 2 ^ (((max a b).size + 2) / 3) + a / 2 ^ (((max a b).size + 2) / 3) / 2 ^ (((max a b).size + 2) / 3)) +\n      (a / 2 ^ (((max a b).size + 2) / 3) % 2 ^ (((max a b).size + 2) / 3))\nPlease focus on the current goal, for instance using `·` (typed as \"\\.\").\n\nNote: This linter can be disabled with `set_option linter.style.multiGoal false`",
   "level": "warning"},
  {"message":
   "fast_verified_mul/toom3_bigO_draft.lean:132:2: The following tactic starts with 4 goals and ends with 3 goals, 3 of which are not operated on.\n  exact\n    b % 2 ^ (((max a b).size + 2) / 3) + b / 2 ^ (((max a b).size + 2) / 3) / 2 ^ (((max a b).size + 2) / 3) +\n      b / 2 ^ (((max a b).size + 2) / 3) % 2 ^ (((max a b).size + 2) / 3)\nPlease focus on the current goal, for instance using `·` (typed as \"\\.\").\n\nNote: This linter can be disabled with `set_option linter.style.multiGoal false`",
   "level": "warning"},
  {"message":
   "fast_verified_mul/toom3_bigO_draft.lean:131:100: This line exceeds the 100 character limit, please shorten it!\n\nNote: This linter can be disabled with `set_option linter.style.longLine false`",
   "level": "warning"},
  {"message":
   "fast_verified_mul/toom3_bigO_draft.lean:132:100: This line exceeds the 100 character limit, please shorten it!\n\nNote: This linter can be disabled with `set_option linter.style.longLine false`",
   "level": "warning"},
  {"message":
   "fast_verified_mul/toom3_bigO_draft.lean:136:100: This line exceeds the 100 character limit, please shorten it!\n\nNote: This linter can be disabled with `set_option linter.style.longLine false`",
   "level": "warning"},
  {"message":
   "fast_verified_mul/toom3_bigO_draft.lean:140:100: This line exceeds the 100 character limit, please shorten it!\n\nNote: This linter can be disabled with `set_option linter.style.longLine false`",
   "level": "warning"},
  {"message":
   "fast_verified_mul/toom3_bigO_draft.lean:146:100: This line exceeds the 100 character limit, please shorten it!\n\nNote: This linter can be disabled with `set_option linter.style.longLine false`",
   "level": "warning"},
  {"message":
   "fast_verified_mul/toom3_bigO_draft.lean:148:100: This line exceeds the 100 character limit, please shorten it!\n\nNote: This linter can be disabled with `set_option linter.style.longLine false`",
   "level": "warning"},
  {"message":
   "fast_verified_mul/toom3_bigO_draft.lean:161:177: Try this:\n  [apply] ring_nf\n  \n  The `ring` tactic failed to close the goal. Use `ring_nf` to obtain a normal form.\n    \n  Note that `ring` works primarily in *commutative* rings. If you have a noncommutative ring, abelian group or module, consider using `noncomm_ring`, `abel` or `module` instead.",
   "level": "info"},
  {"message":
   "fast_verified_mul/toom3_bigO_draft.lean:162:55: Try this:\n  [apply] ring_nf\n  \n  The `ring` tactic failed to close the goal. Use `ring_nf` to obtain a normal form.\n    \n  Note that `ring` works primarily in *commutative* rings. If you have a noncommutative ring, abelian group or module, consider using `noncomm_ring`, `abel` or `module` instead.",
   "level": "info"},
  {"message":
   "fast_verified_mul/toom3_bigO_draft.lean:166:249: Try this:\n  [apply] ring_nf\n  \n  The `ring` tactic failed to close the goal. Use `ring_nf` to obtain a normal form.\n    \n  Note that `ring` works primarily in *commutative* rings. If you have a noncommutative ring, abelian group or module, consider using `noncomm_ring`, `abel` or `module` instead.",
   "level": "info"},
  {"message":
   "fast_verified_mul/toom3_bigO_draft.lean:167:36: Try this:\n  [apply] ring_nf\n  \n  The `ring` tactic failed to close the goal. Use `ring_nf` to obtain a normal form.\n    \n  Note that `ring` works primarily in *commutative* rings. If you have a noncommutative ring, abelian group or module, consider using `noncomm_ring`, `abel` or `module` instead.",
   "level": "info"},
  {"message":
   "fast_verified_mul/toom3_bigO_draft.lean:171:28: Try this:\n  [apply] ring_nf\n  \n  The `ring` tactic failed to close the goal. Use `ring_nf` to obtain a normal form.\n    \n  Note that `ring` works primarily in *commutative* rings. If you have a noncommutative ring, abelian group or module, consider using `noncomm_ring`, `abel` or `module` instead.",
   "level": "info"},
  {"message":
   "fast_verified_mul/toom3_bigO_draft.lean:172:38: Try this:\n  [apply] ring_nf\n  \n  The `ring` tactic failed to close the goal. Use `ring_nf` to obtain a normal form.\n    \n  Note that `ring` works primarily in *commutative* rings. If you have a noncommutative ring, abelian group or module, consider using `noncomm_ring`, `abel` or `module` instead.",
   "level": "info"},
  {"message":
   "fast_verified_mul/toom3_bigO_draft.lean:157:89: This simp argument is unused:\n  Nat.shiftRight_eq_div_pow\n\nHint: Omit it from the simp argument list.\n  simp_all +decide ̵[̵ ̵N̵a̵t̵.̵s̵h̵i̵f̵t̵R̵i̵g̵h̵t̵_̵e̵q̵_̵d̵i̵v̵_̵p̵o̵w̵ ̵]̵\n\nNote: This linter can be disabled with `set_option linter.unusedSimpArgs false`",
   "level": "warning"},
  {"message":
   "fast_verified_mul/toom3_bigO_draft.lean:165:286: This simp argument is unused:\n  Nat.div_div_eq_div_mul\n\nHint: Omit it from the simp argument list.\n  simp +arith +decide [̵ ̵*̵,̵ ̵N̵a̵t̵.̵d̵i̵v̵_̵d̵i̵v̵_̵e̵q̵_̵d̵i̵v̵_̵m̵u̵l̵ ̵]̵[̲*̲]̲\n\nNote: This linter can be disabled with `set_option linter.unusedSimpArgs false`",
   "level": "warning"},
  {"message":
   "fast_verified_mul/toom3_bigO_draft.lean:174:47: This simp argument is unused:\n  Nat.div_eq_of_lt\n\nHint: Omit it from the simp argument list.\n  simp_all +decide ̵[̵ ̵N̵a̵t̵.̵d̵i̵v̵_̵e̵q̵_̵o̵f̵_̵l̵t̵ ̵]̵\n\nNote: This linter can be disabled with `set_option linter.unusedSimpArgs false`",
   "level": "warning"},
  {"message":
   "fast_verified_mul/toom3_bigO_draft.lean:178:61: This simp argument is unused:\n  Nat.pow_succ'\n\nHint: Omit it from the simp argument list.\n  simp_all +decide ̵[̵ ̵N̵a̵t̵.̵p̵o̵w̵_̵s̵u̵c̵c̵'̵ ̵]̵\n\nNote: This linter can be disabled with `set_option linter.unusedSimpArgs false`",
   "level": "warning"},
  {"message":
   "fast_verified_mul/toom3_bigO_draft.lean:157:70: 'simp_all +decide [ Nat.shiftRight_eq_div_pow ]' is a flexible tactic modifying '⊢'. Try 'simp_all?' and use the suggested 'simp_all only [...]'. Alternatively, use `suffices` to explicitly state the simplified form.\n\nNote: This linter can be disabled with `set_option linter.flexible false`",
   "level": "warning"},
  {"message":
   "fast_verified_mul/toom3_bigO_draft.lean:158:4: 'exact Or.inl (Nat.weighted_sum_lt _ _ (by omega) hx)' uses '⊢'!",
   "level": "info"},
  {"message":
   "fast_verified_mul/toom3_bigO_draft.lean:159:36: 'simp_all +decide [ Nat.shiftLeft_eq, Nat.shiftRight_eq_div_pow ]' is a flexible tactic modifying '⊢'. Try 'simp_all?' and use the suggested 'simp_all only [...]'. Alternatively, use `suffices` to explicitly state the simplified form.\n\nNote: This linter can be disabled with `set_option linter.flexible false`",
   "level": "warning"},
  {"message":
   "fast_verified_mul/toom3_bigO_draft.lean:159:36: Try this:\n  [apply] simp_all +decide only [Int.natCast_shiftLeft, Int.natCast_shiftRight, gt_iff_lt]",
   "level": "info"},
  {"message":
   "fast_verified_mul/toom3_bigO_draft.lean:161:4: 'convert\n  add_lt_add ‹a % 2 ^ _ + 2 * (a / 2 ^ _ % 2 ^ _) + 4 * (a / 2 ^ _ / 2 ^ _) < a›\n    ‹b % 2 ^ _ + 2 * (b / 2 ^ _ % 2 ^ _) + 4 * (b / 2 ^ _ / 2 ^ _) < b› using\n  1' uses '⊢'!",
   "level": "info"},
  {"message":
   "fast_verified_mul/toom3_bigO_draft.lean:159:36: 'simp_all +decide [ Nat.shiftLeft_eq, Nat.shiftRight_eq_div_pow ]' is a flexible tactic modifying '⊢'. Try 'simp_all?' and use the suggested 'simp_all only [...]'. Alternatively, use `suffices` to explicitly state the simplified form.\n\nNote: This linter can be disabled with `set_option linter.flexible false`",
   "level": "warning"},
  {"message":
   "fast_verified_mul/toom3_bigO_draft.lean:159:36: Try this:\n  [apply] simp_all +decide only [Int.natCast_shiftLeft, Int.natCast_shiftRight, gt_iff_lt]",
   "level": "info"},
  {"message":
   "fast_verified_mul/toom3_bigO_draft.lean:165:4: 'rw [Nat.div_eq_of_lt\n    (show b < 2 ^ (((max a b).size + 2) / 3 * 2) from\n      lt_of_lt_of_le ‹_›\n        (Nat.pow_le_pow_right (by decide)\n          (by\n            linarith [Nat.div_add_mod ((max a b).size + 2) 3,\n              Nat.mod_lt ((max a b).size + 2) zero_lt_three])))]' uses '⊢'!",
   "level": "info"},
  {"message":
   "fast_verified_mul/toom3_bigO_draft.lean:159:36: 'simp_all +decide [ Nat.shiftLeft_eq, Nat.shiftRight_eq_div_pow ]' is a flexible tactic modifying '⊢'. Try 'simp_all?' and use the suggested 'simp_all only [...]'. Alternatively, use `suffices` to explicitly state the simplified form.\n\nNote: This linter can be disabled with `set_option linter.flexible false`",
   "level": "warning"},
  {"message":
   "fast_verified_mul/toom3_bigO_draft.lean:159:36: Try this:\n  [apply] simp_all +decide only [Int.natCast_shiftLeft, Int.natCast_shiftRight, gt_iff_lt]",
   "level": "info"},
  {"message":
   "fast_verified_mul/toom3_bigO_draft.lean:166:4: 'convert\n  ‹a % 2 ^ (((max a b).size + 2) / 3) + 2 * (a / 2 ^ (((max a b).size + 2) / 3) % 2 ^ (((max a b).size + 2) / 3)) +\n        4 * (a / 2 ^ (((max a b).size + 2) / 3) / 2 ^ (((max a b).size + 2) / 3)) <\n      a› using\n  1' uses '⊢'!",
   "level": "info"},
  {"message":
   "fast_verified_mul/toom3_bigO_draft.lean:159:36: 'simp_all +decide [ Nat.shiftLeft_eq, Nat.shiftRight_eq_div_pow ]' is a flexible tactic modifying '⊢'. Try 'simp_all?' and use the suggested 'simp_all only [...]'. Alternatively, use `suffices` to explicitly state the simplified form.\n\nNote: This linter can be disabled with `set_option linter.flexible false`",
   "level": "warning"},
  {"message":
   "fast_verified_mul/toom3_bigO_draft.lean:159:36: Try this:\n  [apply] simp_all +decide only [Int.natCast_shiftLeft, Int.natCast_shiftRight, gt_iff_lt]",
   "level": "info"},
  {"message":
   "fast_verified_mul/toom3_bigO_draft.lean:167:4: 'rw [Nat.div_div_eq_div_mul]' uses '⊢'!",
   "level": "info"},
  {"message":
   "fast_verified_mul/toom3_bigO_draft.lean:159:36: 'simp_all +decide [ Nat.shiftLeft_eq, Nat.shiftRight_eq_div_pow ]' is a flexible tactic modifying '⊢'. Try 'simp_all?' and use the suggested 'simp_all only [...]'. Alternatively, use `suffices` to explicitly state the simplified form.\n\nNote: This linter can be disabled with `set_option linter.flexible false`",
   "level": "warning"},
  {"message":
   "fast_verified_mul/toom3_bigO_draft.lean:159:36: Try this:\n  [apply] simp_all +decide only [Int.natCast_shiftLeft, Int.natCast_shiftRight, gt_iff_lt]",
   "level": "info"},
  {"message":
   "fast_verified_mul/toom3_bigO_draft.lean:170:4: 'rw [Nat.div_eq_of_lt]' uses '⊢'!",
   "level": "info"},
  {"message":
   "fast_verified_mul/toom3_bigO_draft.lean:159:36: 'simp_all +decide [ Nat.shiftLeft_eq, Nat.shiftRight_eq_div_pow ]' is a flexible tactic modifying '⊢'. Try 'simp_all?' and use the suggested 'simp_all only [...]'. Alternatively, use `suffices` to explicitly state the simplified form.\n\nNote: This linter can be disabled with `set_option linter.flexible false`",
   "level": "warning"},
  {"message":
   "fast_verified_mul/toom3_bigO_draft.lean:159:36: Try this:\n  [apply] simp_all +decide only [Int.natCast_shiftLeft, Int.natCast_shiftRight, gt_iff_lt]",
   "level": "info"},
  {"message":
   "fast_verified_mul/toom3_bigO_draft.lean:171:6: 'convert ‹_› using 1' uses '⊢'!",
   "level": "info"},
  {"message":
   "fast_verified_mul/toom3_bigO_draft.lean:159:36: 'simp_all +decide [ Nat.shiftLeft_eq, Nat.shiftRight_eq_div_pow ]' is a flexible tactic modifying '⊢'. Try 'simp_all?' and use the suggested 'simp_all only [...]'. Alternatively, use `suffices` to explicitly state the simplified form.\n\nNote: This linter can be disabled with `set_option linter.flexible false`",
   "level": "warning"},
  {"message":
   "fast_verified_mul/toom3_bigO_draft.lean:159:36: Try this:\n  [apply] simp_all +decide only [Int.natCast_shiftLeft, Int.natCast_shiftRight, gt_iff_lt]",
   "level": "info"},
  {"message":
   "fast_verified_mul/toom3_bigO_draft.lean:172:6: 'rw [Nat.div_div_eq_div_mul]' uses '⊢'!",
   "level": "info"},
  {"message":
   "fast_verified_mul/toom3_bigO_draft.lean:159:36: 'simp_all +decide [ Nat.shiftLeft_eq, Nat.shiftRight_eq_div_pow ]' is a flexible tactic modifying '⊢'. Try 'simp_all?' and use the suggested 'simp_all only [...]'. Alternatively, use `suffices` to explicitly state the simplified form.\n\nNote: This linter can be disabled with `set_option linter.flexible false`",
   "level": "warning"},
  {"message":
   "fast_verified_mul/toom3_bigO_draft.lean:159:36: Try this:\n  [apply] simp_all +decide only [Int.natCast_shiftLeft, Int.natCast_shiftRight, gt_iff_lt]",
   "level": "info"},
  {"message":
   "fast_verified_mul/toom3_bigO_draft.lean:173:6: 'exact lt_of_lt_of_le ‹_› (Nat.pow_le_pow_right (by decide) (by omega))' uses '⊢'!",
   "level": "info"},
  {"message":
   "fast_verified_mul/toom3_bigO_draft.lean:155:100: This line exceeds the 100 character limit, please shorten it!\n\nNote: This linter can be disabled with `set_option linter.style.longLine false`",
   "level": "warning"},
  {"message":
   "fast_verified_mul/toom3_bigO_draft.lean:156:100: This line exceeds the 100 character limit, please shorten it!\n\nNote: This linter can be disabled with `set_option linter.style.longLine false`",
   "level": "warning"},
  {"message":
   "fast_verified_mul/toom3_bigO_draft.lean:157:100: This line exceeds the 100 character limit, please shorten it!\n\nNote: This linter can be disabled with `set_option linter.style.longLine false`",
   "level": "warning"},
  {"message":
   "fast_verified_mul/toom3_bigO_draft.lean:159:100: This line exceeds the 100 character limit, please shorten it!\n\nNote: This linter can be disabled with `set_option linter.style.longLine false`",
   "level": "warning"},
  {"message":
   "fast_verified_mul/toom3_bigO_draft.lean:161:100: This line exceeds the 100 character limit, please shorten it!\n\nNote: This linter can be disabled with `set_option linter.style.longLine false`",
   "level": "warning"},
  {"message":
   "fast_verified_mul/toom3_bigO_draft.lean:165:100: This line exceeds the 100 character limit, please shorten it!\n\nNote: This linter can be disabled with `set_option linter.style.longLine false`",
   "level": "warning"},
  {"message":
   "fast_verified_mul/toom3_bigO_draft.lean:166:100: This line exceeds the 100 character limit, please shorten it!\n\nNote: This linter can be disabled with `set_option linter.style.longLine false`",
   "level": "warning"},
  {"message":
   "fast_verified_mul/toom3_bigO_draft.lean:186:4: The `refine'` tactic is discouraged: please strongly consider using `refine` or `apply` instead.\n\nNote: This linter can be disabled with `set_option linter.style.refine false`",
   "level": "warning"},
  {"message":
   "fast_verified_mul/toom3_bigO_draft.lean:187:4: The `refine'` tactic is discouraged: please strongly consider using `refine` or `apply` instead.\n\nNote: This linter can be disabled with `set_option linter.style.refine false`",
   "level": "warning"},
  {"message":
   "fast_verified_mul/toom3_bigO_draft.lean:185:26: 'simp_all +decide [ Nat.shiftRight_eq_div_pow ]' is a flexible tactic modifying '⊢'. Try 'simp_all?' and use the suggested 'simp_all only [...]'. Alternatively, use `suffices` to explicitly state the simplified form.\n\nNote: This linter can be disabled with `set_option linter.flexible false`",
   "level": "warning"},
  {"message":
   "fast_verified_mul/toom3_bigO_draft.lean:185:26: Try this:\n  [apply] simp_all +decide only [Int.natCast_shiftRight, gt_iff_lt]",
   "level": "info"},
  {"message":
   "fast_verified_mul/toom3_bigO_draft.lean:186:4: 'refine'\n  add_lt_add_of_lt_of_le (Nat.div_lt_self (by linarith) (one_lt_pow₀ (by decide) (by omega)))\n    (Nat.div_le_self _ _)' uses '⊢'!",
   "level": "info"},
  {"message":
   "fast_verified_mul/toom3_bigO_draft.lean:185:26: 'simp_all +decide [ Nat.shiftRight_eq_div_pow ]' is a flexible tactic modifying '⊢'. Try 'simp_all?' and use the suggested 'simp_all only [...]'. Alternatively, use `suffices` to explicitly state the simplified form.\n\nNote: This linter can be disabled with `set_option linter.flexible false`",
   "level": "warning"},
  {"message":
   "fast_verified_mul/toom3_bigO_draft.lean:185:26: Try this:\n  [apply] simp_all +decide only [Int.natCast_shiftRight, gt_iff_lt]",
   "level": "info"},
  {"message":
   "fast_verified_mul/toom3_bigO_draft.lean:187:4: 'refine' add_lt_add_of_le_of_lt _ _' uses '⊢'!",
   "level": "info"},
  {"message":
   "fast_verified_mul/toom3_bigO_draft.lean:185:26: 'simp_all +decide [ Nat.shiftRight_eq_div_pow ]' is a flexible tactic modifying '⊢'. Try 'simp_all?' and use the suggested 'simp_all only [...]'. Alternatively, use `suffices` to explicitly state the simplified form.\n\nNote: This linter can be disabled with `set_option linter.flexible false`",
   "level": "warning"},
  {"message":
   "fast_verified_mul/toom3_bigO_draft.lean:185:26: Try this:\n  [apply] simp_all +decide only [Int.natCast_shiftRight, gt_iff_lt]",
   "level": "info"},
  {"message":
   "fast_verified_mul/toom3_bigO_draft.lean:188:6: 'exact Nat.div_le_self _ _' uses '⊢'!",
   "level": "info"},
  {"message":
   "fast_verified_mul/toom3_bigO_draft.lean:185:26: 'simp_all +decide [ Nat.shiftRight_eq_div_pow ]' is a flexible tactic modifying '⊢'. Try 'simp_all?' and use the suggested 'simp_all only [...]'. Alternatively, use `suffices` to explicitly state the simplified form.\n\nNote: This linter can be disabled with `set_option linter.flexible false`",
   "level": "warning"},
  {"message":
   "fast_verified_mul/toom3_bigO_draft.lean:185:26: Try this:\n  [apply] simp_all +decide only [Int.natCast_shiftRight, gt_iff_lt]",
   "level": "info"},
  {"message":
   "fast_verified_mul/toom3_bigO_draft.lean:189:6: 'exact Nat.div_lt_self (by linarith) (one_lt_pow₀ (by decide) (by norm_num; omega))' uses '⊢'!",
   "level": "info"},
  {"message":
   "fast_verified_mul/toom3_bigO_draft.lean:186:100: This line exceeds the 100 character limit, please shorten it!\n\nNote: This linter can be disabled with `set_option linter.style.longLine false`",
   "level": "warning"},
  {"message":
   "fast_verified_mul/toom3_bigO_draft.lean:324:40: 'simp at this' is a flexible tactic modifying 'this'. Try 'simp?' and use the suggested 'simp only [...]'. Alternatively, use `suffices` to explicitly state the simplified form.\n\nNote: This linter can be disabled with `set_option linter.flexible false`",
   "level": "warning"},
  {"message":
   "fast_verified_mul/toom3_bigO_draft.lean:324:54: 'exact this' uses 'this'!",
   "level": "info"},
  {"message":
   "fast_verified_mul/toom3_bigO_draft.lean:336:29: This simp argument is unused:\n  TimeM.ret_tick\n\nHint: Omit it from the simp argument list.\n  simp only [TimeM.ret_bind, TimeM.ret_t̵i̵c̵k̵,̵ ̵T̵i̵m̵e̵M̵.̵r̵e̵t̵_̵pure]\n\nNote: This linter can be disabled with `set_option linter.unusedSimpArgs false`",
   "level": "warning"},
  {"message":
   "fast_verified_mul/toom3_bigO_draft.lean:383:15: This simp argument is unused:\n  Int.shiftLeft_eq_mul_pow\n\nHint: Omit it from the simp argument list.\n  simp only [Int.shiftLeft_one', int_shr_int_one', I̵n̵t̵.̵s̵h̵i̵f̵t̵L̵e̵f̵t̵_̵e̵q̵_̵m̵u̵l̵_̵p̵o̵w̵,̵ ̵pow_one]\n\nNote: This linter can be disabled with `set_option linter.unusedSimpArgs false`",
   "level": "warning"},
  {"message":
   "fast_verified_mul/toom3_bigO_draft.lean:383:41: This simp argument is unused:\n  pow_one\n\nHint: Omit it from the simp argument list.\n  simp only [Int.shiftLeft_one', int_shr_int_one', I̵n̵t̵.̵s̵h̵i̵f̵t̵L̵e̵f̵t̵_̵e̵q̵_̵m̵u̵l̵_̵p̵o̵w̵,̵ ̵p̵o̵w̵_̵o̵n̵e̵]̵I̲n̲t̲.̲s̲h̲i̲f̲t̲L̲e̲f̲t̲_̲e̲q̲_̲m̲u̲l̲_̲p̲o̲w̲]̲\n\nNote: This linter can be disabled with `set_option linter.unusedSimpArgs false`",
   "level": "warning"},
  {"message":
   "fast_verified_mul/toom3_bigO_draft.lean:413:75: This simp argument is unused:\n  Nat.and_mask_eq_mod\n\nHint: Omit it from the simp argument list.\n  simp +decide [̵ ̵h̵a̵0̵_̵d̵e̵f̵,̵[̲h̲a̲0̲_̲d̲e̲f̲,̲ ha1_def, ha2_def, hb0_def, hb1_def, hb2_def,\n  ̲  ̲ ̲ ̲ ̲ ̲N̵a̵t̵.̵a̵n̵d̵_̵m̵a̵s̵k̵_̵e̵q̵_̵m̵o̵d̵,̵ ̵Nat.shiftRight_eq_div_pow, N̵a̵t̵.̵s̵h̵i̵f̵t̵R̵i̵g̵h̵t̵_̵d̵o̵u̵b̵l̵e̵ ̵]̵N̲a̲t̲.̲s̲h̲i̲f̲t̲R̲i̲g̲h̲t̲_̲d̲o̲u̲b̲l̲e̲]̲\n\nNote: This linter can be disabled with `set_option linter.unusedSimpArgs false`",
   "level": "warning"},
  {"message":
   "fast_verified_mul/toom3_bigO_draft.lean:413:123: This simp argument is unused:\n  Nat.shiftRight_double\n\nHint: Omit it from the simp argument list.\n  simp +decide [̵ ̵h̵a̵0̵_̵d̵e̵f̵,̵[̲h̲a̲0̲_̲d̲e̲f̲,̲ ha1_def, ha2_def, hb0_def, hb1_def, hb2_def, Nat.and_mask_eq_mod,\n  ̲  ̲ ̲ ̲ ̲ ̲N̵a̵t̵.̵s̵h̵i̵f̵t̵R̵i̵g̵h̵t̵_̵e̵q̵_̵d̵i̵v̵_̵p̵o̵w̵,̵ ̵N̵a̵t̵.̵s̵h̵i̵f̵t̵R̵i̵g̵h̵t̵_̵d̵o̵u̵b̵l̵e̵ ̵]̵N̲a̲t̲.̲s̲h̲i̲f̲t̲R̲i̲g̲h̲t̲_̲e̲q̲_̲d̲i̲v̲_̲p̲o̲w̲]̲\n\nNote: This linter can be disabled with `set_option linter.unusedSimpArgs false`",
   "level": "warning"},
  {"message":
   "fast_verified_mul/toom3_bigO_draft.lean:413:6: 'simp +decide [ ha0_def, ha1_def, ha2_def, hb0_def, hb1_def, hb2_def, Nat.and_mask_eq_mod, Nat.shiftRight_eq_div_pow, Nat.shiftRight_double ]' is a flexible tactic modifying '⊢'. Try 'simp?' and use the suggested 'simp only [...]'. Alternatively, use `suffices` to explicitly state the simplified form.\n\nNote: This linter can be disabled with `set_option linter.flexible false`",
   "level": "warning"},
  {"message":
   "fast_verified_mul/toom3_bigO_draft.lean:413:6: Try this:\n  [apply] simp +decide only [Int.natCast_emod, Nat.cast_pow, Nat.cast_ofNat, Int.natCast_ediv]",
   "level": "info"},
  {"message":
   "fast_verified_mul/toom3_bigO_draft.lean:414:6: 'congr! 2' uses '⊢'!",
   "level": "info"},
  {"message":
   "fast_verified_mul/toom3_bigO_draft.lean:413:6: 'simp +decide [ ha0_def, ha1_def, ha2_def, hb0_def, hb1_def, hb2_def, Nat.and_mask_eq_mod, Nat.shiftRight_eq_div_pow, Nat.shiftRight_double ]' is a flexible tactic modifying '⊢'. Try 'simp?' and use the suggested 'simp only [...]'. Alternatively, use `suffices` to explicitly state the simplified form.\n\nNote: This linter can be disabled with `set_option linter.flexible false`",
   "level": "warning"},
  {"message":
   "fast_verified_mul/toom3_bigO_draft.lean:413:6: Try this:\n  [apply] simp +decide only [Int.natCast_emod, Nat.cast_pow, Nat.cast_ofNat, Int.natCast_ediv]",
   "level": "info"},
  {"message":
   "fast_verified_mul/toom3_bigO_draft.lean:415:8: 'congr! 2' uses '⊢'!",
   "level": "info"},
  {"message":
   "fast_verified_mul/toom3_bigO_draft.lean:413:6: 'simp +decide [ ha0_def, ha1_def, ha2_def, hb0_def, hb1_def, hb2_def, Nat.and_mask_eq_mod, Nat.shiftRight_eq_div_pow, Nat.shiftRight_double ]' is a flexible tactic modifying '⊢'. Try 'simp?' and use the suggested 'simp only [...]'. Alternatively, use `suffices` to explicitly state the simplified form.\n\nNote: This linter can be disabled with `set_option linter.flexible false`",
   "level": "warning"},
  {"message":
   "fast_verified_mul/toom3_bigO_draft.lean:413:6: Try this:\n  [apply] simp +decide only [Int.natCast_emod, Nat.cast_pow, Nat.cast_ofNat, Int.natCast_ediv]",
   "level": "info"},
  {"message":
   "fast_verified_mul/toom3_bigO_draft.lean:416:10: 'exact_mod_cast Nat.and_mask_eq_mod a i' uses '⊢'!",
   "level": "info"},
  {"message":
   "fast_verified_mul/toom3_bigO_draft.lean:413:6: 'simp +decide [ ha0_def, ha1_def, ha2_def, hb0_def, hb1_def, hb2_def, Nat.and_mask_eq_mod, Nat.shiftRight_eq_div_pow, Nat.shiftRight_double ]' is a flexible tactic modifying '⊢'. Try 'simp?' and use the suggested 'simp only [...]'. Alternatively, use `suffices` to explicitly state the simplified form.\n\nNote: This linter can be disabled with `set_option linter.flexible false`",
   "level": "warning"},
  {"message":
   "fast_verified_mul/toom3_bigO_draft.lean:413:6: Try this:\n  [apply] simp +decide only [Int.natCast_emod, Nat.cast_pow, Nat.cast_ofNat, Int.natCast_ediv]",
   "level": "info"},
  {"message":
   "fast_verified_mul/toom3_bigO_draft.lean:417:10: 'convert congr_arg _ (Nat.and_mask_eq_mod (a / 2 ^ i) i) using 1' uses '⊢'!",
   "level": "info"},
  {"message":
   "fast_verified_mul/toom3_bigO_draft.lean:413:6: 'simp +decide [ ha0_def, ha1_def, ha2_def, hb0_def, hb1_def, hb2_def, Nat.and_mask_eq_mod, Nat.shiftRight_eq_div_pow, Nat.shiftRight_double ]' is a flexible tactic modifying '⊢'. Try 'simp?' and use the suggested 'simp only [...]'. Alternatively, use `suffices` to explicitly state the simplified form.\n\nNote: This linter can be disabled with `set_option linter.flexible false`",
   "level": "warning"},
  {"message":
   "fast_verified_mul/toom3_bigO_draft.lean:413:6: Try this:\n  [apply] simp +decide only [Int.natCast_emod, Nat.cast_pow, Nat.cast_ofNat, Int.natCast_ediv]",
   "level": "info"},
  {"message":
   "fast_verified_mul/toom3_bigO_draft.lean:419:8: 'rw [Int.ediv_ediv]' uses '⊢'!",
   "level": "info"},
  {"message":
   "fast_verified_mul/toom3_bigO_draft.lean:413:6: 'simp +decide [ ha0_def, ha1_def, ha2_def, hb0_def, hb1_def, hb2_def, Nat.and_mask_eq_mod, Nat.shiftRight_eq_div_pow, Nat.shiftRight_double ]' is a flexible tactic modifying '⊢'. Try 'simp?' and use the suggested 'simp only [...]'. Alternatively, use `suffices` to explicitly state the simplified form.\n\nNote: This linter can be disabled with `set_option linter.flexible false`",
   "level": "warning"},
  {"message":
   "fast_verified_mul/toom3_bigO_draft.lean:413:6: Try this:\n  [apply] simp +decide only [Int.natCast_emod, Nat.cast_pow, Nat.cast_ofNat, Int.natCast_ediv]",
   "level": "info"},
  {"message":
   "fast_verified_mul/toom3_bigO_draft.lean:421:8: 'congr! 2' uses '⊢'!",
   "level": "info"},
  {"message":
   "fast_verified_mul/toom3_bigO_draft.lean:413:6: 'simp +decide [ ha0_def, ha1_def, ha2_def, hb0_def, hb1_def, hb2_def, Nat.and_mask_eq_mod, Nat.shiftRight_eq_div_pow, Nat.shiftRight_double ]' is a flexible tactic modifying '⊢'. Try 'simp?' and use the suggested 'simp only [...]'. Alternatively, use `suffices` to explicitly state the simplified form.\n\nNote: This linter can be disabled with `set_option linter.flexible false`",
   "level": "warning"},
  {"message":
   "fast_verified_mul/toom3_bigO_draft.lean:413:6: Try this:\n  [apply] simp +decide only [Int.natCast_emod, Nat.cast_pow, Nat.cast_ofNat, Int.natCast_ediv]",
   "level": "info"},
  {"message":
   "fast_verified_mul/toom3_bigO_draft.lean:422:10: 'rw_mod_cast [Nat.and_mask_eq_mod]' uses '⊢'!",
   "level": "info"},
  {"message":
   "fast_verified_mul/toom3_bigO_draft.lean:413:6: 'simp +decide [ ha0_def, ha1_def, ha2_def, hb0_def, hb1_def, hb2_def, Nat.and_mask_eq_mod, Nat.shiftRight_eq_div_pow, Nat.shiftRight_double ]' is a flexible tactic modifying '⊢'. Try 'simp?' and use the suggested 'simp only [...]'. Alternatively, use `suffices` to explicitly state the simplified form.\n\nNote: This linter can be disabled with `set_option linter.flexible false`",
   "level": "warning"},
  {"message":
   "fast_verified_mul/toom3_bigO_draft.lean:413:6: Try this:\n  [apply] simp +decide only [Int.natCast_emod, Nat.cast_pow, Nat.cast_ofNat, Int.natCast_ediv]",
   "level": "info"},
  {"message":
   "fast_verified_mul/toom3_bigO_draft.lean:423:10: 'convert congr_arg Int.ofNat (Nat.and_mask_eq_mod (b / 2 ^ i) i) using 1' uses '⊢'!",
   "level": "info"},
  {"message":
   "fast_verified_mul/toom3_bigO_draft.lean:413:6: 'simp +decide [ ha0_def, ha1_def, ha2_def, hb0_def, hb1_def, hb2_def, Nat.and_mask_eq_mod, Nat.shiftRight_eq_div_pow, Nat.shiftRight_double ]' is a flexible tactic modifying '⊢'. Try 'simp?' and use the suggested 'simp only [...]'. Alternatively, use `suffices` to explicitly state the simplified form.\n\nNote: This linter can be disabled with `set_option linter.flexible false`",
   "level": "warning"},
  {"message":
   "fast_verified_mul/toom3_bigO_draft.lean:413:6: Try this:\n  [apply] simp +decide only [Int.natCast_emod, Nat.cast_pow, Nat.cast_ofNat, Int.natCast_ediv]",
   "level": "info"},
  {"message":
   "fast_verified_mul/toom3_bigO_draft.lean:425:8: 'rw [Int.ediv_ediv]' uses '⊢'!",
   "level": "info"},
  {"message":
   "fast_verified_mul/toom3_bigO_draft.lean:381:4: 'push_cast' tactic does nothing\n\nNote: This linter can be disabled with `set_option linter.unusedTactic false`",
   "level": "warning"},
  {"message":
   "fast_verified_mul/toom3_bigO_draft.lean:377:100: This line exceeds the 100 character limit, please shorten it!\n\nNote: This linter can be disabled with `set_option linter.style.longLine false`",
   "level": "warning"},
  {"message":
   "fast_verified_mul/toom3_bigO_draft.lean:413:100: This line exceeds the 100 character limit, please shorten it!\n\nNote: This linter can be disabled with `set_option linter.style.longLine false`",
   "level": "warning"},
  {"message":
   "fast_verified_mul/toom3_bigO_draft.lean:456:2: The `refine'` tactic is discouraged: please strongly consider using `refine` or `apply` instead.\n\nNote: This linter can be disabled with `set_option linter.style.refine false`",
   "level": "warning"},
  {"message":
   "fast_verified_mul/toom3_bigO_draft.lean:455:100: This line exceeds the 100 character limit, please shorten it!\n\nNote: This linter can be disabled with `set_option linter.style.longLine false`",
   "level": "warning"},
  {"message":
   "fast_verified_mul/toom3_bigO_draft.lean:457:100: This line exceeds the 100 character limit, please shorten it!\n\nNote: This linter can be disabled with `set_option linter.style.longLine false`",
   "level": "warning"},
  {"message":
   "fast_verified_mul/toom3_bigO_draft.lean:462:34: unused variable `hp1`\n\nNote: This linter can be disabled with `set_option linter.unusedVariables false`",
   "level": "warning"},
  {"message":
   "fast_verified_mul/toom3_bigO_draft.lean:466:2: The `refine'` tactic is discouraged: please strongly consider using `refine` or `apply` instead.\n\nNote: This linter can be disabled with `set_option linter.style.refine false`",
   "level": "warning"},
  {"message":
   "fast_verified_mul/toom3_bigO_draft.lean:464:100: This line exceeds the 100 character limit, please shorten it!\n\nNote: This linter can be disabled with `set_option linter.style.longLine false`",
   "level": "warning"},
  {"message":
   "fast_verified_mul/toom3_bigO_draft.lean:469:100: This line exceeds the 100 character limit, please shorten it!\n\nNote: This linter can be disabled with `set_option linter.style.longLine false`",
   "level": "warning"},
  {"message":
   "fast_verified_mul/toom3_bigO_draft.lean:470:100: This line exceeds the 100 character limit, please shorten it!\n\nNote: This linter can be disabled with `set_option linter.style.longLine false`",
   "level": "warning"},
  {"message":
   "fast_verified_mul/toom3_bigO_draft.lean:482:69: This simp argument is unused:\n  le_max_iff\n\nHint: Omit it from the simp argument list.\n  simp_all +decide ̵[̵ ̵l̵e̵_̵m̵a̵x̵_̵i̵f̵f̵ ̵]̵\n\nNote: This linter can be disabled with `set_option linter.unusedSimpArgs false`",
   "level": "warning"},
  {"message":
   "fast_verified_mul/toom3_bigO_draft.lean:490:71: This simp argument is unused:\n  mul_add\n\nHint: Omit it from the simp argument list.\n  simp [̵ ̵m̵u̵l̵_̵a̵d̵d̵,̵ ̵a̵d̵d̵_̵m̵u̵l̵,̵[̲a̲d̲d̲_̲m̲u̲l̲,̲ mul_assoc,\n  ̲  ̲ ̲ ̲ ̲ ̲ ̲ ̲ ̲ ̲mul_comm e̵ ̵]̵e̲]̲\n\nNote: This linter can be disabled with `set_option linter.unusedSimpArgs false`",
   "level": "warning"},
  {"message":
   "fast_verified_mul/toom3_bigO_draft.lean:482:50: 'simp_all +decide [ le_max_iff ]' is a flexible tactic modifying '⊢'. Try 'simp_all?' and use the suggested 'simp_all only [...]'. Alternatively, use `suffices` to explicitly state the simplified form.\n\nNote: This linter can be disabled with `set_option linter.flexible false`",
   "level": "warning"},
  {"message":
   "fast_verified_mul/toom3_bigO_draft.lean:482:50: Try this:\n  [apply] simp_all +decide only [le_sup_iff, tsub_le_iff_right, zero_add]",
   "level": "info"},
  {"message":
   "fast_verified_mul/toom3_bigO_draft.lean:483:4: 'exact False.elim <| ht <| le_antisymm hts ht0' uses '⊢'!",
   "level": "info"},
  {"message":
   "fast_verified_mul/toom3_bigO_draft.lean:482:50: 'simp_all +decide [ le_max_iff ]' is a flexible tactic modifying '⊢'. Try 'simp_all?' and use the suggested 'simp_all only [...]'. Alternatively, use `suffices` to explicitly state the simplified form.\n\nNote: This linter can be disabled with `set_option linter.flexible false`",
   "level": "warning"},
  {"message":
   "fast_verified_mul/toom3_bigO_draft.lean:482:50: Try this:\n  [apply] simp_all +decide only [le_sup_iff, tsub_le_iff_right, zero_add]",
   "level": "info"},
  {"message":
   "fast_verified_mul/toom3_bigO_draft.lean:486:4: 'set lambda := t / s with hlambda' uses '⊢'!",
   "level": "info"},
  {"message":
   "fast_verified_mul/toom3_bigO_draft.lean:482:50: 'simp_all +decide [ le_max_iff ]' is a flexible tactic modifying '⊢'. Try 'simp_all?' and use the suggested 'simp_all only [...]'. Alternatively, use `suffices` to explicitly state the simplified form.\n\nNote: This linter can be disabled with `set_option linter.flexible false`",
   "level": "warning"},
  {"message":
   "fast_verified_mul/toom3_bigO_draft.lean:482:50: Try this:\n  [apply] simp_all +decide only [le_sup_iff, tsub_le_iff_right, zero_add]",
   "level": "info"},
  {"message":
   "fast_verified_mul/toom3_bigO_draft.lean:487:4: 'have h_convex : c * t ^ p - e * t ≤ (1 - lambda) * (c * 0 ^ p - e * 0) + lambda * (c * s ^ p - e * s) :=\n  by\n  have h_convex : ConvexOn ℝ (Set.Ici 0) (fun x : ℝ => c * x ^ p - e * x) := by\n    apply_rules [ConvexOn.sub, ConvexOn.smul, convexOn_rpow];\n    exact ⟨convex_Ici _, fun x hx y hy a b ha hb hab => by simp [mul_add, add_mul, mul_assoc, mul_comm e]⟩;\n  have := h_convex.2 (show 0 ∈ Set.Ici 0 by norm_num) (show s ∈ Set.Ici 0 by exact Set.mem_Ici.mpr (by linarith));\n  convert\n    @this (1 - lambda) (lambda) (sub_nonneg.2 <| div_le_one_of_le₀ hts <| by linarith) (div_nonneg ht0 <| by linarith)\n      (by ring) using\n    1;\n  norm_num [hlambda, hs];' uses '⊢'!",
   "level": "info"},
  {"message":
   "fast_verified_mul/toom3_bigO_draft.lean:482:50: 'simp_all +decide [ le_max_iff ]' is a flexible tactic modifying '⊢'. Try 'simp_all?' and use the suggested 'simp_all only [...]'. Alternatively, use `suffices` to explicitly state the simplified form.\n\nNote: This linter can be disabled with `set_option linter.flexible false`",
   "level": "warning"},
  {"message":
   "fast_verified_mul/toom3_bigO_draft.lean:482:50: Try this:\n  [apply] simp_all +decide only [le_sup_iff, tsub_le_iff_right, zero_add]",
   "level": "info"},
  {"message":
   "fast_verified_mul/toom3_bigO_draft.lean:494:4: 'exact\n  Classical.or_iff_not_imp_left.2 fun h => by\n    nlinarith [show 0 < t / s by\n        exact div_pos (lt_of_le_of_ne ht0 (Ne.symm ht)) (lt_of_le_of_ne (by linarith) (Ne.symm hs)),\n      show t / s ≤ 1 by rw [div_le_iff₀ (lt_of_le_of_ne (by linarith) (Ne.symm hs))]; linarith];' uses '⊢'!",
   "level": "info"},
  {"message":
   "fast_verified_mul/toom3_bigO_draft.lean:487:100: This line exceeds the 100 character limit, please shorten it!\n\nNote: This linter can be disabled with `set_option linter.style.longLine false`",
   "level": "warning"},
  {"message":
   "fast_verified_mul/toom3_bigO_draft.lean:490:100: This line exceeds the 100 character limit, please shorten it!\n\nNote: This linter can be disabled with `set_option linter.style.longLine false`",
   "level": "warning"},
  {"message":
   "fast_verified_mul/toom3_bigO_draft.lean:491:100: This line exceeds the 100 character limit, please shorten it!\n\nNote: This linter can be disabled with `set_option linter.style.longLine false`",
   "level": "warning"},
  {"message":
   "fast_verified_mul/toom3_bigO_draft.lean:492:100: This line exceeds the 100 character limit, please shorten it!\n\nNote: This linter can be disabled with `set_option linter.style.longLine false`",
   "level": "warning"},
  {"message":
   "fast_verified_mul/toom3_bigO_draft.lean:494:100: This line exceeds the 100 character limit, please shorten it!\n\nNote: This linter can be disabled with `set_option linter.style.longLine false`",
   "level": "warning"},
  {"message":
   "fast_verified_mul/toom3_bigO_draft.lean:502:17: unused variable `hA`\n\nNote: This linter can be disabled with `set_option linter.unusedVariables false`",
   "level": "warning"},
  {"message":
   "fast_verified_mul/toom3_bigO_draft.lean:516:2: The `refine'` tactic is discouraged: please strongly consider using `refine` or `apply` instead.\n\nNote: This linter can be disabled with `set_option linter.style.refine false`",
   "level": "warning"},
  {"message":
   "fast_verified_mul/toom3_bigO_draft.lean:513:100: This line exceeds the 100 character limit, please shorten it!\n\nNote: This linter can be disabled with `set_option linter.style.longLine false`",
   "level": "warning"},
  {"message":
   "fast_verified_mul/toom3_bigO_draft.lean:514:100: This line exceeds the 100 character limit, please shorten it!\n\nNote: This linter can be disabled with `set_option linter.style.longLine false`",
   "level": "warning"},
  {"message":
   "fast_verified_mul/toom3_bigO_draft.lean:518:100: This line exceeds the 100 character limit, please shorten it!\n\nNote: This linter can be disabled with `set_option linter.style.longLine false`",
   "level": "warning"},
  {"message":
   "fast_verified_mul/toom3_bigO_draft.lean:519:100: This line exceeds the 100 character limit, please shorten it!\n\nNote: This linter can be disabled with `set_option linter.style.longLine false`",
   "level": "warning"},
  {"message":
   "fast_verified_mul/toom3_bigO_draft.lean:533:2: The `refine'` tactic is discouraged: please strongly consider using `refine` or `apply` instead.\n\nNote: This linter can be disabled with `set_option linter.style.refine false`",
   "level": "warning"},
  {"message":
   "fast_verified_mul/toom3_bigO_draft.lean:534:2: The `refine'` tactic is discouraged: please strongly consider using `refine` or `apply` instead.\n\nNote: This linter can be disabled with `set_option linter.style.refine false`",
   "level": "warning"},
  {"message":
   "fast_verified_mul/toom3_bigO_draft.lean:531:100: This line exceeds the 100 character limit, please shorten it!\n\nNote: This linter can be disabled with `set_option linter.style.longLine false`",
   "level": "warning"},
  {"message":
   "fast_verified_mul/toom3_bigO_draft.lean:532:100: This line exceeds the 100 character limit, please shorten it!\n\nNote: This linter can be disabled with `set_option linter.style.longLine false`",
   "level": "warning"},
  {"message":
   "fast_verified_mul/toom3_bigO_draft.lean:537:100: This line exceeds the 100 character limit, please shorten it!\n\nNote: This linter can be disabled with `set_option linter.style.longLine false`",
   "level": "warning"},
  {"message":
   "fast_verified_mul/toom3_bigO_draft.lean:538:100: This line exceeds the 100 character limit, please shorten it!\n\nNote: This linter can be disabled with `set_option linter.style.longLine false`",
   "level": "warning"},
  {"message":
   "fast_verified_mul/toom3_bigO_draft.lean:539:100: This line exceeds the 100 character limit, please shorten it!\n\nNote: This linter can be disabled with `set_option linter.style.longLine false`",
   "level": "warning"},
  {"message":
   "fast_verified_mul/toom3_bigO_draft.lean:540:100: This line exceeds the 100 character limit, please shorten it!\n\nNote: This linter can be disabled with `set_option linter.style.longLine false`",
   "level": "warning"},
  {"message":
   "fast_verified_mul/toom3_bigO_draft.lean:542:100: This line exceeds the 100 character limit, please shorten it!\n\nNote: This linter can be disabled with `set_option linter.style.longLine false`",
   "level": "warning"},
  {"message":
   "fast_verified_mul/toom3_bigO_draft.lean:544:100: This line exceeds the 100 character limit, please shorten it!\n\nNote: This linter can be disabled with `set_option linter.style.longLine false`",
   "level": "warning"},
  {"message":
   "fast_verified_mul/toom3_bigO_draft.lean:553:5: unused variable `hpos`\n\nNote: This linter can be disabled with `set_option linter.unusedVariables false`",
   "level": "warning"},
  {"message":
   "fast_verified_mul/toom3_bigO_draft.lean:575:23: This simp argument is unused:\n  mul_assoc\n\nHint: Omit it from the simp argument list.\n  simp +decide [̵ ̵m̵u̵l̵_̵a̵s̵s̵o̵c̵,̵ ̵m̵u̵l̵_̵c̵o̵m̵m̵,̵[̲m̲u̲l̲_̲c̲o̲m̲m̲,̲ mul_left_comm, L̵i̵s̵t̵.̵s̵u̵m̵_̵m̵a̵p̵_̵m̵u̵l̵_̵l̵e̵f̵t̵ ̵]̵L̲i̲s̲t̲.̲s̲u̲m̲_̲m̲a̲p̲_̲m̲u̲l̲_̲l̲e̲f̲t̲]̲\n\nNote: This linter can be disabled with `set_option linter.unusedSimpArgs false`",
   "level": "warning"},
  {"message":
   "fast_verified_mul/toom3_bigO_draft.lean:575:59: This simp argument is unused:\n  List.sum_map_mul_left\n\nHint: Omit it from the simp argument list.\n  s̵i̵m̵p̵ ̵+̵d̵e̵c̵i̵d̵e̵ ̵[̵ ̵m̵u̵l̵_̵a̵s̵s̵o̵c̵,̵ ̵m̵u̵l̵_̵c̵o̵m̵m̵,̵ ̵m̵u̵l̵_̵l̵e̵f̵t̵_̵c̵o̵m̵m̵,̵ ̵L̵i̵s̵t̵.̵s̵u̵m̵_̵m̵a̵p̵_̵m̵u̵l̵_̵l̵e̵f̵t̵ ̵]̵s̲i̲m̲p̲ ̲+̲d̲e̲c̲i̲d̲e̲ ̲[̲m̲u̲l̲_̲a̲s̲s̲o̲c̲,̲ ̲m̲u̲l̲_̲c̲o̲m̲m̲,̲ ̲m̲u̲l̲_̲l̲e̲f̲t̲_̲c̲o̲m̲m̲]̲\n\nNote: This linter can be disabled with `set_option linter.unusedSimpArgs false`",
   "level": "warning"},
  {"message":
   "fast_verified_mul/toom3_bigO_draft.lean:567:21: The `induction'` tactic is discouraged: please strongly consider using `induction` instead.\n\nNote: This linter can be disabled with `set_option linter.style.induction false`",
   "level": "warning"},
  {"message":
   "fast_verified_mul/toom3_bigO_draft.lean:574:8: The `refine'` tactic is discouraged: please strongly consider using `refine` or `apply` instead.\n\nNote: This linter can be disabled with `set_option linter.style.refine false`",
   "level": "warning"},
  {"message":
   "fast_verified_mul/toom3_bigO_draft.lean:578:6: The `refine'` tactic is discouraged: please strongly consider using `refine` or `apply` instead.\n\nNote: This linter can be disabled with `set_option linter.style.refine false`",
   "level": "warning"},
  {"message":
   "fast_verified_mul/toom3_bigO_draft.lean:580:2: The `refine'` tactic is discouraged: please strongly consider using `refine` or `apply` instead.\n\nNote: This linter can be disabled with `set_option linter.style.refine false`",
   "level": "warning"},
  {"message":
   "fast_verified_mul/toom3_bigO_draft.lean:567:117: 'simp_all +decide' is a flexible tactic modifying '⊢'. Try 'simp_all?' and use the suggested 'simp_all only [...]'. Alternatively, use `suffices` to explicitly state the simplified form.\n\nNote: This linter can be disabled with `set_option linter.flexible false`",
   "level": "warning"},
  {"message":
   "fast_verified_mul/toom3_bigO_draft.lean:568:6: 'exact\n  le_trans (hbase3 x hx)\n    (by\n      nlinarith [show (5 : ℝ) ^ (k + 1) ≥ 5 by exact le_self_pow₀ (by norm_num) (by linarith),\n        show (N : ℝ) ≥ 6 by norm_cast])' uses '⊢'!",
   "level": "info"},
  {"message":
   "fast_verified_mul/toom3_bigO_draft.lean:567:117: 'simp_all +decide' is a flexible tactic modifying '⊢'. Try 'simp_all?' and use the suggested 'simp_all only [...]'. Alternatively, use `suffices` to explicitly state the simplified form.\n\nNote: This linter can be disabled with `set_option linter.flexible false`",
   "level": "warning"},
  {"message":
   "fast_verified_mul/toom3_bigO_draft.lean:570:6: 'have hsum_bound : (List.map cost (ch x)).sum ≤ 5 * D * (5 ^ k - 1) :=\n  by\n  have hsum_bound : ∀ y ∈ ch x, cost y ≤ D * (5 ^ k - 1) := by intro y hy;\n    specialize ih (μ y) (by linarith [hchild_mu x hx y hy]) y rfl; simp_all +decide;\n    exact\n      le_trans (ih (by linarith [hchild_sz x hx y hy]))\n        (mul_le_mul_of_nonneg_left\n          (sub_le_sub_right (pow_le_pow_right₀ (by norm_num) (by linarith [hchild_mu x hx y hy])) _) (by positivity));\n  refine' le_trans (List.sum_le_sum hsum_bound) _;\n  simp +decide [mul_assoc, mul_comm, mul_left_comm, List.sum_map_mul_left];\n  exact\n    mul_le_mul_of_nonneg_right (mod_cast hchild_len x hx)\n      (mul_nonneg (sub_nonneg.2 <| one_le_pow₀ <| by norm_num) <| by positivity);' uses '⊢'!",
   "level": "info"},
  {"message":
   "fast_verified_mul/toom3_bigO_draft.lean:572:91: 'simp_all +decide' is a flexible tactic modifying '⊢'. Try 'simp_all?' and use the suggested 'simp_all only [...]'. Alternatively, use `suffices` to explicitly state the simplified form.\n\nNote: This linter can be disabled with `set_option linter.flexible false`",
   "level": "warning"},
  {"message":
   "fast_verified_mul/toom3_bigO_draft.lean:573:10: 'exact\n  le_trans (ih (by linarith [hchild_sz x hx y hy]))\n    (mul_le_mul_of_nonneg_left\n      (sub_le_sub_right (pow_le_pow_right₀ (by norm_num) (by linarith [hchild_mu x hx y hy])) _)\n      (by positivity))' uses '⊢'!",
   "level": "info"},
  {"message":
   "fast_verified_mul/toom3_bigO_draft.lean:575:8: 'simp +decide [ mul_assoc, mul_comm, mul_left_comm, List.sum_map_mul_left ]' is a flexible tactic modifying '⊢'. Try 'simp?' and use the suggested 'simp only [...]'. Alternatively, use `suffices` to explicitly state the simplified form.\n\nNote: This linter can be disabled with `set_option linter.flexible false`",
   "level": "warning"},
  {"message":
   "fast_verified_mul/toom3_bigO_draft.lean:575:8: Try this:\n  [apply] simp +decide only [List.map_const', List.sum_replicate, nsmul_eq_mul]",
   "level": "info"},
  {"message":
   "fast_verified_mul/toom3_bigO_draft.lean:576:8: 'exact\n  mul_le_mul_of_nonneg_right (mod_cast hchild_len x hx)\n    (mul_nonneg (sub_nonneg.2 <| one_le_pow₀ <| by norm_num) <| by positivity)' uses '⊢'!",
   "level": "info"},
  {"message":
   "fast_verified_mul/toom3_bigO_draft.lean:567:117: 'simp_all +decide' is a flexible tactic modifying '⊢'. Try 'simp_all?' and use the suggested 'simp_all only [...]'. Alternatively, use `suffices` to explicitly state the simplified form.\n\nNote: This linter can be disabled with `set_option linter.flexible false`",
   "level": "warning"},
  {"message":
   "fast_verified_mul/toom3_bigO_draft.lean:577:6: 'refine le_trans (hrec x hx) ?_' uses '⊢'!",
   "level": "info"},
  {"message":
   "fast_verified_mul/toom3_bigO_draft.lean:567:117: 'simp_all +decide' is a flexible tactic modifying '⊢'. Try 'simp_all?' and use the suggested 'simp_all only [...]'. Alternatively, use `suffices` to explicitly state the simplified form.\n\nNote: This linter can be disabled with `set_option linter.flexible false`",
   "level": "warning"},
  {"message":
   "fast_verified_mul/toom3_bigO_draft.lean:578:6: 'refine'\n  le_trans\n    (add_le_add (show (16 * sz x + 17 : ℝ) ≤ D by push_cast [hD_def]; linarith [show (sz x : ℝ) + 1 ≤ N by norm_cast])\n      hsum_bound)\n    _' uses '⊢'!",
   "level": "info"},
  {"message":
   "fast_verified_mul/toom3_bigO_draft.lean:567:100: This line exceeds the 100 character limit, please shorten it!\n\nNote: This linter can be disabled with `set_option linter.style.longLine false`",
   "level": "warning"},
  {"message":
   "fast_verified_mul/toom3_bigO_draft.lean:568:100: This line exceeds the 100 character limit, please shorten it!\n\nNote: This linter can be disabled with `set_option linter.style.longLine false`",
   "level": "warning"},
  {"message":
   "fast_verified_mul/toom3_bigO_draft.lean:569:100: This line exceeds the 100 character limit, please shorten it!\n\nNote: This linter can be disabled with `set_option linter.style.longLine false`",
   "level": "warning"},
  {"message":
   "fast_verified_mul/toom3_bigO_draft.lean:572:100: This line exceeds the 100 character limit, please shorten it!\n\nNote: This linter can be disabled with `set_option linter.style.longLine false`",
   "level": "warning"},
  {"message":
   "fast_verified_mul/toom3_bigO_draft.lean:573:100: This line exceeds the 100 character limit, please shorten it!\n\nNote: This linter can be disabled with `set_option linter.style.longLine false`",
   "level": "warning"},
  {"message":
   "fast_verified_mul/toom3_bigO_draft.lean:576:100: This line exceeds the 100 character limit, please shorten it!\n\nNote: This linter can be disabled with `set_option linter.style.longLine false`",
   "level": "warning"},
  {"message":
   "fast_verified_mul/toom3_bigO_draft.lean:578:100: This line exceeds the 100 character limit, please shorten it!\n\nNote: This linter can be disabled with `set_option linter.style.longLine false`",
   "level": "warning"},
  {"message":
   "fast_verified_mul/toom3_bigO_draft.lean:584:100: This line exceeds the 100 character limit, please shorten it!\n\nNote: This linter can be disabled with `set_option linter.style.longLine false`",
   "level": "warning"},
  {"message":
   "fast_verified_mul/toom3_bigO_draft.lean:612:4: The `induction'` tactic is discouraged: please strongly consider using `induction` instead.\n\nNote: This linter can be disabled with `set_option linter.style.induction false`",
   "level": "warning"},
  {"message":
   "fast_verified_mul/toom3_bigO_draft.lean:614:6: The `refine'` tactic is discouraged: please strongly consider using `refine` or `apply` instead.\n\nNote: This linter can be disabled with `set_option linter.style.refine false`",
   "level": "warning"},
  {"message":
   "fast_verified_mul/toom3_bigO_draft.lean:631:8: The `refine'` tactic is discouraged: please strongly consider using `refine` or `apply` instead.\n\nNote: This linter can be disabled with `set_option linter.style.refine false`",
   "level": "warning"},
  {"message":
   "fast_verified_mul/toom3_bigO_draft.lean:635:2: The `refine'` tactic is discouraged: please strongly consider using `refine` or `apply` instead.\n\nNote: This linter can be disabled with `set_option linter.style.refine false`",
   "level": "warning"},
  {"message":
   "fast_verified_mul/toom3_bigO_draft.lean:632:8: 'simp +zetaDelta at *' is a flexible tactic modifying '*'. Try 'simp?' and use the suggested 'simp only [...]'. Alternatively, use `suffices` to explicitly state the simplified form.\n\nNote: This linter can be disabled with `set_option linter.flexible false`",
   "level": "warning"},
  {"message":
   "fast_verified_mul/toom3_bigO_draft.lean:632:8: Try this:\n  [apply] simp +zetaDelta only [List.map_const', List.sum_replicate, nsmul_eq_mul] at *",
   "level": "info"},
  {"message":
   "fast_verified_mul/toom3_bigO_draft.lean:633:8: 'exact\n  mul_le_mul_of_nonneg_right (mod_cast hchild_len x (by linarith))\n    (sub_nonneg_of_le <| by\n      nlinarith [show (max c0 1 : ℝ) ≥ 1 by exact le_max_right _ _,\n        show ((sz x + 11) / 3 : ℝ) ^ p ≥ (sz x + 11) / 3 by\n          exact\n            le_trans (by norm_num)\n              (Real.rpow_le_rpow_of_exponent_le (by linarith [show (sz x : ℝ) ≥ 6 by norm_cast; linarith])\n                hp1.le)])' uses '*'!",
   "level": "info"},
  {"message":
   "fast_verified_mul/toom3_bigO_draft.lean:632:8: 'simp +zetaDelta at *' is a flexible tactic modifying '*'. Try 'simp?' and use the suggested 'simp only [...]'. Alternatively, use `suffices` to explicitly state the simplified form.\n\nNote: This linter can be disabled with `set_option linter.flexible false`",
   "level": "warning"},
  {"message":
   "fast_verified_mul/toom3_bigO_draft.lean:632:8: Try this:\n  [apply] simp +zetaDelta only [List.map_const', List.sum_replicate, nsmul_eq_mul] at *",
   "level": "info"},
  {"message":
   "fast_verified_mul/toom3_bigO_draft.lean:633:8: 'exact\n  mul_le_mul_of_nonneg_right (mod_cast hchild_len x (by linarith))\n    (sub_nonneg_of_le <| by\n      nlinarith [show (max c0 1 : ℝ) ≥ 1 by exact le_max_right _ _,\n        show ((sz x + 11) / 3 : ℝ) ^ p ≥ (sz x + 11) / 3 by\n          exact\n            le_trans (by norm_num)\n              (Real.rpow_le_rpow_of_exponent_le (by linarith [show (sz x : ℝ) ≥ 6 by norm_cast; linarith])\n                hp1.le)])' uses '*'!",
   "level": "info"},
  {"message":
   "fast_verified_mul/toom3_bigO_draft.lean:632:8: 'simp +zetaDelta at *' is a flexible tactic modifying '*'. Try 'simp?' and use the suggested 'simp only [...]'. Alternatively, use `suffices` to explicitly state the simplified form.\n\nNote: This linter can be disabled with `set_option linter.flexible false`",
   "level": "warning"},
  {"message":
   "fast_verified_mul/toom3_bigO_draft.lean:632:8: Try this:\n  [apply] simp +zetaDelta only [List.map_const', List.sum_replicate, nsmul_eq_mul] at *",
   "level": "info"},
  {"message":
   "fast_verified_mul/toom3_bigO_draft.lean:633:8: 'exact\n  mul_le_mul_of_nonneg_right (mod_cast hchild_len x (by linarith))\n    (sub_nonneg_of_le <| by\n      nlinarith [show (max c0 1 : ℝ) ≥ 1 by exact le_max_right _ _,\n        show ((sz x + 11) / 3 : ℝ) ^ p ≥ (sz x + 11) / 3 by\n          exact\n            le_trans (by norm_num)\n              (Real.rpow_le_rpow_of_exponent_le (by linarith [show (sz x : ℝ) ≥ 6 by norm_cast; linarith])\n                hp1.le)])' uses '*'!",
   "level": "info"},
  {"message":
   "fast_verified_mul/toom3_bigO_draft.lean:632:8: 'simp +zetaDelta at *' is a flexible tactic modifying '*'. Try 'simp?' and use the suggested 'simp only [...]'. Alternatively, use `suffices` to explicitly state the simplified form.\n\nNote: This linter can be disabled with `set_option linter.flexible false`",
   "level": "warning"},
  {"message":
   "fast_verified_mul/toom3_bigO_draft.lean:632:8: Try this:\n  [apply] simp +zetaDelta only [List.map_const', List.sum_replicate, nsmul_eq_mul] at *",
   "level": "info"},
  {"message":
   "fast_verified_mul/toom3_bigO_draft.lean:633:8: 'exact\n  mul_le_mul_of_nonneg_right (mod_cast hchild_len x (by linarith))\n    (sub_nonneg_of_le <| by\n      nlinarith [show (max c0 1 : ℝ) ≥ 1 by exact le_max_right _ _,\n        show ((sz x + 11) / 3 : ℝ) ^ p ≥ (sz x + 11) / 3 by\n          exact\n            le_trans (by norm_num)\n              (Real.rpow_le_rpow_of_exponent_le (by linarith [show (sz x : ℝ) ≥ 6 by norm_cast; linarith])\n                hp1.le)])' uses '*'!",
   "level": "info"},
  {"message":
   "fast_verified_mul/toom3_bigO_draft.lean:632:8: 'simp +zetaDelta at *' is a flexible tactic modifying '*'. Try 'simp?' and use the suggested 'simp only [...]'. Alternatively, use `suffices` to explicitly state the simplified form.\n\nNote: This linter can be disabled with `set_option linter.flexible false`",
   "level": "warning"},
  {"message":
   "fast_verified_mul/toom3_bigO_draft.lean:632:8: Try this:\n  [apply] simp +zetaDelta only [List.map_const', List.sum_replicate, nsmul_eq_mul] at *",
   "level": "info"},
  {"message":
   "fast_verified_mul/toom3_bigO_draft.lean:633:8: 'exact\n  mul_le_mul_of_nonneg_right (mod_cast hchild_len x (by linarith))\n    (sub_nonneg_of_le <| by\n      nlinarith [show (max c0 1 : ℝ) ≥ 1 by exact le_max_right _ _,\n        show ((sz x + 11) / 3 : ℝ) ^ p ≥ (sz x + 11) / 3 by\n          exact\n            le_trans (by norm_num)\n              (Real.rpow_le_rpow_of_exponent_le (by linarith [show (sz x : ℝ) ≥ 6 by norm_cast; linarith])\n                hp1.le)])' uses '*'!",
   "level": "info"},
  {"message":
   "fast_verified_mul/toom3_bigO_draft.lean:632:8: 'simp +zetaDelta at *' is a flexible tactic modifying '*'. Try 'simp?' and use the suggested 'simp only [...]'. Alternatively, use `suffices` to explicitly state the simplified form.\n\nNote: This linter can be disabled with `set_option linter.flexible false`",
   "level": "warning"},
  {"message":
   "fast_verified_mul/toom3_bigO_draft.lean:632:8: Try this:\n  [apply] simp +zetaDelta only [List.map_const', List.sum_replicate, nsmul_eq_mul] at *",
   "level": "info"},
  {"message":
   "fast_verified_mul/toom3_bigO_draft.lean:633:8: 'exact\n  mul_le_mul_of_nonneg_right (mod_cast hchild_len x (by linarith))\n    (sub_nonneg_of_le <| by\n      nlinarith [show (max c0 1 : ℝ) ≥ 1 by exact le_max_right _ _,\n        show ((sz x + 11) / 3 : ℝ) ^ p ≥ (sz x + 11) / 3 by\n          exact\n            le_trans (by norm_num)\n              (Real.rpow_le_rpow_of_exponent_le (by linarith [show (sz x : ℝ) ≥ 6 by norm_cast; linarith])\n                hp1.le)])' uses '*'!",
   "level": "info"},
  {"message":
   "fast_verified_mul/toom3_bigO_draft.lean:604:100: This line exceeds the 100 character limit, please shorten it!\n\nNote: This linter can be disabled with `set_option linter.style.longLine false`",
   "level": "warning"},
  {"message":
   "fast_verified_mul/toom3_bigO_draft.lean:617:100: This line exceeds the 100 character limit, please shorten it!\n\nNote: This linter can be disabled with `set_option linter.style.longLine false`",
   "level": "warning"},
  {"message":
   "fast_verified_mul/toom3_bigO_draft.lean:618:100: This line exceeds the 100 character limit, please shorten it!\n\nNote: This linter can be disabled with `set_option linter.style.longLine false`",
   "level": "warning"},
  {"message":
   "fast_verified_mul/toom3_bigO_draft.lean:619:100: This line exceeds the 100 character limit, please shorten it!\n\nNote: This linter can be disabled with `set_option linter.style.longLine false`",
   "level": "warning"},
  {"message":
   "fast_verified_mul/toom3_bigO_draft.lean:623:100: This line exceeds the 100 character limit, please shorten it!\n\nNote: This linter can be disabled with `set_option linter.style.longLine false`",
   "level": "warning"},
  {"message":
   "fast_verified_mul/toom3_bigO_draft.lean:624:100: This line exceeds the 100 character limit, please shorten it!\n\nNote: This linter can be disabled with `set_option linter.style.longLine false`",
   "level": "warning"},
  {"message":
   "fast_verified_mul/toom3_bigO_draft.lean:628:100: This line exceeds the 100 character limit, please shorten it!\n\nNote: This linter can be disabled with `set_option linter.style.longLine false`",
   "level": "warning"},
  {"message":
   "fast_verified_mul/toom3_bigO_draft.lean:629:100: This line exceeds the 100 character limit, please shorten it!\n\nNote: This linter can be disabled with `set_option linter.style.longLine false`",
   "level": "warning"},
  {"message":
   "fast_verified_mul/toom3_bigO_draft.lean:630:100: This line exceeds the 100 character limit, please shorten it!\n\nNote: This linter can be disabled with `set_option linter.style.longLine false`",
   "level": "warning"},
  {"message":
   "fast_verified_mul/toom3_bigO_draft.lean:633:100: This line exceeds the 100 character limit, please shorten it!\n\nNote: This linter can be disabled with `set_option linter.style.longLine false`",
   "level": "warning"},
  {"message":
   "fast_verified_mul/toom3_bigO_draft.lean:636:100: This line exceeds the 100 character limit, please shorten it!\n\nNote: This linter can be disabled with `set_option linter.style.longLine false`",
   "level": "warning"},
  {"message":
   "fast_verified_mul/toom3_bigO_draft.lean:658:100: This line exceeds the 100 character limit, please shorten it!\n\nNote: This linter can be disabled with `set_option linter.style.longLine false`",
   "level": "warning"},
  {"message":
   "fast_verified_mul/toom3_bigO_draft.lean:668:100: This line exceeds the 100 character limit, please shorten it!\n\nNote: This linter can be disabled with `set_option linter.style.longLine false`",
   "level": "warning"},
  {"message":
   "fast_verified_mul/toom3_bigO_draft.lean:674:2: The `refine'` tactic is discouraged: please strongly consider using `refine` or `apply` instead.\n\nNote: This linter can be disabled with `set_option linter.style.refine false`",
   "level": "warning"},
  {"message":
   "fast_verified_mul/toom3_bigO_draft.lean:690:100: This line exceeds the 100 character limit, please shorten it!\n\nNote: This linter can be disabled with `set_option linter.style.longLine false`",
   "level": "warning"},
  {"message":
   "fast_verified_mul/toom3_bigO_draft.lean:703:100: This line exceeds the 100 character limit, please shorten it!\n\nNote: This linter can be disabled with `set_option linter.style.longLine false`",
   "level": "warning"},
  {"message":
   "fast_verified_mul/toom3_bigO_draft.lean:704:100: This line exceeds the 100 character limit, please shorten it!\n\nNote: This linter can be disabled with `set_option linter.style.longLine false`",
   "level": "warning"},
  {"message":
   "fast_verified_mul/toom3_bigO_draft.lean:705:100: This line exceeds the 100 character limit, please shorten it!\n\nNote: This linter can be disabled with `set_option linter.style.longLine false`",
   "level": "warning"},
  {"message":
   "fast_verified_mul/toom3_bigO_draft.lean:716:100: This line exceeds the 100 character limit, please shorten it!\n\nNote: This linter can be disabled with `set_option linter.style.longLine false`",
   "level": "warning"},
  {"message":
   "fast_verified_mul/toom3_bigO_draft.lean:717:100: This line exceeds the 100 character limit, please shorten it!\n\nNote: This linter can be disabled with `set_option linter.style.longLine false`",
   "level": "warning"},
  {"message":
   "fast_verified_mul/toom3_bigO_draft.lean:719:100: This line exceeds the 100 character limit, please shorten it!\n\nNote: This linter can be disabled with `set_option linter.style.longLine false`",
   "level": "warning"},
  {"message":
   "fast_verified_mul/toom3_bigO_draft.lean:720:100: This line exceeds the 100 character limit, please shorten it!\n\nNote: This linter can be disabled with `set_option linter.style.longLine false`",
   "level": "warning"},
  {"message":
   "fast_verified_mul/toom3_bigO_draft.lean:738:18: The `refine'` tactic is discouraged: please strongly consider using `refine` or `apply` instead.\n\nNote: This linter can be disabled with `set_option linter.style.refine false`",
   "level": "warning"},
  {"message":
   "fast_verified_mul/toom3_bigO_draft.lean:739:8: The `refine'` tactic is discouraged: please strongly consider using `refine` or `apply` instead.\n\nNote: This linter can be disabled with `set_option linter.style.refine false`",
   "level": "warning"},
  {"message":
   "fast_verified_mul/toom3_bigO_draft.lean:745:8: The `refine'` tactic is discouraged: please strongly consider using `refine` or `apply` instead.\n\nNote: This linter can be disabled with `set_option linter.style.refine false`",
   "level": "warning"},
  {"message":
   "fast_verified_mul/toom3_bigO_draft.lean:746:8: The `refine'` tactic is discouraged: please strongly consider using `refine` or `apply` instead.\n\nNote: This linter can be disabled with `set_option linter.style.refine false`",
   "level": "warning"},
  {"message":
   "fast_verified_mul/toom3_bigO_draft.lean:747:8: The following tactic starts with 2 goals and ends with 1 goal, 1 of which is not operated on.\n  exact max a b\nPlease focus on the current goal, for instance using `·` (typed as \"\\.\").\n\nNote: This linter can be disabled with `set_option linter.style.multiGoal false`",
   "level": "warning"},
  {"message":
   "fast_verified_mul/toom3_bigO_draft.lean:735:100: This line exceeds the 100 character limit, please shorten it!\n\nNote: This linter can be disabled with `set_option linter.style.longLine false`",
   "level": "warning"},
  {"message":
   "fast_verified_mul/toom3_bigO_draft.lean:736:100: This line exceeds the 100 character limit, please shorten it!\n\nNote: This linter can be disabled with `set_option linter.style.longLine false`",
   "level": "warning"},
  {"message":
   "fast_verified_mul/toom3_bigO_draft.lean:737:100: This line exceeds the 100 character limit, please shorten it!\n\nNote: This linter can be disabled with `set_option linter.style.longLine false`",
   "level": "warning"},
  {"message":
   "fast_verified_mul/toom3_bigO_draft.lean:740:100: This line exceeds the 100 character limit, please shorten it!\n\nNote: This linter can be disabled with `set_option linter.style.longLine false`",
   "level": "warning"},
  {"message":
   "fast_verified_mul/toom3_bigO_draft.lean:743:100: This line exceeds the 100 character limit, please shorten it!\n\nNote: This linter can be disabled with `set_option linter.style.longLine false`",
   "level": "warning"},
  {"message":
   "fast_verified_mul/toom3_bigO_draft.lean:753:100: This line exceeds the 100 character limit, please shorten it!\n\nNote: This linter can be disabled with `set_option linter.style.longLine false`",
   "level": "warning"},
  {"message":
   "fast_verified_mul/toom3_bigO_draft.lean:755:100: This line exceeds the 100 character limit, please shorten it!\n\nNote: This linter can be disabled with `set_option linter.style.longLine false`",
   "level": "warning"},
  {"message":
   "fast_verified_mul/toom3_bigO_draft.lean:763:2: The `refine'` tactic is discouraged: please strongly consider using `refine` or `apply` instead.\n\nNote: This linter can be disabled with `set_option linter.style.refine false`",
   "level": "warning"},
  {"message":
   "fast_verified_mul/toom3_bigO_draft.lean:764:2: The `refine'` tactic is discouraged: please strongly consider using `refine` or `apply` instead.\n\nNote: This linter can be disabled with `set_option linter.style.refine false`",
   "level": "warning"},
  {"message":
   "fast_verified_mul/toom3_bigO_draft.lean:765:2: The `refine'` tactic is discouraged: please strongly consider using `refine` or `apply` instead.\n\nNote: This linter can be disabled with `set_option linter.style.refine false`",
   "level": "warning"},
  {"message":
   "fast_verified_mul/toom3_bigO_draft.lean:766:2: The `refine'` tactic is discouraged: please strongly consider using `refine` or `apply` instead.\n\nNote: This linter can be disabled with `set_option linter.style.refine false`",
   "level": "warning"},
  {"message":
   "fast_verified_mul/toom3_bigO_draft.lean:767:4: The `refine'` tactic is discouraged: please strongly consider using `refine` or `apply` instead.\n\nNote: This linter can be disabled with `set_option linter.style.refine false`",
   "level": "warning"},
  {"message":
   "fast_verified_mul/toom3_bigO_draft.lean:775:6: The `refine'` tactic is discouraged: please strongly consider using `refine` or `apply` instead.\n\nNote: This linter can be disabled with `set_option linter.style.refine false`",
   "level": "warning"},
  {"message":
   "fast_verified_mul/toom3_bigO_draft.lean:777:6: The `refine'` tactic is discouraged: please strongly consider using `refine` or `apply` instead.\n\nNote: This linter can be disabled with `set_option linter.style.refine false`",
   "level": "warning"},
  {"message":
   "fast_verified_mul/toom3_bigO_draft.lean:780:6: The `refine'` tactic is discouraged: please strongly consider using `refine` or `apply` instead.\n\nNote: This linter can be disabled with `set_option linter.style.refine false`",
   "level": "warning"},
  {"message":
   "fast_verified_mul/toom3_bigO_draft.lean:760:100: This line exceeds the 100 character limit, please shorten it!\n\nNote: This linter can be disabled with `set_option linter.style.longLine false`",
   "level": "warning"},
  {"message":
   "fast_verified_mul/toom3_bigO_draft.lean:761:100: This line exceeds the 100 character limit, please shorten it!\n\nNote: This linter can be disabled with `set_option linter.style.longLine false`",
   "level": "warning"},
  {"message":
   "fast_verified_mul/toom3_bigO_draft.lean:763:100: This line exceeds the 100 character limit, please shorten it!\n\nNote: This linter can be disabled with `set_option linter.style.longLine false`",
   "level": "warning"},
  {"message":
   "fast_verified_mul/toom3_bigO_draft.lean:767:100: This line exceeds the 100 character limit, please shorten it!\n\nNote: This linter can be disabled with `set_option linter.style.longLine false`",
   "level": "warning"},
  {"message":
   "fast_verified_mul/toom3_bigO_draft.lean:771:100: This line exceeds the 100 character limit, please shorten it!\n\nNote: This linter can be disabled with `set_option linter.style.longLine false`",
   "level": "warning"},
  {"message":
   "fast_verified_mul/toom3_bigO_draft.lean:774:100: This line exceeds the 100 character limit, please shorten it!\n\nNote: This linter can be disabled with `set_option linter.style.longLine false`",
   "level": "warning"},
  {"message":
   "fast_verified_mul/toom3_bigO_draft.lean:782:100: This line exceeds the 100 character limit, please shorten it!\n\nNote: This linter can be disabled with `set_option linter.style.longLine false`",
   "level": "warning"},
  {"message":
   "fast_verified_mul/toom3_bigO_draft.lean:788:2: The `refine'` tactic is discouraged: please strongly consider using `refine` or `apply` instead.\n\nNote: This linter can be disabled with `set_option linter.style.refine false`",
   "level": "warning"},
  {"message":
   "fast_verified_mul/toom3_bigO_draft.lean:790:4: The `refine'` tactic is discouraged: please strongly consider using `refine` or `apply` instead.\n\nNote: This linter can be disabled with `set_option linter.style.refine false`",
   "level": "warning"},
  {"message":
   "fast_verified_mul/toom3_bigO_draft.lean:791:6: The `refine'` tactic is discouraged: please strongly consider using `refine` or `apply` instead.\n\nNote: This linter can be disabled with `set_option linter.style.refine false`",
   "level": "warning"},
  {"message":
   "fast_verified_mul/toom3_bigO_draft.lean:792:6: The `refine'` tactic is discouraged: please strongly consider using `refine` or `apply` instead.\n\nNote: This linter can be disabled with `set_option linter.style.refine false`",
   "level": "warning"},
  {"message":
   "fast_verified_mul/toom3_bigO_draft.lean:794:6: The `refine'` tactic is discouraged: please strongly consider using `refine` or `apply` instead.\n\nNote: This linter can be disabled with `set_option linter.style.refine false`",
   "level": "warning"},
  {"message":
   "fast_verified_mul/toom3_bigO_draft.lean:789:2: The following tactic starts with 3 goals and ends with 2 goals, 2 of which are not operated on.\n  exact ((max a b).size + 2) / 3\nPlease focus on the current goal, for instance using `·` (typed as \"\\.\").\n\nNote: This linter can be disabled with `set_option linter.style.multiGoal false`",
   "level": "warning"},
  {"message":
   "fast_verified_mul/toom3_bigO_draft.lean:795:100: This line exceeds the 100 character limit, please shorten it!\n\nNote: This linter can be disabled with `set_option linter.style.longLine false`",
   "level": "warning"},
  {"message":
   "fast_verified_mul/toom3_bigO_draft.lean:828:100: This line exceeds the 100 character limit, please shorten it!\n\nNote: This linter can be disabled with `set_option linter.style.longLine false`",
   "level": "warning"}],
 "inputs":
 [["fast_verified_mul.toom3_bigO_draft:deps",
   [["deps",
     [["fast_verified_mul/fast_verified_mul:extraDep",
       [["@fast_verified_mul:extraDep", "00000000000006bb"]]],
      ["imports",
       [["Mathlib transitive imports (legacy)", "abc115b3312ed7dd"],
        ["Mathlib:importAllArts", "ae402e6d874ae9a0"],
        ["Cslib.Algorithms.Lean.TimeM transitive imports (legacy)",
         "df786a6867cc629f"],
        ["Cslib.Algorithms.Lean.TimeM:importAllArts", "b80b7377045f24b1"]]]]],
    ["libs",
     [["import dynlibs", "00000000000006bb"],
      ["package external libraries", "00000000000006bb"],
      ["module dynlibs", "00000000000006bb"],
      ["module plugins", "00000000000006bb"]]]]],
  ["Lean 4.30.0, commit 3dc1a088b6d2d8eafe25a7cd7ec7b58d731bd7cc",
   "2c8d2623007dfc36"],
  ["/home/n/Documents/github/verified_mul_dcv/fast_verified_mul/toom3_bigO_draft.lean",
   "88adbae3e6ae92d2"],
  ["options",
   [["-DmaxSynthPendingDepth=3", "c78e353d34de85d4"],
    ["-Dweak.linter.mathlibStandardSet=true", "8a155799906f2b42"],
    ["-DrelaxedAutoImplicit=false", "74a2b5546b55be80"],
    ["-Dpp.unicode.fun=true", "9b94070140457fab"]]],
  ["isModule: false", "feefd2a0d3a1847e"],
  ["Module.name: fast_verified_mul.toom3_bigO_draft", "67f709e03e9fac04"],
  ["Package.id?: (some fast_verified_mul)", "69bf6ad753670a8e"],
  ["Module.leanArgs: #[]", "00000000000006bb"]],
 "depHash": "11a931f6b13d93e0"}